12:53:03 | INFO | Run: d50_gated
12:53:03 | INFO | Variant: gated
12:53:03 | INFO | Config: runs/d50_gated/config.json
12:53:03 | INFO | Device: cuda
12:53:04 | INFO | Data: train=45000  val=5000
12:53:05 | INFO | Model: gated depth=50  params=3,909,706
12:53:08 | INFO | NumExpr defaulting to 12 threads.
12:54:16 | INFO | Epoch   1/200  loss=2.2360  train_err=83.09%  val_err=81.78%  lr=2.01e-02  time=66.2s
12:55:22 | INFO | Epoch   2/200  loss=1.8910  train_err=68.17%  val_err=61.70%  lr=4.01e-02  time=65.3s
12:56:28 | INFO | Epoch   3/200  loss=1.4029  train_err=51.83%  val_err=44.20%  lr=6.00e-02  time=65.3s
12:57:34 | INFO | Epoch   4/200  loss=1.1254  train_err=40.77%  val_err=38.00%  lr=8.00e-02  time=65.3s
12:58:39 | INFO | Epoch   5/200  loss=0.9738  train_err=35.05%  val_err=53.70%  lr=1.00e-01  time=65.3s
12:59:45 | INFO | Epoch   6/200  loss=0.8709  train_err=31.02%  val_err=38.14%  lr=1.00e-01  time=65.3s
13:00:51 | INFO | Epoch   7/200  loss=0.7444  train_err=26.27%  val_err=37.78%  lr=1.00e-01  time=65.3s
13:01:56 | INFO | Epoch   8/200  loss=0.6535  train_err=22.74%  val_err=42.20%  lr=1.00e-01  time=65.3s
13:03:02 | INFO | Epoch   9/200  loss=0.5903  train_err=20.58%  val_err=23.48%  lr=1.00e-01  time=65.3s
13:04:08 | INFO | Epoch  10/200  loss=0.5394  train_err=18.55%  val_err=25.24%  lr=1.00e-01  time=65.3s
13:05:13 | INFO | Epoch  11/200  loss=0.5036  train_err=17.25%  val_err=20.82%  lr=1.00e-01  time=65.3s
13:06:19 | INFO | Epoch  12/200  loss=0.4704  train_err=16.04%  val_err=42.86%  lr=1.00e-01  time=65.3s
13:07:24 | INFO | Epoch  13/200  loss=0.4476  train_err=15.40%  val_err=21.68%  lr=1.00e-01  time=65.3s
13:08:31 | INFO | Epoch  14/200  loss=0.4140  train_err=14.23%  val_err=19.24%  lr=1.00e-01  time=65.7s
13:09:36 | INFO | Epoch  15/200  loss=0.3942  train_err=13.50%  val_err=19.90%  lr=1.00e-01  time=65.3s
13:10:42 | INFO | Epoch  16/200  loss=0.3782  train_err=12.89%  val_err=22.56%  lr=1.00e-01  time=65.3s
13:11:47 | INFO | Epoch  17/200  loss=0.3662  train_err=12.55%  val_err=26.82%  lr=1.00e-01  time=65.3s
13:12:53 | INFO | Epoch  18/200  loss=0.3528  train_err=12.06%  val_err=17.68%  lr=1.00e-01  time=65.3s
13:13:59 | INFO | Epoch  19/200  loss=0.3387  train_err=11.74%  val_err=16.38%  lr=1.00e-01  time=65.3s
13:15:04 | INFO | Epoch  20/200  loss=0.3246  train_err=11.23%  val_err=16.36%  lr=1.00e-01  time=65.3s
13:16:10 | INFO | Epoch  21/200  loss=0.3051  train_err=10.61%  val_err=16.90%  lr=1.00e-01  time=65.7s
13:17:16 | INFO | Epoch  22/200  loss=0.3074  train_err=10.49%  val_err=15.80%  lr=1.00e-01  time=65.3s
13:18:21 | INFO | Epoch  23/200  loss=0.2850  train_err=9.84%  val_err=18.32%  lr=1.00e-01  time=65.3s
13:19:27 | INFO | Epoch  24/200  loss=0.2793  train_err=9.64%  val_err=22.52%  lr=1.00e-01  time=65.3s
13:20:33 | INFO | Epoch  25/200  loss=0.2764  train_err=9.54%  val_err=14.46%  lr=1.00e-01  time=65.3s
13:21:38 | INFO | Epoch  26/200  loss=0.2653  train_err=9.10%  val_err=17.62%  lr=1.00e-01  time=65.3s
13:22:44 | INFO | Epoch  27/200  loss=0.2584  train_err=8.89%  val_err=20.12%  lr=1.00e-01  time=65.3s
13:23:50 | INFO | Epoch  28/200  loss=0.2446  train_err=8.48%  val_err=13.46%  lr=1.00e-01  time=65.6s
13:24:55 | INFO | Epoch  29/200  loss=0.2442  train_err=8.41%  val_err=16.48%  lr=1.00e-01  time=65.3s
13:26:01 | INFO | Epoch  30/200  loss=0.2393  train_err=8.27%  val_err=16.26%  lr=1.00e-01  time=65.3s
13:27:06 | INFO | Epoch  31/200  loss=0.2344  train_err=8.13%  val_err=26.52%  lr=1.00e-01  time=65.3s
13:28:12 | INFO | Epoch  32/200  loss=0.2294  train_err=8.07%  val_err=20.26%  lr=1.00e-01  time=65.3s
13:29:18 | INFO | Epoch  33/200  loss=0.2248  train_err=7.82%  val_err=23.14%  lr=1.00e-01  time=65.3s
13:30:23 | INFO | Epoch  34/200  loss=0.2149  train_err=7.55%  val_err=18.02%  lr=1.00e-01  time=65.3s
13:31:29 | INFO | Epoch  35/200  loss=0.2134  train_err=7.45%  val_err=14.80%  lr=1.00e-01  time=65.7s
13:32:35 | INFO | Epoch  36/200  loss=0.2101  train_err=7.33%  val_err=16.70%  lr=1.00e-01  time=65.3s
13:33:40 | INFO | Epoch  37/200  loss=0.2041  train_err=7.06%  val_err=18.70%  lr=1.00e-01  time=65.3s
13:34:46 | INFO | Epoch  38/200  loss=0.2064  train_err=7.13%  val_err=15.38%  lr=1.00e-01  time=65.3s
13:35:51 | INFO | Epoch  39/200  loss=0.1935  train_err=6.83%  val_err=19.60%  lr=1.00e-01  time=65.3s
13:36:57 | INFO | Epoch  40/200  loss=0.2004  train_err=6.98%  val_err=15.22%  lr=1.00e-01  time=65.3s
13:38:02 | INFO | Epoch  41/200  loss=0.2005  train_err=7.02%  val_err=12.90%  lr=1.00e-01  time=65.3s
13:39:08 | INFO | Epoch  42/200  loss=0.1847  train_err=6.40%  val_err=14.30%  lr=1.00e-01  time=65.7s
13:40:14 | INFO | Epoch  43/200  loss=0.1879  train_err=6.63%  val_err=14.64%  lr=1.00e-01  time=65.3s
13:41:19 | INFO | Epoch  44/200  loss=0.1873  train_err=6.65%  val_err=19.48%  lr=1.00e-01  time=65.3s
13:42:25 | INFO | Epoch  45/200  loss=0.1780  train_err=6.11%  val_err=20.44%  lr=1.00e-01  time=65.3s
13:43:30 | INFO | Epoch  46/200  loss=0.1856  train_err=6.52%  val_err=15.94%  lr=1.00e-01  time=65.3s
13:44:36 | INFO | Epoch  47/200  loss=0.1732  train_err=6.02%  val_err=15.98%  lr=1.00e-01  time=65.3s
13:45:42 | INFO | Epoch  48/200  loss=0.1729  train_err=5.99%  val_err=17.60%  lr=1.00e-01  time=65.6s
13:46:47 | INFO | Epoch  49/200  loss=0.1726  train_err=6.07%  val_err=18.92%  lr=1.00e-01  time=65.3s
13:47:53 | INFO | Epoch  50/200  loss=0.1668  train_err=5.74%  val_err=13.68%  lr=1.00e-01  time=65.3s
13:48:58 | INFO | Epoch  51/200  loss=0.1694  train_err=5.92%  val_err=18.52%  lr=1.00e-01  time=65.3s
13:50:04 | INFO | Epoch  52/200  loss=0.1779  train_err=6.19%  val_err=13.36%  lr=1.00e-01  time=65.3s
13:51:09 | INFO | Epoch  53/200  loss=0.1550  train_err=5.48%  val_err=16.54%  lr=1.00e-01  time=65.3s
13:52:15 | INFO | Epoch  54/200  loss=0.1749  train_err=6.22%  val_err=19.42%  lr=1.00e-01  time=65.3s
13:53:21 | INFO | Epoch  55/200  loss=0.1606  train_err=5.49%  val_err=17.00%  lr=1.00e-01  time=65.7s
13:54:26 | INFO | Epoch  56/200  loss=0.1609  train_err=5.68%  val_err=23.68%  lr=1.00e-01  time=65.3s
13:55:32 | INFO | Epoch  57/200  loss=0.1631  train_err=5.70%  val_err=14.80%  lr=1.00e-01  time=65.3s
13:56:37 | INFO | Epoch  58/200  loss=0.1484  train_err=5.15%  val_err=19.12%  lr=1.00e-01  time=65.3s
13:57:43 | INFO | Epoch  59/200  loss=0.1557  train_err=5.44%  val_err=13.02%  lr=1.00e-01  time=65.3s
13:58:48 | INFO | Epoch  60/200  loss=0.1672  train_err=5.90%  val_err=17.06%  lr=1.00e-01  time=65.3s
13:59:54 | INFO | Epoch  61/200  loss=0.1557  train_err=5.49%  val_err=18.96%  lr=1.00e-01  time=65.3s
14:01:00 | INFO | Epoch  62/200  loss=0.1468  train_err=5.23%  val_err=18.20%  lr=1.00e-01  time=65.7s
14:02:06 | INFO | Epoch  63/200  loss=0.1483  train_err=5.32%  val_err=12.70%  lr=1.00e-01  time=65.3s
14:03:11 | INFO | Epoch  64/200  loss=0.1458  train_err=5.16%  val_err=12.80%  lr=1.00e-01  time=65.3s
14:04:17 | INFO | Epoch  65/200  loss=0.1421  train_err=4.91%  val_err=18.20%  lr=1.00e-01  time=65.3s
14:05:22 | INFO | Epoch  66/200  loss=0.1541  train_err=5.45%  val_err=15.16%  lr=1.00e-01  time=65.3s
14:06:28 | INFO | Epoch  67/200  loss=0.1451  train_err=5.03%  val_err=15.36%  lr=1.00e-01  time=65.3s
14:07:33 | INFO | Epoch  68/200  loss=0.1472  train_err=5.12%  val_err=17.62%  lr=1.00e-01  time=65.3s
14:08:39 | INFO | Epoch  69/200  loss=0.1434  train_err=4.99%  val_err=16.58%  lr=1.00e-01  time=65.7s
14:09:45 | INFO | Epoch  70/200  loss=0.1405  train_err=4.84%  val_err=14.70%  lr=1.00e-01  time=65.3s
14:10:50 | INFO | Epoch  71/200  loss=0.1417  train_err=5.03%  val_err=12.48%  lr=1.00e-01  time=65.3s
14:11:56 | INFO | Epoch  72/200  loss=0.1295  train_err=4.53%  val_err=15.38%  lr=1.00e-01  time=65.3s
14:13:01 | INFO | Epoch  73/200  loss=0.1410  train_err=4.95%  val_err=19.24%  lr=1.00e-01  time=65.3s
14:14:07 | INFO | Epoch  74/200  loss=0.1437  train_err=5.11%  val_err=18.70%  lr=1.00e-01  time=65.3s
14:15:13 | INFO | Epoch  75/200  loss=0.1421  train_err=4.97%  val_err=15.70%  lr=1.00e-01  time=65.3s
14:16:18 | INFO | Epoch  76/200  loss=0.1321  train_err=4.61%  val_err=17.40%  lr=1.00e-01  time=65.7s
14:17:24 | INFO | Epoch  77/200  loss=0.1395  train_err=4.87%  val_err=17.62%  lr=1.00e-01  time=65.3s
14:18:29 | INFO | Epoch  78/200  loss=0.1322  train_err=4.57%  val_err=17.94%  lr=1.00e-01  time=65.3s
14:19:35 | INFO | Epoch  79/200  loss=0.1329  train_err=4.63%  val_err=22.62%  lr=1.00e-01  time=65.3s
14:20:40 | INFO | Epoch  80/200  loss=0.1398  train_err=4.90%  val_err=17.28%  lr=1.00e-01  time=65.3s
14:21:46 | INFO | Epoch  81/200  loss=0.1375  train_err=4.85%  val_err=16.38%  lr=1.00e-01  time=65.3s
14:22:52 | INFO | Epoch  82/200  loss=0.1261  train_err=4.46%  val_err=13.56%  lr=1.00e-01  time=65.3s
14:23:57 | INFO | Epoch  83/200  loss=0.1448  train_err=4.99%  val_err=24.12%  lr=1.00e-01  time=65.7s
14:25:03 | INFO | Epoch  84/200  loss=0.1297  train_err=4.45%  val_err=14.18%  lr=1.00e-01  time=65.3s
14:26:09 | INFO | Epoch  85/200  loss=0.1372  train_err=4.79%  val_err=15.08%  lr=1.00e-01  time=65.3s
14:27:14 | INFO | Epoch  86/200  loss=0.1259  train_err=4.40%  val_err=16.38%  lr=1.00e-01  time=65.3s
14:28:20 | INFO | Epoch  87/200  loss=0.1256  train_err=4.38%  val_err=19.76%  lr=1.00e-01  time=65.3s
14:29:25 | INFO | Epoch  88/200  loss=0.1308  train_err=4.50%  val_err=14.24%  lr=1.00e-01  time=65.3s
14:30:31 | INFO | Epoch  89/200  loss=0.1269  train_err=4.39%  val_err=16.16%  lr=1.00e-01  time=65.3s
14:31:37 | INFO | Epoch  90/200  loss=0.1265  train_err=4.40%  val_err=15.12%  lr=1.00e-01  time=65.7s
14:32:42 | INFO | Epoch  91/200  loss=0.1250  train_err=4.37%  val_err=12.24%  lr=1.00e-01  time=65.3s
14:33:48 | INFO | Epoch  92/200  loss=0.1345  train_err=4.56%  val_err=13.38%  lr=1.00e-01  time=65.3s
14:34:53 | INFO | Epoch  93/200  loss=0.1311  train_err=4.60%  val_err=12.74%  lr=1.00e-01  time=65.3s
14:35:59 | INFO | Epoch  94/200  loss=0.1253  train_err=4.34%  val_err=15.82%  lr=1.00e-01  time=65.3s
14:37:04 | INFO | Epoch  95/200  loss=0.1265  train_err=4.31%  val_err=16.78%  lr=1.00e-01  time=65.3s
14:38:10 | INFO | Epoch  96/200  loss=0.1201  train_err=4.21%  val_err=15.26%  lr=1.00e-01  time=65.3s
14:39:16 | INFO | Epoch  97/200  loss=0.1264  train_err=4.50%  val_err=13.36%  lr=1.00e-01  time=65.7s
14:40:21 | INFO | Epoch  98/200  loss=0.1220  train_err=4.25%  val_err=20.74%  lr=1.00e-01  time=65.3s
14:41:27 | INFO | Epoch  99/200  loss=0.1243  train_err=4.26%  val_err=19.20%  lr=1.00e-01  time=65.3s
14:42:32 | INFO | Epoch 100/200  loss=0.1239  train_err=4.25%  val_err=19.06%  lr=1.00e-02  time=65.3s
14:43:38 | INFO | Epoch 101/200  loss=0.0458  train_err=1.49%  val_err=7.34%  lr=1.00e-02  time=65.3s
14:44:44 | INFO | Epoch 102/200  loss=0.0238  train_err=0.59%  val_err=7.16%  lr=1.00e-02  time=65.3s
14:45:50 | INFO | Epoch 103/200  loss=0.0176  train_err=0.40%  val_err=7.12%  lr=1.00e-02  time=65.3s
14:46:56 | INFO | Epoch 104/200  loss=0.0135  train_err=0.27%  val_err=7.06%  lr=1.00e-02  time=65.3s
14:48:01 | INFO | Epoch 105/200  loss=0.0119  train_err=0.24%  val_err=6.86%  lr=1.00e-02  time=65.3s
14:49:07 | INFO | Epoch 106/200  loss=0.0106  train_err=0.18%  val_err=6.90%  lr=1.00e-02  time=65.3s
14:50:13 | INFO | Epoch 107/200  loss=0.0098  train_err=0.16%  val_err=6.76%  lr=1.00e-02  time=65.3s
14:51:18 | INFO | Epoch 108/200  loss=0.0082  train_err=0.12%  val_err=6.96%  lr=1.00e-02  time=65.3s
14:52:24 | INFO | Epoch 109/200  loss=0.0076  train_err=0.11%  val_err=6.78%  lr=1.00e-02  time=65.3s
14:53:30 | INFO | Epoch 110/200  loss=0.0069  train_err=0.09%  val_err=6.72%  lr=1.00e-02  time=65.7s
14:54:35 | INFO | Epoch 111/200  loss=0.0069  train_err=0.09%  val_err=6.86%  lr=1.00e-02  time=65.3s
14:55:41 | INFO | Epoch 112/200  loss=0.0065  train_err=0.09%  val_err=6.94%  lr=1.00e-02  time=65.3s
14:56:46 | INFO | Epoch 113/200  loss=0.0062  train_err=0.08%  val_err=6.74%  lr=1.00e-02  time=65.3s
14:57:52 | INFO | Epoch 114/200  loss=0.0053  train_err=0.05%  val_err=6.92%  lr=1.00e-02  time=65.3s
14:58:58 | INFO | Epoch 115/200  loss=0.0054  train_err=0.07%  val_err=6.82%  lr=1.00e-02  time=65.3s
15:00:03 | INFO | Epoch 116/200  loss=0.0051  train_err=0.07%  val_err=6.70%  lr=1.00e-02  time=65.3s
15:01:09 | INFO | Epoch 117/200  loss=0.0049  train_err=0.06%  val_err=6.70%  lr=1.00e-02  time=65.7s
15:02:15 | INFO | Epoch 118/200  loss=0.0046  train_err=0.06%  val_err=6.72%  lr=1.00e-02  time=65.3s
15:03:20 | INFO | Epoch 119/200  loss=0.0039  train_err=0.04%  val_err=6.64%  lr=1.00e-02  time=65.3s
15:04:26 | INFO | Epoch 120/200  loss=0.0042  train_err=0.02%  val_err=6.86%  lr=1.00e-02  time=65.3s
15:05:31 | INFO | Epoch 121/200  loss=0.0041  train_err=0.03%  val_err=6.74%  lr=1.00e-02  time=65.3s
15:06:37 | INFO | Epoch 122/200  loss=0.0038  train_err=0.04%  val_err=6.68%  lr=1.00e-02  time=65.3s
15:07:43 | INFO | Epoch 123/200  loss=0.0037  train_err=0.04%  val_err=6.80%  lr=1.00e-02  time=65.3s
15:08:49 | INFO | Epoch 124/200  loss=0.0037  train_err=0.04%  val_err=6.54%  lr=1.00e-02  time=65.6s
15:09:54 | INFO | Epoch 125/200  loss=0.0034  train_err=0.02%  val_err=6.52%  lr=1.00e-02  time=65.3s
15:11:00 | INFO | Epoch 126/200  loss=0.0035  train_err=0.04%  val_err=6.78%  lr=1.00e-02  time=65.3s
15:12:06 | INFO | Epoch 127/200  loss=0.0033  train_err=0.03%  val_err=6.66%  lr=1.00e-02  time=65.3s
15:13:11 | INFO | Epoch 128/200  loss=0.0033  train_err=0.03%  val_err=6.60%  lr=1.00e-02  time=65.3s
15:14:17 | INFO | Epoch 129/200  loss=0.0030  train_err=0.01%  val_err=6.70%  lr=1.00e-02  time=65.3s
15:15:22 | INFO | Epoch 130/200  loss=0.0029  train_err=0.02%  val_err=6.74%  lr=1.00e-02  time=65.3s
15:16:28 | INFO | Epoch 131/200  loss=0.0031  train_err=0.04%  val_err=6.58%  lr=1.00e-02  time=65.7s
15:17:34 | INFO | Epoch 132/200  loss=0.0029  train_err=0.02%  val_err=6.64%  lr=1.00e-02  time=65.3s
15:18:39 | INFO | Epoch 133/200  loss=0.0028  train_err=0.03%  val_err=6.72%  lr=1.00e-02  time=65.3s
15:19:45 | INFO | Epoch 134/200  loss=0.0028  train_err=0.02%  val_err=6.60%  lr=1.00e-02  time=65.3s
15:20:50 | INFO | Epoch 135/200  loss=0.0029  train_err=0.02%  val_err=6.70%  lr=1.00e-02  time=65.3s
15:21:56 | INFO | Epoch 136/200  loss=0.0026  train_err=0.02%  val_err=6.58%  lr=1.00e-02  time=65.3s
15:23:01 | INFO | Epoch 137/200  loss=0.0023  train_err=0.01%  val_err=6.58%  lr=1.00e-02  time=65.3s
15:24:07 | INFO | Epoch 138/200  loss=0.0023  train_err=0.00%  val_err=6.66%  lr=1.00e-02  time=65.6s
15:25:13 | INFO | Epoch 139/200  loss=0.0024  train_err=0.01%  val_err=6.56%  lr=1.00e-02  time=65.3s
15:26:18 | INFO | Epoch 140/200  loss=0.0025  train_err=0.02%  val_err=6.48%  lr=1.00e-02  time=65.3s
15:27:24 | INFO | Epoch 141/200  loss=0.0022  train_err=0.02%  val_err=6.74%  lr=1.00e-02  time=65.3s
15:28:29 | INFO | Epoch 142/200  loss=0.0020  train_err=0.01%  val_err=6.66%  lr=1.00e-02  time=65.3s
15:29:35 | INFO | Epoch 143/200  loss=0.0023  train_err=0.02%  val_err=6.38%  lr=1.00e-02  time=65.3s
15:30:41 | INFO | Epoch 144/200  loss=0.0022  train_err=0.01%  val_err=6.62%  lr=1.00e-02  time=65.7s
15:31:47 | INFO | Epoch 145/200  loss=0.0023  train_err=0.01%  val_err=6.78%  lr=1.00e-02  time=65.3s
15:32:52 | INFO | Epoch 146/200  loss=0.0024  train_err=0.01%  val_err=6.62%  lr=1.00e-02  time=65.3s
15:33:58 | INFO | Epoch 147/200  loss=0.0022  train_err=0.02%  val_err=6.74%  lr=1.00e-02  time=65.3s
15:35:03 | INFO | Epoch 148/200  loss=0.0020  train_err=0.01%  val_err=6.66%  lr=1.00e-02  time=65.3s
15:36:09 | INFO | Epoch 149/200  loss=0.0021  train_err=0.01%  val_err=6.68%  lr=1.00e-02  time=65.3s
15:37:14 | INFO | Epoch 150/200  loss=0.0021  train_err=0.01%  val_err=6.78%  lr=1.00e-03  time=65.3s
15:38:20 | INFO | Epoch 151/200  loss=0.0021  train_err=0.01%  val_err=6.78%  lr=1.00e-03  time=65.7s
15:39:26 | INFO | Epoch 152/200  loss=0.0019  train_err=0.01%  val_err=6.76%  lr=1.00e-03  time=65.3s
15:40:31 | INFO | Epoch 153/200  loss=0.0020  train_err=0.01%  val_err=6.68%  lr=1.00e-03  time=65.3s
15:41:37 | INFO | Epoch 154/200  loss=0.0019  train_err=0.02%  val_err=6.58%  lr=1.00e-03  time=65.3s
15:42:42 | INFO | Epoch 155/200  loss=0.0019  train_err=0.00%  val_err=6.76%  lr=1.00e-03  time=65.3s
15:43:48 | INFO | Epoch 156/200  loss=0.0020  train_err=0.01%  val_err=6.80%  lr=1.00e-03  time=65.3s
15:44:53 | INFO | Epoch 157/200  loss=0.0019  train_err=0.01%  val_err=6.68%  lr=1.00e-03  time=65.3s
15:45:59 | INFO | Epoch 158/200  loss=0.0019  train_err=0.00%  val_err=6.70%  lr=1.00e-03  time=65.7s
15:47:05 | INFO | Epoch 159/200  loss=0.0019  train_err=0.01%  val_err=6.64%  lr=1.00e-03  time=65.3s
15:48:10 | INFO | Epoch 160/200  loss=0.0018  train_err=0.01%  val_err=6.48%  lr=1.00e-03  time=65.3s
15:49:16 | INFO | Epoch 161/200  loss=0.0019  train_err=0.01%  val_err=6.84%  lr=1.00e-03  time=65.3s
15:50:21 | INFO | Epoch 162/200  loss=0.0020  train_err=0.02%  val_err=6.70%  lr=1.00e-03  time=65.3s
15:51:27 | INFO | Epoch 163/200  loss=0.0018  train_err=0.01%  val_err=6.68%  lr=1.00e-03  time=65.3s
15:52:32 | INFO | Epoch 164/200  loss=0.0019  train_err=0.01%  val_err=6.88%  lr=1.00e-03  time=65.3s
15:53:38 | INFO | Epoch 165/200  loss=0.0019  train_err=0.00%  val_err=6.82%  lr=1.00e-03  time=65.6s
15:54:43 | INFO | Epoch 166/200  loss=0.0018  train_err=0.00%  val_err=6.66%  lr=1.00e-03  time=65.3s
15:55:49 | INFO | Epoch 167/200  loss=0.0019  train_err=0.01%  val_err=6.62%  lr=1.00e-03  time=65.3s
15:56:55 | INFO | Epoch 168/200  loss=0.0018  train_err=0.01%  val_err=6.76%  lr=1.00e-03  time=65.3s
15:58:00 | INFO | Epoch 169/200  loss=0.0019  train_err=0.01%  val_err=6.62%  lr=1.00e-03  time=65.3s
15:59:06 | INFO | Epoch 170/200  loss=0.0018  train_err=0.00%  val_err=6.62%  lr=1.00e-03  time=65.3s
16:00:11 | INFO | Epoch 171/200  loss=0.0018  train_err=0.00%  val_err=6.58%  lr=1.00e-03  time=65.3s
16:01:17 | INFO | Epoch 172/200  loss=0.0018  train_err=0.01%  val_err=6.70%  lr=1.00e-03  time=65.6s
16:02:22 | INFO | Epoch 173/200  loss=0.0018  train_err=0.00%  val_err=6.62%  lr=1.00e-03  time=65.3s
16:03:28 | INFO | Epoch 174/200  loss=0.0017  train_err=0.00%  val_err=6.64%  lr=1.00e-03  time=65.3s
16:04:34 | INFO | Epoch 175/200  loss=0.0019  train_err=0.02%  val_err=6.60%  lr=1.00e-03  time=65.3s
16:05:39 | INFO | Epoch 176/200  loss=0.0018  train_err=0.01%  val_err=6.66%  lr=1.00e-03  time=65.3s
16:06:45 | INFO | Epoch 177/200  loss=0.0018  train_err=0.00%  val_err=6.64%  lr=1.00e-03  time=65.3s
16:07:50 | INFO | Epoch 178/200  loss=0.0018  train_err=0.01%  val_err=6.56%  lr=1.00e-03  time=65.6s
16:08:56 | INFO | Epoch 179/200  loss=0.0019  train_err=0.01%  val_err=6.60%  lr=1.00e-03  time=65.3s
16:10:01 | INFO | Epoch 180/200  loss=0.0018  train_err=0.00%  val_err=6.68%  lr=1.00e-03  time=65.3s
16:11:07 | INFO | Epoch 181/200  loss=0.0018  train_err=0.01%  val_err=6.62%  lr=1.00e-03  time=65.3s
16:12:13 | INFO | Epoch 182/200  loss=0.0016  train_err=0.00%  val_err=6.60%  lr=1.00e-03  time=65.3s
16:13:18 | INFO | Epoch 183/200  loss=0.0019  train_err=0.01%  val_err=6.58%  lr=1.00e-03  time=65.3s
16:14:24 | INFO | Epoch 184/200  loss=0.0018  train_err=0.01%  val_err=6.72%  lr=1.00e-03  time=65.3s
16:15:29 | INFO | Epoch 185/200  loss=0.0018  train_err=0.01%  val_err=6.64%  lr=1.00e-03  time=65.7s
16:16:35 | INFO | Epoch 186/200  loss=0.0018  train_err=0.01%  val_err=6.66%  lr=1.00e-03  time=65.3s
16:17:41 | INFO | Epoch 187/200  loss=0.0018  train_err=0.00%  val_err=6.66%  lr=1.00e-03  time=65.3s
16:18:46 | INFO | Epoch 188/200  loss=0.0019  train_err=0.01%  val_err=6.72%  lr=1.00e-03  time=65.3s
16:19:52 | INFO | Epoch 189/200  loss=0.0017  train_err=0.00%  val_err=6.78%  lr=1.00e-03  time=65.3s
16:20:57 | INFO | Epoch 190/200  loss=0.0017  train_err=0.00%  val_err=6.60%  lr=1.00e-03  time=65.3s
16:22:03 | INFO | Epoch 191/200  loss=0.0016  train_err=0.00%  val_err=6.72%  lr=1.00e-03  time=65.3s
16:23:09 | INFO | Epoch 192/200  loss=0.0017  train_err=0.00%  val_err=6.64%  lr=1.00e-03  time=65.7s
16:24:14 | INFO | Epoch 193/200  loss=0.0018  train_err=0.01%  val_err=6.70%  lr=1.00e-03  time=65.3s
16:25:20 | INFO | Epoch 194/200  loss=0.0016  train_err=0.00%  val_err=6.56%  lr=1.00e-03  time=65.3s
16:26:25 | INFO | Epoch 195/200  loss=0.0020  train_err=0.01%  val_err=6.68%  lr=1.00e-03  time=65.3s
16:27:31 | INFO | Epoch 196/200  loss=0.0018  train_err=0.01%  val_err=6.60%  lr=1.00e-03  time=65.3s
16:28:36 | INFO | Epoch 197/200  loss=0.0016  train_err=0.00%  val_err=6.88%  lr=1.00e-03  time=65.3s
16:29:42 | INFO | Epoch 198/200  loss=0.0017  train_err=0.01%  val_err=6.72%  lr=1.00e-03  time=65.3s
16:30:48 | INFO | Epoch 199/200  loss=0.0016  train_err=0.01%  val_err=6.68%  lr=1.00e-03  time=65.7s
16:31:53 | INFO | Epoch 200/200  loss=0.0018  train_err=0.02%  val_err=6.76%  lr=1.00e-03  time=65.3s
16:31:53 | INFO | Training complete. Best val acc@1: 93.62%
16:31:53 | INFO | Artifacts saved to: runs/d50_gated
16:31:53 | INFO | To test the model, run: python scripts/test.py --checkpoint runs/d50_gated/best.pt --config runs/d50_gated/config.json
