00:10:53 | INFO | Run: d50_scaled
00:10:53 | INFO | Variant: scaled
00:10:53 | INFO | Config: runs/d50_scaled/config.json
00:10:53 | INFO | Device: cuda
00:10:55 | INFO | Data: train=45000  val=5000
00:10:55 | INFO | Model: scaled depth=50  params=3,704,906
00:10:58 | INFO | NumExpr defaulting to 12 threads.
00:11:56 | INFO | Epoch   1/200  loss=2.2403  train_err=84.28%  val_err=79.94%  lr=2.01e-02  time=55.4s
00:12:51 | INFO | Epoch   2/200  loss=2.0340  train_err=71.30%  val_err=60.50%  lr=4.01e-02  time=55.3s
00:13:46 | INFO | Epoch   3/200  loss=1.4273  train_err=53.08%  val_err=46.80%  lr=6.00e-02  time=54.8s
00:14:42 | INFO | Epoch   4/200  loss=1.1372  train_err=41.19%  val_err=40.54%  lr=8.00e-02  time=54.8s
00:15:37 | INFO | Epoch   5/200  loss=0.9670  train_err=34.86%  val_err=40.94%  lr=1.00e-01  time=54.8s
00:16:32 | INFO | Epoch   6/200  loss=0.8548  train_err=30.34%  val_err=31.44%  lr=1.00e-01  time=54.9s
00:17:27 | INFO | Epoch   7/200  loss=0.7405  train_err=25.96%  val_err=28.04%  lr=1.00e-01  time=54.9s
00:18:22 | INFO | Epoch   8/200  loss=0.6568  train_err=22.85%  val_err=23.84%  lr=1.00e-01  time=54.8s
00:19:17 | INFO | Epoch   9/200  loss=0.6013  train_err=20.93%  val_err=27.12%  lr=1.00e-01  time=54.8s
00:20:12 | INFO | Epoch  10/200  loss=0.5424  train_err=18.78%  val_err=25.22%  lr=1.00e-01  time=54.8s
00:21:08 | INFO | Epoch  11/200  loss=0.5047  train_err=17.31%  val_err=20.66%  lr=1.00e-01  time=54.8s
00:22:03 | INFO | Epoch  12/200  loss=0.4728  train_err=16.17%  val_err=22.12%  lr=1.00e-01  time=54.9s
00:22:58 | INFO | Epoch  13/200  loss=0.4435  train_err=15.41%  val_err=30.10%  lr=1.00e-01  time=54.9s
00:23:53 | INFO | Epoch  14/200  loss=0.4159  train_err=14.30%  val_err=19.98%  lr=1.00e-01  time=54.9s
00:24:48 | INFO | Epoch  15/200  loss=0.3901  train_err=13.58%  val_err=21.48%  lr=1.00e-01  time=54.8s
00:25:43 | INFO | Epoch  16/200  loss=0.3692  train_err=12.65%  val_err=18.72%  lr=1.00e-01  time=54.8s
00:26:38 | INFO | Epoch  17/200  loss=0.3554  train_err=12.24%  val_err=17.76%  lr=1.00e-01  time=54.8s
00:27:33 | INFO | Epoch  18/200  loss=0.3360  train_err=11.71%  val_err=19.72%  lr=1.00e-01  time=54.8s
00:28:29 | INFO | Epoch  19/200  loss=0.3243  train_err=11.20%  val_err=17.44%  lr=1.00e-01  time=54.8s
00:29:24 | INFO | Epoch  20/200  loss=0.3106  train_err=10.68%  val_err=17.36%  lr=1.00e-01  time=54.8s
00:30:19 | INFO | Epoch  21/200  loss=0.2990  train_err=10.25%  val_err=16.54%  lr=1.00e-01  time=54.8s
00:31:14 | INFO | Epoch  22/200  loss=0.2860  train_err=9.82%  val_err=17.18%  lr=1.00e-01  time=54.8s
00:32:09 | INFO | Epoch  23/200  loss=0.2796  train_err=9.62%  val_err=19.62%  lr=1.00e-01  time=54.8s
00:33:04 | INFO | Epoch  24/200  loss=0.2682  train_err=9.36%  val_err=16.76%  lr=1.00e-01  time=55.2s
00:34:00 | INFO | Epoch  25/200  loss=0.2591  train_err=9.05%  val_err=15.78%  lr=1.00e-01  time=54.8s
00:34:55 | INFO | Epoch  26/200  loss=0.2576  train_err=8.82%  val_err=16.04%  lr=1.00e-01  time=54.8s
00:35:50 | INFO | Epoch  27/200  loss=0.2497  train_err=8.56%  val_err=18.62%  lr=1.00e-01  time=54.9s
00:36:45 | INFO | Epoch  28/200  loss=0.2409  train_err=8.36%  val_err=15.72%  lr=1.00e-01  time=54.8s
00:37:40 | INFO | Epoch  29/200  loss=0.2334  train_err=7.96%  val_err=18.02%  lr=1.00e-01  time=54.8s
00:38:35 | INFO | Epoch  30/200  loss=0.2264  train_err=7.76%  val_err=15.94%  lr=1.00e-01  time=54.8s
00:39:30 | INFO | Epoch  31/200  loss=0.2200  train_err=7.67%  val_err=16.60%  lr=1.00e-01  time=54.8s
00:40:25 | INFO | Epoch  32/200  loss=0.2142  train_err=7.44%  val_err=18.70%  lr=1.00e-01  time=54.9s
00:41:20 | INFO | Epoch  33/200  loss=0.2189  train_err=7.60%  val_err=16.84%  lr=1.00e-01  time=54.8s
00:42:15 | INFO | Epoch  34/200  loss=0.2101  train_err=7.21%  val_err=16.10%  lr=1.00e-01  time=54.8s
00:43:10 | INFO | Epoch  35/200  loss=0.2033  train_err=7.09%  val_err=20.04%  lr=1.00e-01  time=54.8s
00:44:05 | INFO | Epoch  36/200  loss=0.2000  train_err=6.94%  val_err=17.80%  lr=1.00e-01  time=54.8s
00:45:00 | INFO | Epoch  37/200  loss=0.2008  train_err=7.05%  val_err=18.10%  lr=1.00e-01  time=54.9s
00:45:55 | INFO | Epoch  38/200  loss=0.1934  train_err=6.78%  val_err=25.58%  lr=1.00e-01  time=54.8s
00:46:50 | INFO | Epoch  39/200  loss=0.2057  train_err=7.01%  val_err=15.22%  lr=1.00e-01  time=54.8s
00:47:45 | INFO | Epoch  40/200  loss=0.1841  train_err=6.40%  val_err=17.76%  lr=1.00e-01  time=54.9s
00:48:40 | INFO | Epoch  41/200  loss=0.1886  train_err=6.62%  val_err=14.24%  lr=1.00e-01  time=54.8s
00:49:36 | INFO | Epoch  42/200  loss=0.1889  train_err=6.65%  val_err=16.20%  lr=1.00e-01  time=54.9s
00:50:31 | INFO | Epoch  43/200  loss=0.1800  train_err=6.34%  val_err=14.70%  lr=1.00e-01  time=54.8s
00:51:26 | INFO | Epoch  44/200  loss=0.1790  train_err=6.19%  val_err=17.94%  lr=1.00e-01  time=54.8s
00:52:21 | INFO | Epoch  45/200  loss=0.1750  train_err=6.06%  val_err=17.94%  lr=1.00e-01  time=54.8s
00:53:16 | INFO | Epoch  46/200  loss=0.1732  train_err=6.06%  val_err=17.94%  lr=1.00e-01  time=54.9s
00:54:11 | INFO | Epoch  47/200  loss=0.1690  train_err=5.70%  val_err=13.02%  lr=1.00e-01  time=55.2s
00:55:06 | INFO | Epoch  48/200  loss=0.1583  train_err=5.49%  val_err=17.42%  lr=1.00e-01  time=54.8s
00:56:01 | INFO | Epoch  49/200  loss=0.1811  train_err=6.37%  val_err=13.86%  lr=1.00e-01  time=54.8s
00:56:56 | INFO | Epoch  50/200  loss=0.1590  train_err=5.50%  val_err=18.52%  lr=1.00e-01  time=54.8s
00:57:51 | INFO | Epoch  51/200  loss=0.1684  train_err=5.82%  val_err=20.12%  lr=1.00e-01  time=54.8s
00:58:46 | INFO | Epoch  52/200  loss=0.1633  train_err=5.64%  val_err=15.40%  lr=1.00e-01  time=54.8s
00:59:41 | INFO | Epoch  53/200  loss=0.1531  train_err=5.30%  val_err=17.04%  lr=1.00e-01  time=54.8s
01:00:36 | INFO | Epoch  54/200  loss=0.1699  train_err=5.93%  val_err=13.76%  lr=1.00e-01  time=54.8s
01:01:31 | INFO | Epoch  55/200  loss=0.1527  train_err=5.37%  val_err=15.12%  lr=1.00e-01  time=54.8s
01:02:26 | INFO | Epoch  56/200  loss=0.1582  train_err=5.43%  val_err=14.36%  lr=1.00e-01  time=54.8s
01:03:21 | INFO | Epoch  57/200  loss=0.1506  train_err=5.22%  val_err=19.50%  lr=1.00e-01  time=54.8s
01:04:16 | INFO | Epoch  58/200  loss=0.1585  train_err=5.55%  val_err=19.88%  lr=1.00e-01  time=54.8s
01:05:11 | INFO | Epoch  59/200  loss=0.1533  train_err=5.38%  val_err=15.96%  lr=1.00e-01  time=54.8s
01:06:06 | INFO | Epoch  60/200  loss=0.1503  train_err=5.22%  val_err=19.58%  lr=1.00e-01  time=54.8s
01:07:01 | INFO | Epoch  61/200  loss=0.1552  train_err=5.44%  val_err=13.94%  lr=1.00e-01  time=54.8s
01:07:56 | INFO | Epoch  62/200  loss=0.1392  train_err=4.83%  val_err=13.08%  lr=1.00e-01  time=54.8s
01:08:51 | INFO | Epoch  63/200  loss=0.1442  train_err=5.05%  val_err=15.38%  lr=1.00e-01  time=54.8s
01:09:46 | INFO | Epoch  64/200  loss=0.1478  train_err=5.21%  val_err=20.46%  lr=1.00e-01  time=54.8s
01:10:41 | INFO | Epoch  65/200  loss=0.1536  train_err=5.22%  val_err=13.52%  lr=1.00e-01  time=54.8s
01:11:36 | INFO | Epoch  66/200  loss=0.1451  train_err=5.06%  val_err=14.34%  lr=1.00e-01  time=54.8s
01:12:31 | INFO | Epoch  67/200  loss=0.1395  train_err=4.91%  val_err=16.94%  lr=1.00e-01  time=54.8s
01:13:26 | INFO | Epoch  68/200  loss=0.1504  train_err=5.26%  val_err=14.64%  lr=1.00e-01  time=54.8s
01:14:21 | INFO | Epoch  69/200  loss=0.1350  train_err=4.74%  val_err=15.68%  lr=1.00e-01  time=54.8s
01:15:16 | INFO | Epoch  70/200  loss=0.1411  train_err=4.95%  val_err=16.56%  lr=1.00e-01  time=54.8s
01:16:12 | INFO | Epoch  71/200  loss=0.1413  train_err=4.92%  val_err=17.08%  lr=1.00e-01  time=55.1s
01:17:07 | INFO | Epoch  72/200  loss=0.1382  train_err=4.79%  val_err=12.88%  lr=1.00e-01  time=54.8s
01:18:02 | INFO | Epoch  73/200  loss=0.1264  train_err=4.42%  val_err=15.46%  lr=1.00e-01  time=54.8s
01:18:57 | INFO | Epoch  74/200  loss=0.1438  train_err=5.11%  val_err=16.96%  lr=1.00e-01  time=54.8s
01:19:52 | INFO | Epoch  75/200  loss=0.1358  train_err=4.65%  val_err=13.02%  lr=1.00e-01  time=54.8s
01:20:47 | INFO | Epoch  76/200  loss=0.1318  train_err=4.56%  val_err=18.40%  lr=1.00e-01  time=54.8s
01:21:42 | INFO | Epoch  77/200  loss=0.1340  train_err=4.70%  val_err=15.06%  lr=1.00e-01  time=54.8s
01:22:37 | INFO | Epoch  78/200  loss=0.1412  train_err=5.01%  val_err=16.42%  lr=1.00e-01  time=54.8s
01:23:31 | INFO | Epoch  79/200  loss=0.1362  train_err=4.71%  val_err=28.18%  lr=1.00e-01  time=54.8s
01:24:26 | INFO | Epoch  80/200  loss=0.1353  train_err=4.68%  val_err=15.56%  lr=1.00e-01  time=54.8s
01:25:21 | INFO | Epoch  81/200  loss=0.1338  train_err=4.68%  val_err=14.84%  lr=1.00e-01  time=54.8s
01:26:16 | INFO | Epoch  82/200  loss=0.1229  train_err=4.23%  val_err=19.50%  lr=1.00e-01  time=54.8s
01:27:11 | INFO | Epoch  83/200  loss=0.1363  train_err=4.71%  val_err=12.02%  lr=1.00e-01  time=54.8s
01:28:06 | INFO | Epoch  84/200  loss=0.1287  train_err=4.48%  val_err=18.72%  lr=1.00e-01  time=54.8s
01:29:01 | INFO | Epoch  85/200  loss=0.1325  train_err=4.62%  val_err=18.64%  lr=1.00e-01  time=54.8s
01:29:56 | INFO | Epoch  86/200  loss=0.1306  train_err=4.55%  val_err=21.76%  lr=1.00e-01  time=54.9s
01:30:51 | INFO | Epoch  87/200  loss=0.1265  train_err=4.46%  val_err=16.88%  lr=1.00e-01  time=54.9s
01:31:46 | INFO | Epoch  88/200  loss=0.1323  train_err=4.67%  val_err=15.14%  lr=1.00e-01  time=54.8s
01:32:42 | INFO | Epoch  89/200  loss=0.1321  train_err=4.58%  val_err=21.18%  lr=1.00e-01  time=54.8s
01:33:37 | INFO | Epoch  90/200  loss=0.1290  train_err=4.47%  val_err=14.84%  lr=1.00e-01  time=54.8s
01:34:32 | INFO | Epoch  91/200  loss=0.1320  train_err=4.56%  val_err=16.94%  lr=1.00e-01  time=54.8s
01:35:27 | INFO | Epoch  92/200  loss=0.1350  train_err=4.75%  val_err=19.48%  lr=1.00e-01  time=54.8s
01:36:22 | INFO | Epoch  93/200  loss=0.1332  train_err=4.68%  val_err=16.72%  lr=1.00e-01  time=55.2s
01:37:17 | INFO | Epoch  94/200  loss=0.1224  train_err=4.33%  val_err=19.02%  lr=1.00e-01  time=54.8s
01:38:12 | INFO | Epoch  95/200  loss=0.1253  train_err=4.35%  val_err=14.76%  lr=1.00e-01  time=54.8s
01:39:07 | INFO | Epoch  96/200  loss=0.1247  train_err=4.31%  val_err=13.68%  lr=1.00e-01  time=54.8s
01:40:02 | INFO | Epoch  97/200  loss=0.1237  train_err=4.29%  val_err=13.22%  lr=1.00e-01  time=54.8s
01:40:57 | INFO | Epoch  98/200  loss=0.1267  train_err=4.43%  val_err=13.52%  lr=1.00e-01  time=54.8s
01:41:52 | INFO | Epoch  99/200  loss=0.1197  train_err=4.14%  val_err=15.02%  lr=1.00e-01  time=54.8s
01:42:47 | INFO | Epoch 100/200  loss=0.1211  train_err=4.17%  val_err=10.06%  lr=1.00e-02  time=54.8s
01:43:43 | INFO | Epoch 101/200  loss=0.0418  train_err=1.26%  val_err=7.46%  lr=1.00e-02  time=54.8s
01:44:38 | INFO | Epoch 102/200  loss=0.0225  train_err=0.56%  val_err=7.30%  lr=1.00e-02  time=54.9s
01:45:33 | INFO | Epoch 103/200  loss=0.0154  train_err=0.32%  val_err=7.10%  lr=1.00e-02  time=54.9s
01:46:28 | INFO | Epoch 104/200  loss=0.0137  train_err=0.30%  val_err=6.94%  lr=1.00e-02  time=54.9s
01:47:24 | INFO | Epoch 105/200  loss=0.0111  train_err=0.21%  val_err=6.76%  lr=1.00e-02  time=54.9s
01:48:19 | INFO | Epoch 106/200  loss=0.0107  train_err=0.22%  val_err=6.80%  lr=1.00e-02  time=54.8s
01:49:14 | INFO | Epoch 107/200  loss=0.0082  train_err=0.14%  val_err=7.14%  lr=1.00e-02  time=54.8s
01:50:09 | INFO | Epoch 108/200  loss=0.0081  train_err=0.15%  val_err=7.02%  lr=1.00e-02  time=54.8s
01:51:04 | INFO | Epoch 109/200  loss=0.0065  train_err=0.10%  val_err=6.98%  lr=1.00e-02  time=54.8s
01:51:59 | INFO | Epoch 110/200  loss=0.0064  train_err=0.09%  val_err=6.84%  lr=1.00e-02  time=54.8s
01:52:54 | INFO | Epoch 111/200  loss=0.0058  train_err=0.09%  val_err=6.82%  lr=1.00e-02  time=54.9s
01:53:49 | INFO | Epoch 112/200  loss=0.0053  train_err=0.09%  val_err=6.84%  lr=1.00e-02  time=54.9s
01:54:44 | INFO | Epoch 113/200  loss=0.0050  train_err=0.07%  val_err=6.80%  lr=1.00e-02  time=54.9s
01:55:39 | INFO | Epoch 114/200  loss=0.0052  train_err=0.08%  val_err=6.88%  lr=1.00e-02  time=54.9s
01:56:34 | INFO | Epoch 115/200  loss=0.0044  train_err=0.06%  val_err=6.96%  lr=1.00e-02  time=54.9s
01:57:29 | INFO | Epoch 116/200  loss=0.0039  train_err=0.04%  val_err=7.02%  lr=1.00e-02  time=55.2s
01:58:25 | INFO | Epoch 117/200  loss=0.0040  train_err=0.06%  val_err=6.70%  lr=1.00e-02  time=54.9s
01:59:20 | INFO | Epoch 118/200  loss=0.0040  train_err=0.06%  val_err=6.72%  lr=1.00e-02  time=54.8s
02:00:15 | INFO | Epoch 119/200  loss=0.0038  train_err=0.04%  val_err=6.92%  lr=1.00e-02  time=54.8s
02:01:10 | INFO | Epoch 120/200  loss=0.0033  train_err=0.03%  val_err=6.86%  lr=1.00e-02  time=54.8s
02:02:05 | INFO | Epoch 121/200  loss=0.0034  train_err=0.04%  val_err=6.96%  lr=1.00e-02  time=54.9s
02:03:00 | INFO | Epoch 122/200  loss=0.0033  train_err=0.04%  val_err=6.92%  lr=1.00e-02  time=54.9s
02:03:55 | INFO | Epoch 123/200  loss=0.0032  train_err=0.04%  val_err=7.04%  lr=1.00e-02  time=54.9s
02:04:50 | INFO | Epoch 124/200  loss=0.0030  train_err=0.03%  val_err=6.82%  lr=1.00e-02  time=54.9s
02:05:45 | INFO | Epoch 125/200  loss=0.0031  train_err=0.03%  val_err=6.84%  lr=1.00e-02  time=54.9s
02:06:40 | INFO | Epoch 126/200  loss=0.0025  train_err=0.02%  val_err=6.90%  lr=1.00e-02  time=54.9s
02:07:35 | INFO | Epoch 127/200  loss=0.0024  train_err=0.01%  val_err=6.74%  lr=1.00e-02  time=54.9s
02:08:30 | INFO | Epoch 128/200  loss=0.0027  train_err=0.02%  val_err=6.98%  lr=1.00e-02  time=54.9s
02:09:25 | INFO | Epoch 129/200  loss=0.0024  train_err=0.02%  val_err=6.96%  lr=1.00e-02  time=54.9s
02:10:20 | INFO | Epoch 130/200  loss=0.0022  train_err=0.02%  val_err=7.02%  lr=1.00e-02  time=54.9s
02:11:15 | INFO | Epoch 131/200  loss=0.0024  train_err=0.02%  val_err=6.88%  lr=1.00e-02  time=54.9s
02:12:10 | INFO | Epoch 132/200  loss=0.0024  train_err=0.03%  val_err=7.08%  lr=1.00e-02  time=54.9s
02:13:05 | INFO | Epoch 133/200  loss=0.0021  train_err=0.02%  val_err=6.90%  lr=1.00e-02  time=54.8s
02:14:01 | INFO | Epoch 134/200  loss=0.0021  train_err=0.01%  val_err=7.02%  lr=1.00e-02  time=54.8s
02:14:56 | INFO | Epoch 135/200  loss=0.0020  train_err=0.02%  val_err=7.08%  lr=1.00e-02  time=54.8s
02:15:51 | INFO | Epoch 136/200  loss=0.0020  train_err=0.01%  val_err=7.18%  lr=1.00e-02  time=54.9s
02:16:46 | INFO | Epoch 137/200  loss=0.0018  train_err=0.01%  val_err=7.00%  lr=1.00e-02  time=54.8s
02:17:41 | INFO | Epoch 138/200  loss=0.0018  train_err=0.01%  val_err=7.04%  lr=1.00e-02  time=55.3s
02:18:36 | INFO | Epoch 139/200  loss=0.0019  train_err=0.01%  val_err=7.14%  lr=1.00e-02  time=54.9s
02:19:31 | INFO | Epoch 140/200  loss=0.0020  train_err=0.03%  val_err=6.88%  lr=1.00e-02  time=54.9s
02:20:26 | INFO | Epoch 141/200  loss=0.0017  train_err=0.01%  val_err=6.92%  lr=1.00e-02  time=54.8s
02:21:21 | INFO | Epoch 142/200  loss=0.0017  train_err=0.01%  val_err=6.90%  lr=1.00e-02  time=54.9s
02:22:16 | INFO | Epoch 143/200  loss=0.0020  train_err=0.02%  val_err=7.08%  lr=1.00e-02  time=54.9s
02:23:11 | INFO | Epoch 144/200  loss=0.0017  train_err=0.00%  val_err=6.94%  lr=1.00e-02  time=54.9s
02:24:06 | INFO | Epoch 145/200  loss=0.0017  train_err=0.01%  val_err=7.04%  lr=1.00e-02  time=54.9s
02:25:02 | INFO | Epoch 146/200  loss=0.0017  train_err=0.01%  val_err=6.92%  lr=1.00e-02  time=54.9s
02:25:57 | INFO | Epoch 147/200  loss=0.0018  train_err=0.01%  val_err=7.02%  lr=1.00e-02  time=54.8s
02:26:52 | INFO | Epoch 148/200  loss=0.0015  train_err=0.01%  val_err=7.14%  lr=1.00e-02  time=54.9s
02:27:47 | INFO | Epoch 149/200  loss=0.0016  train_err=0.01%  val_err=6.96%  lr=1.00e-02  time=54.9s
02:28:42 | INFO | Epoch 150/200  loss=0.0015  train_err=0.01%  val_err=7.02%  lr=1.00e-03  time=54.9s
02:29:37 | INFO | Epoch 151/200  loss=0.0015  train_err=0.01%  val_err=6.98%  lr=1.00e-03  time=54.9s
02:30:32 | INFO | Epoch 152/200  loss=0.0015  train_err=0.01%  val_err=6.90%  lr=1.00e-03  time=54.9s
02:31:27 | INFO | Epoch 153/200  loss=0.0016  train_err=0.01%  val_err=6.96%  lr=1.00e-03  time=54.9s
02:32:22 | INFO | Epoch 154/200  loss=0.0017  train_err=0.02%  val_err=6.92%  lr=1.00e-03  time=54.9s
02:33:17 | INFO | Epoch 155/200  loss=0.0015  train_err=0.01%  val_err=6.94%  lr=1.00e-03  time=54.9s
02:34:12 | INFO | Epoch 156/200  loss=0.0016  train_err=0.01%  val_err=7.02%  lr=1.00e-03  time=54.9s
02:35:07 | INFO | Epoch 157/200  loss=0.0015  train_err=0.01%  val_err=7.04%  lr=1.00e-03  time=54.9s
02:36:02 | INFO | Epoch 158/200  loss=0.0018  train_err=0.01%  val_err=7.16%  lr=1.00e-03  time=54.9s
02:36:57 | INFO | Epoch 159/200  loss=0.0016  train_err=0.01%  val_err=7.02%  lr=1.00e-03  time=54.9s
02:37:52 | INFO | Epoch 160/200  loss=0.0016  train_err=0.01%  val_err=6.78%  lr=1.00e-03  time=54.9s
02:38:48 | INFO | Epoch 161/200  loss=0.0015  train_err=0.01%  val_err=6.94%  lr=1.00e-03  time=54.9s
02:39:43 | INFO | Epoch 162/200  loss=0.0014  train_err=0.00%  val_err=6.80%  lr=1.00e-03  time=54.9s
02:40:38 | INFO | Epoch 163/200  loss=0.0015  train_err=0.01%  val_err=7.08%  lr=1.00e-03  time=54.9s
02:41:33 | INFO | Epoch 164/200  loss=0.0014  train_err=0.01%  val_err=6.98%  lr=1.00e-03  time=54.9s
02:42:28 | INFO | Epoch 165/200  loss=0.0015  train_err=0.00%  val_err=6.78%  lr=1.00e-03  time=54.8s
02:43:23 | INFO | Epoch 166/200  loss=0.0015  train_err=0.01%  val_err=6.88%  lr=1.00e-03  time=54.9s
02:44:18 | INFO | Epoch 167/200  loss=0.0013  train_err=0.00%  val_err=6.96%  lr=1.00e-03  time=54.8s
02:45:13 | INFO | Epoch 168/200  loss=0.0014  train_err=0.01%  val_err=6.90%  lr=1.00e-03  time=54.9s
02:46:08 | INFO | Epoch 169/200  loss=0.0014  train_err=0.00%  val_err=7.08%  lr=1.00e-03  time=54.9s
02:47:03 | INFO | Epoch 170/200  loss=0.0015  train_err=0.02%  val_err=7.00%  lr=1.00e-03  time=54.9s
02:47:58 | INFO | Epoch 171/200  loss=0.0014  train_err=0.00%  val_err=6.82%  lr=1.00e-03  time=54.9s
02:48:53 | INFO | Epoch 172/200  loss=0.0014  train_err=0.00%  val_err=6.78%  lr=1.00e-03  time=54.9s
02:49:49 | INFO | Epoch 173/200  loss=0.0014  train_err=0.00%  val_err=6.88%  lr=1.00e-03  time=54.9s
02:50:44 | INFO | Epoch 174/200  loss=0.0013  train_err=0.01%  val_err=6.90%  lr=1.00e-03  time=54.9s
02:51:39 | INFO | Epoch 175/200  loss=0.0015  train_err=0.01%  val_err=7.02%  lr=1.00e-03  time=54.8s
02:52:34 | INFO | Epoch 176/200  loss=0.0015  train_err=0.00%  val_err=6.98%  lr=1.00e-03  time=54.9s
02:53:29 | INFO | Epoch 177/200  loss=0.0015  train_err=0.01%  val_err=6.86%  lr=1.00e-03  time=54.9s
02:54:24 | INFO | Epoch 178/200  loss=0.0013  train_err=0.01%  val_err=6.86%  lr=1.00e-03  time=54.9s
02:55:19 | INFO | Epoch 179/200  loss=0.0014  train_err=0.00%  val_err=6.84%  lr=1.00e-03  time=54.9s
02:56:14 | INFO | Epoch 180/200  loss=0.0013  train_err=0.00%  val_err=6.92%  lr=1.00e-03  time=54.9s
02:57:09 | INFO | Epoch 181/200  loss=0.0015  train_err=0.02%  val_err=7.00%  lr=1.00e-03  time=54.9s
02:58:04 | INFO | Epoch 182/200  loss=0.0013  train_err=0.00%  val_err=6.84%  lr=1.00e-03  time=54.8s
02:58:59 | INFO | Epoch 183/200  loss=0.0014  train_err=0.00%  val_err=6.90%  lr=1.00e-03  time=54.9s
02:59:54 | INFO | Epoch 184/200  loss=0.0013  train_err=0.00%  val_err=6.90%  lr=1.00e-03  time=54.9s
03:00:50 | INFO | Epoch 185/200  loss=0.0013  train_err=0.01%  val_err=6.82%  lr=1.00e-03  time=55.2s
03:01:45 | INFO | Epoch 186/200  loss=0.0015  train_err=0.01%  val_err=6.74%  lr=1.00e-03  time=54.9s
03:02:40 | INFO | Epoch 187/200  loss=0.0015  train_err=0.00%  val_err=6.84%  lr=1.00e-03  time=54.9s
03:03:35 | INFO | Epoch 188/200  loss=0.0015  train_err=0.01%  val_err=6.88%  lr=1.00e-03  time=54.9s
03:04:30 | INFO | Epoch 189/200  loss=0.0013  train_err=0.01%  val_err=6.86%  lr=1.00e-03  time=54.9s
03:05:25 | INFO | Epoch 190/200  loss=0.0013  train_err=0.00%  val_err=6.96%  lr=1.00e-03  time=54.9s
03:06:20 | INFO | Epoch 191/200  loss=0.0014  train_err=0.01%  val_err=6.90%  lr=1.00e-03  time=54.9s
03:07:15 | INFO | Epoch 192/200  loss=0.0014  train_err=0.01%  val_err=6.88%  lr=1.00e-03  time=54.9s
03:08:10 | INFO | Epoch 193/200  loss=0.0013  train_err=0.01%  val_err=6.82%  lr=1.00e-03  time=54.9s
03:09:05 | INFO | Epoch 194/200  loss=0.0014  train_err=0.01%  val_err=6.98%  lr=1.00e-03  time=54.8s
03:10:00 | INFO | Epoch 195/200  loss=0.0014  train_err=0.00%  val_err=6.80%  lr=1.00e-03  time=54.9s
03:10:55 | INFO | Epoch 196/200  loss=0.0014  train_err=0.01%  val_err=7.12%  lr=1.00e-03  time=54.8s
03:11:50 | INFO | Epoch 197/200  loss=0.0015  train_err=0.01%  val_err=7.02%  lr=1.00e-03  time=54.8s
03:12:45 | INFO | Epoch 198/200  loss=0.0014  train_err=0.01%  val_err=7.02%  lr=1.00e-03  time=54.9s
03:13:40 | INFO | Epoch 199/200  loss=0.0013  train_err=0.00%  val_err=6.96%  lr=1.00e-03  time=54.9s
03:14:35 | INFO | Epoch 200/200  loss=0.0013  train_err=0.00%  val_err=6.86%  lr=1.00e-03  time=54.9s
03:14:35 | INFO | Training complete. Best val acc@1: 93.30%
03:14:35 | INFO | Artifacts saved to: runs/d50_scaled
03:14:35 | INFO | To test the model, run: python scripts/test.py --checkpoint runs/d50_scaled/best.pt --config runs/d50_scaled/config.json
