01:48:45 | INFO | Run: d4_gated
01:48:45 | INFO | Variant: gated
01:48:45 | INFO | Config: runs/d4_gated/config.json
01:48:45 | INFO | Device: cuda
01:48:46 | INFO | Data: train=45000  val=5000
01:48:46 | INFO | Model: gated depth=4  params=315,082
01:48:50 | INFO | NumExpr defaulting to 12 threads.
01:48:58 | INFO | Epoch   1/200  loss=2.2954  train_err=86.82%  val_err=86.96%  lr=2.01e-02  time=6.8s
01:49:04 | INFO | Epoch   2/200  loss=1.7479  train_err=66.87%  val_err=61.84%  lr=4.01e-02  time=6.2s
01:49:11 | INFO | Epoch   3/200  loss=1.4364  train_err=53.76%  val_err=50.38%  lr=6.00e-02  time=6.2s
01:49:17 | INFO | Epoch   4/200  loss=1.2124  train_err=43.86%  val_err=43.48%  lr=8.00e-02  time=6.2s
01:49:23 | INFO | Epoch   5/200  loss=1.0653  train_err=38.24%  val_err=50.08%  lr=1.00e-01  time=6.3s
01:49:29 | INFO | Epoch   6/200  loss=0.9441  train_err=33.75%  val_err=37.10%  lr=1.00e-01  time=6.3s
01:49:36 | INFO | Epoch   7/200  loss=0.8452  train_err=29.92%  val_err=31.68%  lr=1.00e-01  time=6.3s
01:49:42 | INFO | Epoch   8/200  loss=0.7726  train_err=27.31%  val_err=38.68%  lr=1.00e-01  time=6.2s
01:49:48 | INFO | Epoch   9/200  loss=0.7160  train_err=25.06%  val_err=34.20%  lr=1.00e-01  time=6.2s
01:49:54 | INFO | Epoch  10/200  loss=0.6629  train_err=23.23%  val_err=27.96%  lr=1.00e-01  time=6.2s
01:50:01 | INFO | Epoch  11/200  loss=0.6228  train_err=21.79%  val_err=29.36%  lr=1.00e-01  time=6.2s
01:50:07 | INFO | Epoch  12/200  loss=0.5914  train_err=20.47%  val_err=26.96%  lr=1.00e-01  time=6.2s
01:50:13 | INFO | Epoch  13/200  loss=0.5635  train_err=19.65%  val_err=28.54%  lr=1.00e-01  time=6.2s
01:50:19 | INFO | Epoch  14/200  loss=0.5380  train_err=18.52%  val_err=26.66%  lr=1.00e-01  time=6.3s
01:50:26 | INFO | Epoch  15/200  loss=0.5211  train_err=17.80%  val_err=20.28%  lr=1.00e-01  time=6.2s
01:50:32 | INFO | Epoch  16/200  loss=0.5000  train_err=17.50%  val_err=19.72%  lr=1.00e-01  time=6.2s
01:50:38 | INFO | Epoch  17/200  loss=0.4823  train_err=16.83%  val_err=21.40%  lr=1.00e-01  time=6.2s
01:50:45 | INFO | Epoch  18/200  loss=0.4611  train_err=15.89%  val_err=20.52%  lr=1.00e-01  time=6.2s
01:50:51 | INFO | Epoch  19/200  loss=0.4469  train_err=15.47%  val_err=32.56%  lr=1.00e-01  time=6.2s
01:50:57 | INFO | Epoch  20/200  loss=0.4428  train_err=15.27%  val_err=19.32%  lr=1.00e-01  time=6.2s
01:51:03 | INFO | Epoch  21/200  loss=0.4233  train_err=14.64%  val_err=25.84%  lr=1.00e-01  time=6.3s
01:51:10 | INFO | Epoch  22/200  loss=0.4172  train_err=14.39%  val_err=25.50%  lr=1.00e-01  time=6.2s
01:51:16 | INFO | Epoch  23/200  loss=0.4132  train_err=14.16%  val_err=22.98%  lr=1.00e-01  time=6.2s
01:51:22 | INFO | Epoch  24/200  loss=0.3908  train_err=13.48%  val_err=20.90%  lr=1.00e-01  time=6.2s
01:51:28 | INFO | Epoch  25/200  loss=0.3948  train_err=13.44%  val_err=17.94%  lr=1.00e-01  time=6.2s
01:51:35 | INFO | Epoch  26/200  loss=0.3791  train_err=13.21%  val_err=24.64%  lr=1.00e-01  time=6.3s
01:51:41 | INFO | Epoch  27/200  loss=0.3752  train_err=13.00%  val_err=25.20%  lr=1.00e-01  time=6.3s
01:51:47 | INFO | Epoch  28/200  loss=0.3653  train_err=12.69%  val_err=22.30%  lr=1.00e-01  time=6.2s
01:51:53 | INFO | Epoch  29/200  loss=0.3613  train_err=12.43%  val_err=22.46%  lr=1.00e-01  time=6.2s
01:52:00 | INFO | Epoch  30/200  loss=0.3549  train_err=12.49%  val_err=21.68%  lr=1.00e-01  time=6.2s
01:52:06 | INFO | Epoch  31/200  loss=0.3439  train_err=11.91%  val_err=19.60%  lr=1.00e-01  time=6.3s
01:52:12 | INFO | Epoch  32/200  loss=0.3413  train_err=11.92%  val_err=24.12%  lr=1.00e-01  time=6.2s
01:52:18 | INFO | Epoch  33/200  loss=0.3323  train_err=11.53%  val_err=19.36%  lr=1.00e-01  time=6.2s
01:52:25 | INFO | Epoch  34/200  loss=0.3368  train_err=11.62%  val_err=17.10%  lr=1.00e-01  time=6.2s
01:52:31 | INFO | Epoch  35/200  loss=0.3321  train_err=11.43%  val_err=18.70%  lr=1.00e-01  time=6.2s
01:52:37 | INFO | Epoch  36/200  loss=0.3239  train_err=11.28%  val_err=16.76%  lr=1.00e-01  time=6.2s
01:52:43 | INFO | Epoch  37/200  loss=0.3191  train_err=11.14%  val_err=19.96%  lr=1.00e-01  time=6.2s
01:52:50 | INFO | Epoch  38/200  loss=0.3133  train_err=10.84%  val_err=17.14%  lr=1.00e-01  time=6.2s
01:52:56 | INFO | Epoch  39/200  loss=0.3148  train_err=10.74%  val_err=16.94%  lr=1.00e-01  time=6.2s
01:53:02 | INFO | Epoch  40/200  loss=0.3066  train_err=10.74%  val_err=17.74%  lr=1.00e-01  time=6.3s
01:53:09 | INFO | Epoch  41/200  loss=0.3020  train_err=10.53%  val_err=17.92%  lr=1.00e-01  time=6.2s
01:53:15 | INFO | Epoch  42/200  loss=0.3048  train_err=10.68%  val_err=17.30%  lr=1.00e-01  time=6.2s
01:53:21 | INFO | Epoch  43/200  loss=0.2931  train_err=10.15%  val_err=25.12%  lr=1.00e-01  time=6.2s
01:53:27 | INFO | Epoch  44/200  loss=0.2911  train_err=10.06%  val_err=23.78%  lr=1.00e-01  time=6.2s
01:53:34 | INFO | Epoch  45/200  loss=0.2926  train_err=10.23%  val_err=21.18%  lr=1.00e-01  time=6.3s
01:53:40 | INFO | Epoch  46/200  loss=0.2858  train_err=9.98%  val_err=20.76%  lr=1.00e-01  time=6.3s
01:53:46 | INFO | Epoch  47/200  loss=0.2873  train_err=9.95%  val_err=17.28%  lr=1.00e-01  time=6.3s
01:53:52 | INFO | Epoch  48/200  loss=0.2860  train_err=9.84%  val_err=15.42%  lr=1.00e-01  time=6.3s
01:53:59 | INFO | Epoch  49/200  loss=0.2733  train_err=9.50%  val_err=17.28%  lr=1.00e-01  time=6.2s
01:54:05 | INFO | Epoch  50/200  loss=0.2786  train_err=9.66%  val_err=19.70%  lr=1.00e-01  time=6.3s
01:54:11 | INFO | Epoch  51/200  loss=0.2719  train_err=9.44%  val_err=20.96%  lr=1.00e-01  time=6.2s
01:54:18 | INFO | Epoch  52/200  loss=0.2761  train_err=9.67%  val_err=19.40%  lr=1.00e-01  time=6.3s
01:54:24 | INFO | Epoch  53/200  loss=0.2700  train_err=9.49%  val_err=16.86%  lr=1.00e-01  time=6.2s
01:54:30 | INFO | Epoch  54/200  loss=0.2651  train_err=9.22%  val_err=20.92%  lr=1.00e-01  time=6.2s
01:54:36 | INFO | Epoch  55/200  loss=0.2666  train_err=9.30%  val_err=17.30%  lr=1.00e-01  time=6.2s
01:54:42 | INFO | Epoch  56/200  loss=0.2699  train_err=9.47%  val_err=15.92%  lr=1.00e-01  time=6.2s
01:54:49 | INFO | Epoch  57/200  loss=0.2622  train_err=9.14%  val_err=24.20%  lr=1.00e-01  time=6.2s
01:54:55 | INFO | Epoch  58/200  loss=0.2615  train_err=9.26%  val_err=19.14%  lr=1.00e-01  time=6.3s
01:55:01 | INFO | Epoch  59/200  loss=0.2525  train_err=8.76%  val_err=24.00%  lr=1.00e-01  time=6.2s
01:55:07 | INFO | Epoch  60/200  loss=0.2563  train_err=8.91%  val_err=19.38%  lr=1.00e-01  time=6.2s
01:55:14 | INFO | Epoch  61/200  loss=0.2647  train_err=9.14%  val_err=22.66%  lr=1.00e-01  time=6.2s
01:55:20 | INFO | Epoch  62/200  loss=0.2500  train_err=8.84%  val_err=19.96%  lr=1.00e-01  time=6.2s
01:55:26 | INFO | Epoch  63/200  loss=0.2608  train_err=9.21%  val_err=21.34%  lr=1.00e-01  time=6.2s
01:55:32 | INFO | Epoch  64/200  loss=0.2444  train_err=8.60%  val_err=20.64%  lr=1.00e-01  time=6.3s
01:55:39 | INFO | Epoch  65/200  loss=0.2517  train_err=8.79%  val_err=15.76%  lr=1.00e-01  time=6.2s
01:55:45 | INFO | Epoch  66/200  loss=0.2410  train_err=8.34%  val_err=16.38%  lr=1.00e-01  time=6.3s
01:55:51 | INFO | Epoch  67/200  loss=0.2477  train_err=8.57%  val_err=15.90%  lr=1.00e-01  time=6.2s
01:55:58 | INFO | Epoch  68/200  loss=0.2391  train_err=8.28%  val_err=20.02%  lr=1.00e-01  time=6.3s
01:56:04 | INFO | Epoch  69/200  loss=0.2543  train_err=8.91%  val_err=15.62%  lr=1.00e-01  time=6.2s
01:56:10 | INFO | Epoch  70/200  loss=0.2404  train_err=8.31%  val_err=15.50%  lr=1.00e-01  time=6.3s
01:56:16 | INFO | Epoch  71/200  loss=0.2474  train_err=8.77%  val_err=16.92%  lr=1.00e-01  time=6.2s
01:56:23 | INFO | Epoch  72/200  loss=0.2496  train_err=8.71%  val_err=20.36%  lr=1.00e-01  time=6.2s
01:56:29 | INFO | Epoch  73/200  loss=0.2364  train_err=8.23%  val_err=20.88%  lr=1.00e-01  time=6.2s
01:56:35 | INFO | Epoch  74/200  loss=0.2458  train_err=8.73%  val_err=19.40%  lr=1.00e-01  time=6.2s
01:56:41 | INFO | Epoch  75/200  loss=0.2361  train_err=8.04%  val_err=29.68%  lr=1.00e-01  time=6.2s
01:56:48 | INFO | Epoch  76/200  loss=0.2370  train_err=8.27%  val_err=30.56%  lr=1.00e-01  time=6.3s
01:56:54 | INFO | Epoch  77/200  loss=0.2308  train_err=8.07%  val_err=17.32%  lr=1.00e-01  time=6.2s
01:57:00 | INFO | Epoch  78/200  loss=0.2333  train_err=8.16%  val_err=15.24%  lr=1.00e-01  time=6.2s
01:57:07 | INFO | Epoch  79/200  loss=0.2396  train_err=8.39%  val_err=16.70%  lr=1.00e-01  time=6.2s
01:57:13 | INFO | Epoch  80/200  loss=0.2342  train_err=8.24%  val_err=16.78%  lr=1.00e-01  time=6.2s
01:57:19 | INFO | Epoch  81/200  loss=0.2338  train_err=8.20%  val_err=20.50%  lr=1.00e-01  time=6.2s
01:57:25 | INFO | Epoch  82/200  loss=0.2303  train_err=8.00%  val_err=19.28%  lr=1.00e-01  time=6.3s
01:57:32 | INFO | Epoch  83/200  loss=0.2276  train_err=7.85%  val_err=20.96%  lr=1.00e-01  time=6.2s
01:57:38 | INFO | Epoch  84/200  loss=0.2283  train_err=8.03%  val_err=21.92%  lr=1.00e-01  time=6.2s
01:57:44 | INFO | Epoch  85/200  loss=0.2357  train_err=8.29%  val_err=17.90%  lr=1.00e-01  time=6.2s
01:57:50 | INFO | Epoch  86/200  loss=0.2271  train_err=7.97%  val_err=18.14%  lr=1.00e-01  time=6.2s
01:57:57 | INFO | Epoch  87/200  loss=0.2316  train_err=8.12%  val_err=17.06%  lr=1.00e-01  time=6.2s
01:58:03 | INFO | Epoch  88/200  loss=0.2235  train_err=7.96%  val_err=19.90%  lr=1.00e-01  time=6.2s
01:58:09 | INFO | Epoch  89/200  loss=0.2148  train_err=7.54%  val_err=18.76%  lr=1.00e-01  time=6.2s
01:58:15 | INFO | Epoch  90/200  loss=0.2211  train_err=7.67%  val_err=17.78%  lr=1.00e-01  time=6.3s
01:58:22 | INFO | Epoch  91/200  loss=0.2226  train_err=7.77%  val_err=18.94%  lr=1.00e-01  time=6.2s
01:58:28 | INFO | Epoch  92/200  loss=0.2233  train_err=7.83%  val_err=26.64%  lr=1.00e-01  time=6.2s
01:58:34 | INFO | Epoch  93/200  loss=0.2198  train_err=7.77%  val_err=17.34%  lr=1.00e-01  time=6.2s
01:58:40 | INFO | Epoch  94/200  loss=0.2192  train_err=7.64%  val_err=20.60%  lr=1.00e-01  time=6.2s
01:58:47 | INFO | Epoch  95/200  loss=0.2309  train_err=8.05%  val_err=16.22%  lr=1.00e-01  time=6.3s
01:58:53 | INFO | Epoch  96/200  loss=0.2182  train_err=7.63%  val_err=17.30%  lr=1.00e-01  time=6.2s
01:58:59 | INFO | Epoch  97/200  loss=0.2195  train_err=7.75%  val_err=19.34%  lr=1.00e-01  time=6.3s
01:59:06 | INFO | Epoch  98/200  loss=0.2201  train_err=7.67%  val_err=19.98%  lr=1.00e-01  time=6.2s
01:59:12 | INFO | Epoch  99/200  loss=0.2184  train_err=7.50%  val_err=15.88%  lr=1.00e-01  time=6.3s
01:59:18 | INFO | Epoch 100/200  loss=0.2202  train_err=7.78%  val_err=18.86%  lr=1.00e-02  time=6.2s
01:59:24 | INFO | Epoch 101/200  loss=0.1146  train_err=3.65%  val_err=10.24%  lr=1.00e-02  time=6.2s
01:59:31 | INFO | Epoch 102/200  loss=0.0835  train_err=2.41%  val_err=10.18%  lr=1.00e-02  time=6.2s
01:59:37 | INFO | Epoch 103/200  loss=0.0719  train_err=2.09%  val_err=10.34%  lr=1.00e-02  time=6.2s
01:59:43 | INFO | Epoch 104/200  loss=0.0648  train_err=1.76%  val_err=10.26%  lr=1.00e-02  time=6.2s
01:59:49 | INFO | Epoch 105/200  loss=0.0605  train_err=1.62%  val_err=10.06%  lr=1.00e-02  time=6.3s
01:59:56 | INFO | Epoch 106/200  loss=0.0563  train_err=1.54%  val_err=10.16%  lr=1.00e-02  time=6.2s
02:00:02 | INFO | Epoch 107/200  loss=0.0532  train_err=1.43%  val_err=10.12%  lr=1.00e-02  time=6.2s
02:00:08 | INFO | Epoch 108/200  loss=0.0504  train_err=1.30%  val_err=10.22%  lr=1.00e-02  time=6.2s
02:00:14 | INFO | Epoch 109/200  loss=0.0467  train_err=1.17%  val_err=10.34%  lr=1.00e-02  time=6.3s
02:00:21 | INFO | Epoch 110/200  loss=0.0443  train_err=1.14%  val_err=10.32%  lr=1.00e-02  time=6.2s
02:00:27 | INFO | Epoch 111/200  loss=0.0433  train_err=1.06%  val_err=10.60%  lr=1.00e-02  time=6.2s
02:00:33 | INFO | Epoch 112/200  loss=0.0404  train_err=0.98%  val_err=10.16%  lr=1.00e-02  time=6.2s
02:00:39 | INFO | Epoch 113/200  loss=0.0395  train_err=0.99%  val_err=10.20%  lr=1.00e-02  time=6.3s
02:00:46 | INFO | Epoch 114/200  loss=0.0372  train_err=0.88%  val_err=10.46%  lr=1.00e-02  time=6.2s
02:00:52 | INFO | Epoch 115/200  loss=0.0361  train_err=0.84%  val_err=10.74%  lr=1.00e-02  time=6.2s
02:00:58 | INFO | Epoch 116/200  loss=0.0353  train_err=0.83%  val_err=10.16%  lr=1.00e-02  time=6.2s
02:01:04 | INFO | Epoch 117/200  loss=0.0328  train_err=0.70%  val_err=10.62%  lr=1.00e-02  time=6.3s
02:01:11 | INFO | Epoch 118/200  loss=0.0322  train_err=0.71%  val_err=10.66%  lr=1.00e-02  time=6.2s
02:01:17 | INFO | Epoch 119/200  loss=0.0320  train_err=0.69%  val_err=10.32%  lr=1.00e-02  time=6.2s
02:01:23 | INFO | Epoch 120/200  loss=0.0302  train_err=0.67%  val_err=10.54%  lr=1.00e-02  time=6.2s
02:01:29 | INFO | Epoch 121/200  loss=0.0290  train_err=0.64%  val_err=10.54%  lr=1.00e-02  time=6.3s
02:01:36 | INFO | Epoch 122/200  loss=0.0287  train_err=0.62%  val_err=10.72%  lr=1.00e-02  time=6.2s
02:01:42 | INFO | Epoch 123/200  loss=0.0281  train_err=0.59%  val_err=10.66%  lr=1.00e-02  time=6.2s
02:01:48 | INFO | Epoch 124/200  loss=0.0256  train_err=0.50%  val_err=10.38%  lr=1.00e-02  time=6.2s
02:01:54 | INFO | Epoch 125/200  loss=0.0264  train_err=0.53%  val_err=10.40%  lr=1.00e-02  time=6.2s
02:02:01 | INFO | Epoch 126/200  loss=0.0256  train_err=0.51%  val_err=10.76%  lr=1.00e-02  time=6.2s
02:02:07 | INFO | Epoch 127/200  loss=0.0243  train_err=0.48%  val_err=10.78%  lr=1.00e-02  time=6.3s
02:02:13 | INFO | Epoch 128/200  loss=0.0230  train_err=0.38%  val_err=10.40%  lr=1.00e-02  time=6.2s
02:02:20 | INFO | Epoch 129/200  loss=0.0237  train_err=0.45%  val_err=10.66%  lr=1.00e-02  time=6.3s
02:02:26 | INFO | Epoch 130/200  loss=0.0227  train_err=0.43%  val_err=10.56%  lr=1.00e-02  time=6.3s
02:02:32 | INFO | Epoch 131/200  loss=0.0218  train_err=0.41%  val_err=10.58%  lr=1.00e-02  time=6.2s
02:02:38 | INFO | Epoch 132/200  loss=0.0222  train_err=0.40%  val_err=10.64%  lr=1.00e-02  time=6.2s
02:02:45 | INFO | Epoch 133/200  loss=0.0222  train_err=0.42%  val_err=10.60%  lr=1.00e-02  time=6.3s
02:02:51 | INFO | Epoch 134/200  loss=0.0208  train_err=0.34%  val_err=10.50%  lr=1.00e-02  time=6.2s
02:02:57 | INFO | Epoch 135/200  loss=0.0201  train_err=0.32%  val_err=10.46%  lr=1.00e-02  time=6.3s
02:03:04 | INFO | Epoch 136/200  loss=0.0190  train_err=0.32%  val_err=10.42%  lr=1.00e-02  time=6.2s
02:03:10 | INFO | Epoch 137/200  loss=0.0186  train_err=0.30%  val_err=10.64%  lr=1.00e-02  time=6.2s
02:03:16 | INFO | Epoch 138/200  loss=0.0191  train_err=0.31%  val_err=10.50%  lr=1.00e-02  time=6.2s
02:03:22 | INFO | Epoch 139/200  loss=0.0196  train_err=0.36%  val_err=10.52%  lr=1.00e-02  time=6.2s
02:03:29 | INFO | Epoch 140/200  loss=0.0191  train_err=0.33%  val_err=10.54%  lr=1.00e-02  time=6.2s
02:03:35 | INFO | Epoch 141/200  loss=0.0172  train_err=0.24%  val_err=10.56%  lr=1.00e-02  time=6.2s
02:03:41 | INFO | Epoch 142/200  loss=0.0178  train_err=0.28%  val_err=10.96%  lr=1.00e-02  time=6.3s
02:03:47 | INFO | Epoch 143/200  loss=0.0177  train_err=0.30%  val_err=10.80%  lr=1.00e-02  time=6.2s
02:03:54 | INFO | Epoch 144/200  loss=0.0179  train_err=0.32%  val_err=10.90%  lr=1.00e-02  time=6.3s
02:04:00 | INFO | Epoch 145/200  loss=0.0173  train_err=0.27%  val_err=10.74%  lr=1.00e-02  time=6.2s
02:04:06 | INFO | Epoch 146/200  loss=0.0163  train_err=0.25%  val_err=10.50%  lr=1.00e-02  time=6.2s
02:04:12 | INFO | Epoch 147/200  loss=0.0169  train_err=0.26%  val_err=10.60%  lr=1.00e-02  time=6.2s
02:04:19 | INFO | Epoch 148/200  loss=0.0168  train_err=0.27%  val_err=10.94%  lr=1.00e-02  time=6.2s
02:04:25 | INFO | Epoch 149/200  loss=0.0153  train_err=0.22%  val_err=11.16%  lr=1.00e-02  time=6.2s
02:04:31 | INFO | Epoch 150/200  loss=0.0159  train_err=0.26%  val_err=10.66%  lr=1.00e-03  time=6.2s
02:04:37 | INFO | Epoch 151/200  loss=0.0145  train_err=0.19%  val_err=10.62%  lr=1.00e-03  time=6.2s
02:04:44 | INFO | Epoch 152/200  loss=0.0136  train_err=0.20%  val_err=10.30%  lr=1.00e-03  time=6.3s
02:04:50 | INFO | Epoch 153/200  loss=0.0128  train_err=0.18%  val_err=10.36%  lr=1.00e-03  time=6.2s
02:04:56 | INFO | Epoch 154/200  loss=0.0134  train_err=0.16%  val_err=10.34%  lr=1.00e-03  time=6.2s
02:05:02 | INFO | Epoch 155/200  loss=0.0124  train_err=0.12%  val_err=10.54%  lr=1.00e-03  time=6.2s
02:05:09 | INFO | Epoch 156/200  loss=0.0129  train_err=0.14%  val_err=10.52%  lr=1.00e-03  time=6.3s
02:05:15 | INFO | Epoch 157/200  loss=0.0130  train_err=0.16%  val_err=10.34%  lr=1.00e-03  time=6.2s
02:05:21 | INFO | Epoch 158/200  loss=0.0129  train_err=0.15%  val_err=10.48%  lr=1.00e-03  time=6.3s
02:05:28 | INFO | Epoch 159/200  loss=0.0124  train_err=0.12%  val_err=10.34%  lr=1.00e-03  time=6.2s
02:05:34 | INFO | Epoch 160/200  loss=0.0122  train_err=0.12%  val_err=10.38%  lr=1.00e-03  time=6.2s
02:05:40 | INFO | Epoch 161/200  loss=0.0122  train_err=0.14%  val_err=10.48%  lr=1.00e-03  time=6.2s
02:05:46 | INFO | Epoch 162/200  loss=0.0119  train_err=0.12%  val_err=10.32%  lr=1.00e-03  time=6.3s
02:05:53 | INFO | Epoch 163/200  loss=0.0123  train_err=0.16%  val_err=10.42%  lr=1.00e-03  time=6.2s
02:05:59 | INFO | Epoch 164/200  loss=0.0120  train_err=0.12%  val_err=10.36%  lr=1.00e-03  time=6.3s
02:06:05 | INFO | Epoch 165/200  loss=0.0122  train_err=0.14%  val_err=10.22%  lr=1.00e-03  time=6.2s
02:06:11 | INFO | Epoch 166/200  loss=0.0126  train_err=0.16%  val_err=10.48%  lr=1.00e-03  time=6.3s
02:06:18 | INFO | Epoch 167/200  loss=0.0121  train_err=0.15%  val_err=10.44%  lr=1.00e-03  time=6.2s
02:06:24 | INFO | Epoch 168/200  loss=0.0121  train_err=0.12%  val_err=10.46%  lr=1.00e-03  time=6.2s
02:06:30 | INFO | Epoch 169/200  loss=0.0117  train_err=0.10%  val_err=10.40%  lr=1.00e-03  time=6.3s
02:06:37 | INFO | Epoch 170/200  loss=0.0121  train_err=0.15%  val_err=10.38%  lr=1.00e-03  time=6.3s
02:06:43 | INFO | Epoch 171/200  loss=0.0120  train_err=0.14%  val_err=10.56%  lr=1.00e-03  time=6.3s
02:06:49 | INFO | Epoch 172/200  loss=0.0118  train_err=0.13%  val_err=10.54%  lr=1.00e-03  time=6.3s
02:06:55 | INFO | Epoch 173/200  loss=0.0122  train_err=0.15%  val_err=10.46%  lr=1.00e-03  time=6.3s
02:07:02 | INFO | Epoch 174/200  loss=0.0120  train_err=0.13%  val_err=10.54%  lr=1.00e-03  time=6.2s
02:07:08 | INFO | Epoch 175/200  loss=0.0121  train_err=0.13%  val_err=10.44%  lr=1.00e-03  time=6.2s
02:07:14 | INFO | Epoch 176/200  loss=0.0115  train_err=0.11%  val_err=10.52%  lr=1.00e-03  time=6.2s
02:07:20 | INFO | Epoch 177/200  loss=0.0116  train_err=0.12%  val_err=10.62%  lr=1.00e-03  time=6.3s
02:07:27 | INFO | Epoch 178/200  loss=0.0117  train_err=0.12%  val_err=10.40%  lr=1.00e-03  time=6.2s
02:07:33 | INFO | Epoch 179/200  loss=0.0116  train_err=0.12%  val_err=10.38%  lr=1.00e-03  time=6.2s
02:07:39 | INFO | Epoch 180/200  loss=0.0114  train_err=0.13%  val_err=10.54%  lr=1.00e-03  time=6.2s
02:07:45 | INFO | Epoch 181/200  loss=0.0115  train_err=0.13%  val_err=10.58%  lr=1.00e-03  time=6.2s
02:07:52 | INFO | Epoch 182/200  loss=0.0117  train_err=0.12%  val_err=10.42%  lr=1.00e-03  time=6.2s
02:07:58 | INFO | Epoch 183/200  loss=0.0114  train_err=0.10%  val_err=10.52%  lr=1.00e-03  time=6.2s
02:08:04 | INFO | Epoch 184/200  loss=0.0112  train_err=0.10%  val_err=10.38%  lr=1.00e-03  time=6.2s
02:08:10 | INFO | Epoch 185/200  loss=0.0117  train_err=0.14%  val_err=10.52%  lr=1.00e-03  time=6.2s
02:08:17 | INFO | Epoch 186/200  loss=0.0121  train_err=0.14%  val_err=10.36%  lr=1.00e-03  time=6.2s
02:08:23 | INFO | Epoch 187/200  loss=0.0118  train_err=0.11%  val_err=10.34%  lr=1.00e-03  time=6.2s
02:08:29 | INFO | Epoch 188/200  loss=0.0113  train_err=0.10%  val_err=10.58%  lr=1.00e-03  time=6.2s
02:08:35 | INFO | Epoch 189/200  loss=0.0116  train_err=0.14%  val_err=10.40%  lr=1.00e-03  time=6.2s
02:08:42 | INFO | Epoch 190/200  loss=0.0117  train_err=0.10%  val_err=10.50%  lr=1.00e-03  time=6.2s
02:08:48 | INFO | Epoch 191/200  loss=0.0112  train_err=0.11%  val_err=10.36%  lr=1.00e-03  time=6.3s
02:08:54 | INFO | Epoch 192/200  loss=0.0110  train_err=0.12%  val_err=10.50%  lr=1.00e-03  time=6.2s
02:09:01 | INFO | Epoch 193/200  loss=0.0114  train_err=0.13%  val_err=10.48%  lr=1.00e-03  time=6.2s
02:09:07 | INFO | Epoch 194/200  loss=0.0111  train_err=0.11%  val_err=10.46%  lr=1.00e-03  time=6.2s
02:09:13 | INFO | Epoch 195/200  loss=0.0111  train_err=0.09%  val_err=10.56%  lr=1.00e-03  time=6.3s
02:09:19 | INFO | Epoch 196/200  loss=0.0116  train_err=0.16%  val_err=10.76%  lr=1.00e-03  time=6.2s
02:09:26 | INFO | Epoch 197/200  loss=0.0112  train_err=0.11%  val_err=10.44%  lr=1.00e-03  time=6.2s
02:09:32 | INFO | Epoch 198/200  loss=0.0115  train_err=0.12%  val_err=10.60%  lr=1.00e-03  time=6.2s
02:09:38 | INFO | Epoch 199/200  loss=0.0107  train_err=0.07%  val_err=10.36%  lr=1.00e-03  time=6.2s
02:09:44 | INFO | Epoch 200/200  loss=0.0116  train_err=0.10%  val_err=10.38%  lr=1.00e-03  time=6.2s
02:09:44 | INFO | Training complete. Best val acc@1: 89.94%
02:09:44 | INFO | Artifacts saved to: runs/d4_gated
02:09:44 | INFO | To test the model, run: python scripts/test.py --checkpoint runs/d4_gated/best.pt --config runs/d4_gated/config.json
