07:07:30 | INFO | Run: d32_scaled
07:07:30 | INFO | Variant: scaled
07:07:30 | INFO | Config: runs/d32_scaled/config.json
07:07:30 | INFO | Device: cuda
07:07:32 | INFO | Data: train=45000  val=5000
07:07:32 | INFO | Model: scaled depth=32  params=2,372,042
07:07:35 | INFO | NumExpr defaulting to 12 threads.
07:08:13 | INFO | Epoch   1/200  loss=2.2716  train_err=85.87%  val_err=85.50%  lr=2.01e-02  time=36.1s
07:08:49 | INFO | Epoch   2/200  loss=1.7688  train_err=64.81%  val_err=57.10%  lr=4.01e-02  time=35.6s
07:09:25 | INFO | Epoch   3/200  loss=1.3328  train_err=48.86%  val_err=45.76%  lr=6.00e-02  time=35.6s
07:10:00 | INFO | Epoch   4/200  loss=1.0853  train_err=39.12%  val_err=38.14%  lr=8.00e-02  time=35.6s
07:10:36 | INFO | Epoch   5/200  loss=0.9205  train_err=33.14%  val_err=37.36%  lr=1.00e-01  time=35.5s
07:11:12 | INFO | Epoch   6/200  loss=0.8179  train_err=28.80%  val_err=32.44%  lr=1.00e-01  time=35.5s
07:11:48 | INFO | Epoch   7/200  loss=0.7036  train_err=24.30%  val_err=32.60%  lr=1.00e-01  time=35.5s
07:12:23 | INFO | Epoch   8/200  loss=0.6334  train_err=21.84%  val_err=27.76%  lr=1.00e-01  time=35.5s
07:12:59 | INFO | Epoch   9/200  loss=0.5677  train_err=19.50%  val_err=20.78%  lr=1.00e-01  time=35.5s
07:13:35 | INFO | Epoch  10/200  loss=0.5277  train_err=17.84%  val_err=24.36%  lr=1.00e-01  time=35.5s
07:14:10 | INFO | Epoch  11/200  loss=0.4919  train_err=16.92%  val_err=25.88%  lr=1.00e-01  time=35.5s
07:14:46 | INFO | Epoch  12/200  loss=0.4558  train_err=15.69%  val_err=19.90%  lr=1.00e-01  time=35.6s
07:15:22 | INFO | Epoch  13/200  loss=0.4306  train_err=14.85%  val_err=21.12%  lr=1.00e-01  time=35.6s
07:15:58 | INFO | Epoch  14/200  loss=0.4062  train_err=13.81%  val_err=18.34%  lr=1.00e-01  time=35.6s
07:16:33 | INFO | Epoch  15/200  loss=0.3880  train_err=13.27%  val_err=22.56%  lr=1.00e-01  time=35.5s
07:17:09 | INFO | Epoch  16/200  loss=0.3673  train_err=12.68%  val_err=26.04%  lr=1.00e-01  time=35.6s
07:17:45 | INFO | Epoch  17/200  loss=0.3500  train_err=12.03%  val_err=19.34%  lr=1.00e-01  time=35.5s
07:18:20 | INFO | Epoch  18/200  loss=0.3417  train_err=11.68%  val_err=17.02%  lr=1.00e-01  time=35.5s
07:18:56 | INFO | Epoch  19/200  loss=0.3311  train_err=11.52%  val_err=22.74%  lr=1.00e-01  time=35.5s
07:19:32 | INFO | Epoch  20/200  loss=0.3152  train_err=10.88%  val_err=18.34%  lr=1.00e-01  time=35.5s
07:20:08 | INFO | Epoch  21/200  loss=0.3065  train_err=10.55%  val_err=16.90%  lr=1.00e-01  time=35.6s
07:20:43 | INFO | Epoch  22/200  loss=0.2974  train_err=10.15%  val_err=16.46%  lr=1.00e-01  time=35.5s
07:21:19 | INFO | Epoch  23/200  loss=0.2913  train_err=10.01%  val_err=14.88%  lr=1.00e-01  time=35.5s
07:21:55 | INFO | Epoch  24/200  loss=0.2834  train_err=9.88%  val_err=17.48%  lr=1.00e-01  time=35.5s
07:22:30 | INFO | Epoch  25/200  loss=0.2742  train_err=9.48%  val_err=16.56%  lr=1.00e-01  time=35.5s
07:23:06 | INFO | Epoch  26/200  loss=0.2604  train_err=8.94%  val_err=17.94%  lr=1.00e-01  time=35.5s
07:23:42 | INFO | Epoch  27/200  loss=0.2587  train_err=8.99%  val_err=16.96%  lr=1.00e-01  time=35.5s
07:24:17 | INFO | Epoch  28/200  loss=0.2540  train_err=8.81%  val_err=17.02%  lr=1.00e-01  time=35.5s
07:24:53 | INFO | Epoch  29/200  loss=0.2410  train_err=8.37%  val_err=15.82%  lr=1.00e-01  time=35.6s
07:25:29 | INFO | Epoch  30/200  loss=0.2370  train_err=8.29%  val_err=16.30%  lr=1.00e-01  time=35.5s
07:26:04 | INFO | Epoch  31/200  loss=0.2432  train_err=8.45%  val_err=19.22%  lr=1.00e-01  time=35.5s
07:26:40 | INFO | Epoch  32/200  loss=0.2278  train_err=8.00%  val_err=12.20%  lr=1.00e-01  time=35.5s
07:27:16 | INFO | Epoch  33/200  loss=0.2301  train_err=7.94%  val_err=20.90%  lr=1.00e-01  time=35.5s
07:27:51 | INFO | Epoch  34/200  loss=0.2208  train_err=7.53%  val_err=17.72%  lr=1.00e-01  time=35.5s
07:28:27 | INFO | Epoch  35/200  loss=0.2141  train_err=7.44%  val_err=20.14%  lr=1.00e-01  time=35.5s
07:29:03 | INFO | Epoch  36/200  loss=0.2200  train_err=7.69%  val_err=17.22%  lr=1.00e-01  time=35.5s
07:29:39 | INFO | Epoch  37/200  loss=0.2145  train_err=7.50%  val_err=18.58%  lr=1.00e-01  time=35.5s
07:30:14 | INFO | Epoch  38/200  loss=0.2108  train_err=7.28%  val_err=13.70%  lr=1.00e-01  time=35.6s
07:30:50 | INFO | Epoch  39/200  loss=0.2066  train_err=7.23%  val_err=16.18%  lr=1.00e-01  time=35.6s
07:31:26 | INFO | Epoch  40/200  loss=0.2016  train_err=7.03%  val_err=12.12%  lr=1.00e-01  time=35.6s
07:32:02 | INFO | Epoch  41/200  loss=0.1970  train_err=6.85%  val_err=15.62%  lr=1.00e-01  time=35.6s
07:32:37 | INFO | Epoch  42/200  loss=0.1964  train_err=6.78%  val_err=20.36%  lr=1.00e-01  time=35.5s
07:33:13 | INFO | Epoch  43/200  loss=0.1936  train_err=6.68%  val_err=14.28%  lr=1.00e-01  time=35.5s
07:33:49 | INFO | Epoch  44/200  loss=0.1980  train_err=6.89%  val_err=13.40%  lr=1.00e-01  time=35.5s
07:34:24 | INFO | Epoch  45/200  loss=0.1846  train_err=6.30%  val_err=17.44%  lr=1.00e-01  time=35.5s
07:35:00 | INFO | Epoch  46/200  loss=0.1902  train_err=6.59%  val_err=13.28%  lr=1.00e-01  time=35.5s
07:35:36 | INFO | Epoch  47/200  loss=0.1877  train_err=6.51%  val_err=14.08%  lr=1.00e-01  time=35.6s
07:36:11 | INFO | Epoch  48/200  loss=0.1857  train_err=6.53%  val_err=13.04%  lr=1.00e-01  time=35.5s
07:36:47 | INFO | Epoch  49/200  loss=0.1872  train_err=6.61%  val_err=15.08%  lr=1.00e-01  time=35.6s
07:37:23 | INFO | Epoch  50/200  loss=0.1832  train_err=6.45%  val_err=19.06%  lr=1.00e-01  time=35.5s
07:37:58 | INFO | Epoch  51/200  loss=0.1806  train_err=6.33%  val_err=16.64%  lr=1.00e-01  time=35.5s
07:38:34 | INFO | Epoch  52/200  loss=0.1686  train_err=5.87%  val_err=19.20%  lr=1.00e-01  time=35.5s
07:39:10 | INFO | Epoch  53/200  loss=0.1734  train_err=6.07%  val_err=13.10%  lr=1.00e-01  time=35.5s
07:39:45 | INFO | Epoch  54/200  loss=0.1735  train_err=6.03%  val_err=16.38%  lr=1.00e-01  time=35.6s
07:40:21 | INFO | Epoch  55/200  loss=0.1694  train_err=6.00%  val_err=13.98%  lr=1.00e-01  time=35.5s
07:40:57 | INFO | Epoch  56/200  loss=0.1747  train_err=6.05%  val_err=14.04%  lr=1.00e-01  time=35.6s
07:41:32 | INFO | Epoch  57/200  loss=0.1705  train_err=6.00%  val_err=11.00%  lr=1.00e-01  time=35.5s
07:42:08 | INFO | Epoch  58/200  loss=0.1644  train_err=5.75%  val_err=19.30%  lr=1.00e-01  time=35.5s
07:42:44 | INFO | Epoch  59/200  loss=0.1710  train_err=5.91%  val_err=16.24%  lr=1.00e-01  time=35.6s
07:43:19 | INFO | Epoch  60/200  loss=0.1561  train_err=5.48%  val_err=16.98%  lr=1.00e-01  time=35.6s
07:43:55 | INFO | Epoch  61/200  loss=0.1702  train_err=5.89%  val_err=12.94%  lr=1.00e-01  time=35.6s
07:44:31 | INFO | Epoch  62/200  loss=0.1593  train_err=5.61%  val_err=19.12%  lr=1.00e-01  time=35.5s
07:45:06 | INFO | Epoch  63/200  loss=0.1586  train_err=5.64%  val_err=15.00%  lr=1.00e-01  time=35.6s
07:45:42 | INFO | Epoch  64/200  loss=0.1544  train_err=5.43%  val_err=17.52%  lr=1.00e-01  time=35.6s
07:46:18 | INFO | Epoch  65/200  loss=0.1654  train_err=5.75%  val_err=14.18%  lr=1.00e-01  time=35.6s
07:46:53 | INFO | Epoch  66/200  loss=0.1522  train_err=5.39%  val_err=15.74%  lr=1.00e-01  time=35.5s
07:47:29 | INFO | Epoch  67/200  loss=0.1531  train_err=5.44%  val_err=18.00%  lr=1.00e-01  time=35.5s
07:48:05 | INFO | Epoch  68/200  loss=0.1628  train_err=5.64%  val_err=22.18%  lr=1.00e-01  time=35.6s
07:48:40 | INFO | Epoch  69/200  loss=0.1506  train_err=5.34%  val_err=13.90%  lr=1.00e-01  time=35.5s
07:49:16 | INFO | Epoch  70/200  loss=0.1556  train_err=5.44%  val_err=14.06%  lr=1.00e-01  time=35.6s
07:49:52 | INFO | Epoch  71/200  loss=0.1593  train_err=5.48%  val_err=13.60%  lr=1.00e-01  time=35.6s
07:50:28 | INFO | Epoch  72/200  loss=0.1487  train_err=5.19%  val_err=15.42%  lr=1.00e-01  time=35.5s
07:51:03 | INFO | Epoch  73/200  loss=0.1541  train_err=5.42%  val_err=18.30%  lr=1.00e-01  time=35.5s
07:51:39 | INFO | Epoch  74/200  loss=0.1446  train_err=5.11%  val_err=16.34%  lr=1.00e-01  time=35.5s
07:52:15 | INFO | Epoch  75/200  loss=0.1598  train_err=5.57%  val_err=17.74%  lr=1.00e-01  time=35.6s
07:52:50 | INFO | Epoch  76/200  loss=0.1398  train_err=4.95%  val_err=12.80%  lr=1.00e-01  time=35.6s
07:53:26 | INFO | Epoch  77/200  loss=0.1527  train_err=5.35%  val_err=12.66%  lr=1.00e-01  time=35.6s
07:54:02 | INFO | Epoch  78/200  loss=0.1437  train_err=5.10%  val_err=17.50%  lr=1.00e-01  time=35.5s
07:54:37 | INFO | Epoch  79/200  loss=0.1415  train_err=4.79%  val_err=17.26%  lr=1.00e-01  time=35.6s
07:55:13 | INFO | Epoch  80/200  loss=0.1473  train_err=5.22%  val_err=13.36%  lr=1.00e-01  time=35.5s
07:55:49 | INFO | Epoch  81/200  loss=0.1396  train_err=4.91%  val_err=22.60%  lr=1.00e-01  time=35.5s
07:56:24 | INFO | Epoch  82/200  loss=0.1440  train_err=5.16%  val_err=13.38%  lr=1.00e-01  time=35.5s
07:57:00 | INFO | Epoch  83/200  loss=0.1448  train_err=4.99%  val_err=17.94%  lr=1.00e-01  time=35.5s
07:57:36 | INFO | Epoch  84/200  loss=0.1422  train_err=5.01%  val_err=14.76%  lr=1.00e-01  time=35.5s
07:58:11 | INFO | Epoch  85/200  loss=0.1468  train_err=5.09%  val_err=13.82%  lr=1.00e-01  time=35.5s
07:58:47 | INFO | Epoch  86/200  loss=0.1383  train_err=4.89%  val_err=16.24%  lr=1.00e-01  time=35.5s
07:59:23 | INFO | Epoch  87/200  loss=0.1386  train_err=4.80%  val_err=17.24%  lr=1.00e-01  time=35.5s
07:59:58 | INFO | Epoch  88/200  loss=0.1364  train_err=4.65%  val_err=12.90%  lr=1.00e-01  time=35.5s
08:00:34 | INFO | Epoch  89/200  loss=0.1339  train_err=4.71%  val_err=14.86%  lr=1.00e-01  time=35.5s
08:01:10 | INFO | Epoch  90/200  loss=0.1378  train_err=4.65%  val_err=15.64%  lr=1.00e-01  time=35.5s
08:01:45 | INFO | Epoch  91/200  loss=0.1371  train_err=4.83%  val_err=13.34%  lr=1.00e-01  time=35.5s
08:02:21 | INFO | Epoch  92/200  loss=0.1401  train_err=4.82%  val_err=16.24%  lr=1.00e-01  time=35.5s
08:02:56 | INFO | Epoch  93/200  loss=0.1360  train_err=4.75%  val_err=15.58%  lr=1.00e-01  time=35.5s
08:03:32 | INFO | Epoch  94/200  loss=0.1393  train_err=4.88%  val_err=23.24%  lr=1.00e-01  time=35.5s
08:04:08 | INFO | Epoch  95/200  loss=0.1354  train_err=4.83%  val_err=15.56%  lr=1.00e-01  time=35.5s
08:04:43 | INFO | Epoch  96/200  loss=0.1377  train_err=4.76%  val_err=13.60%  lr=1.00e-01  time=35.5s
08:05:19 | INFO | Epoch  97/200  loss=0.1335  train_err=4.65%  val_err=19.92%  lr=1.00e-01  time=35.5s
08:05:55 | INFO | Epoch  98/200  loss=0.1412  train_err=4.83%  val_err=21.46%  lr=1.00e-01  time=35.6s
08:06:30 | INFO | Epoch  99/200  loss=0.1292  train_err=4.44%  val_err=17.90%  lr=1.00e-01  time=35.6s
08:07:06 | INFO | Epoch 100/200  loss=0.1356  train_err=4.83%  val_err=14.56%  lr=1.00e-02  time=35.5s
08:07:42 | INFO | Epoch 101/200  loss=0.0494  train_err=1.51%  val_err=7.44%  lr=1.00e-02  time=35.5s
08:08:18 | INFO | Epoch 102/200  loss=0.0272  train_err=0.70%  val_err=7.12%  lr=1.00e-02  time=35.5s
08:08:53 | INFO | Epoch 103/200  loss=0.0215  train_err=0.58%  val_err=7.12%  lr=1.00e-02  time=35.5s
08:09:29 | INFO | Epoch 104/200  loss=0.0159  train_err=0.32%  val_err=6.84%  lr=1.00e-02  time=35.5s
08:10:05 | INFO | Epoch 105/200  loss=0.0146  train_err=0.31%  val_err=6.72%  lr=1.00e-02  time=35.6s
08:10:41 | INFO | Epoch 106/200  loss=0.0123  train_err=0.25%  val_err=6.82%  lr=1.00e-02  time=35.6s
08:11:16 | INFO | Epoch 107/200  loss=0.0118  train_err=0.24%  val_err=6.80%  lr=1.00e-02  time=35.6s
08:11:52 | INFO | Epoch 108/200  loss=0.0104  train_err=0.21%  val_err=6.72%  lr=1.00e-02  time=35.5s
08:12:28 | INFO | Epoch 109/200  loss=0.0093  train_err=0.17%  val_err=6.70%  lr=1.00e-02  time=35.5s
08:13:04 | INFO | Epoch 110/200  loss=0.0088  train_err=0.17%  val_err=6.64%  lr=1.00e-02  time=35.5s
08:13:39 | INFO | Epoch 111/200  loss=0.0075  train_err=0.10%  val_err=6.48%  lr=1.00e-02  time=35.5s
08:14:15 | INFO | Epoch 112/200  loss=0.0070  train_err=0.10%  val_err=6.56%  lr=1.00e-02  time=35.5s
08:14:51 | INFO | Epoch 113/200  loss=0.0065  train_err=0.08%  val_err=6.72%  lr=1.00e-02  time=35.5s
08:15:26 | INFO | Epoch 114/200  loss=0.0061  train_err=0.10%  val_err=6.58%  lr=1.00e-02  time=35.5s
08:16:02 | INFO | Epoch 115/200  loss=0.0063  train_err=0.11%  val_err=6.64%  lr=1.00e-02  time=35.5s
08:16:38 | INFO | Epoch 116/200  loss=0.0061  train_err=0.09%  val_err=6.62%  lr=1.00e-02  time=35.5s
08:17:13 | INFO | Epoch 117/200  loss=0.0053  train_err=0.08%  val_err=6.62%  lr=1.00e-02  time=35.5s
08:17:49 | INFO | Epoch 118/200  loss=0.0050  train_err=0.06%  val_err=6.60%  lr=1.00e-02  time=35.5s
08:18:25 | INFO | Epoch 119/200  loss=0.0044  train_err=0.04%  val_err=6.62%  lr=1.00e-02  time=35.5s
08:19:00 | INFO | Epoch 120/200  loss=0.0046  train_err=0.07%  val_err=6.68%  lr=1.00e-02  time=35.5s
08:19:36 | INFO | Epoch 121/200  loss=0.0045  train_err=0.06%  val_err=6.60%  lr=1.00e-02  time=35.5s
08:20:12 | INFO | Epoch 122/200  loss=0.0045  train_err=0.08%  val_err=6.74%  lr=1.00e-02  time=35.6s
08:20:47 | INFO | Epoch 123/200  loss=0.0039  train_err=0.03%  val_err=6.70%  lr=1.00e-02  time=35.5s
08:21:23 | INFO | Epoch 124/200  loss=0.0039  train_err=0.05%  val_err=6.86%  lr=1.00e-02  time=35.6s
08:21:59 | INFO | Epoch 125/200  loss=0.0038  train_err=0.05%  val_err=6.40%  lr=1.00e-02  time=35.5s
08:22:34 | INFO | Epoch 126/200  loss=0.0038  train_err=0.05%  val_err=6.42%  lr=1.00e-02  time=35.5s
08:23:10 | INFO | Epoch 127/200  loss=0.0034  train_err=0.04%  val_err=6.44%  lr=1.00e-02  time=35.6s
08:23:46 | INFO | Epoch 128/200  loss=0.0032  train_err=0.03%  val_err=6.48%  lr=1.00e-02  time=35.5s
08:24:22 | INFO | Epoch 129/200  loss=0.0032  train_err=0.03%  val_err=6.38%  lr=1.00e-02  time=35.5s
08:24:57 | INFO | Epoch 130/200  loss=0.0031  train_err=0.03%  val_err=6.58%  lr=1.00e-02  time=35.5s
08:25:33 | INFO | Epoch 131/200  loss=0.0030  train_err=0.04%  val_err=6.44%  lr=1.00e-02  time=35.5s
08:26:08 | INFO | Epoch 132/200  loss=0.0031  train_err=0.03%  val_err=6.52%  lr=1.00e-02  time=35.5s
08:26:44 | INFO | Epoch 133/200  loss=0.0030  train_err=0.04%  val_err=6.70%  lr=1.00e-02  time=35.5s
08:27:20 | INFO | Epoch 134/200  loss=0.0031  train_err=0.04%  val_err=6.58%  lr=1.00e-02  time=35.5s
08:27:55 | INFO | Epoch 135/200  loss=0.0029  train_err=0.03%  val_err=6.66%  lr=1.00e-02  time=35.5s
08:28:31 | INFO | Epoch 136/200  loss=0.0028  train_err=0.02%  val_err=6.64%  lr=1.00e-02  time=35.6s
08:29:07 | INFO | Epoch 137/200  loss=0.0027  train_err=0.04%  val_err=6.56%  lr=1.00e-02  time=35.5s
08:29:42 | INFO | Epoch 138/200  loss=0.0026  train_err=0.03%  val_err=6.56%  lr=1.00e-02  time=35.5s
08:30:18 | INFO | Epoch 139/200  loss=0.0025  train_err=0.03%  val_err=6.52%  lr=1.00e-02  time=35.5s
08:30:54 | INFO | Epoch 140/200  loss=0.0023  train_err=0.02%  val_err=6.56%  lr=1.00e-02  time=35.5s
08:31:29 | INFO | Epoch 141/200  loss=0.0022  train_err=0.02%  val_err=6.54%  lr=1.00e-02  time=35.6s
08:32:05 | INFO | Epoch 142/200  loss=0.0023  train_err=0.02%  val_err=6.68%  lr=1.00e-02  time=35.6s
08:32:41 | INFO | Epoch 143/200  loss=0.0022  train_err=0.03%  val_err=6.76%  lr=1.00e-02  time=35.6s
08:33:17 | INFO | Epoch 144/200  loss=0.0021  train_err=0.01%  val_err=6.58%  lr=1.00e-02  time=35.6s
08:33:52 | INFO | Epoch 145/200  loss=0.0025  train_err=0.02%  val_err=6.64%  lr=1.00e-02  time=35.5s
08:34:28 | INFO | Epoch 146/200  loss=0.0021  train_err=0.02%  val_err=6.50%  lr=1.00e-02  time=35.6s
08:35:04 | INFO | Epoch 147/200  loss=0.0020  train_err=0.01%  val_err=6.42%  lr=1.00e-02  time=35.6s
08:35:39 | INFO | Epoch 148/200  loss=0.0022  train_err=0.02%  val_err=6.36%  lr=1.00e-02  time=35.5s
08:36:15 | INFO | Epoch 149/200  loss=0.0022  train_err=0.02%  val_err=6.42%  lr=1.00e-02  time=35.5s
08:36:51 | INFO | Epoch 150/200  loss=0.0021  train_err=0.02%  val_err=6.32%  lr=1.00e-03  time=35.6s
08:37:27 | INFO | Epoch 151/200  loss=0.0020  train_err=0.01%  val_err=6.38%  lr=1.00e-03  time=35.6s
08:38:02 | INFO | Epoch 152/200  loss=0.0021  train_err=0.02%  val_err=6.26%  lr=1.00e-03  time=35.5s
08:38:38 | INFO | Epoch 153/200  loss=0.0018  train_err=0.02%  val_err=6.38%  lr=1.00e-03  time=35.6s
08:39:14 | INFO | Epoch 154/200  loss=0.0019  train_err=0.01%  val_err=6.34%  lr=1.00e-03  time=35.6s
08:39:49 | INFO | Epoch 155/200  loss=0.0020  train_err=0.01%  val_err=6.36%  lr=1.00e-03  time=35.5s
08:40:25 | INFO | Epoch 156/200  loss=0.0017  train_err=0.01%  val_err=6.32%  lr=1.00e-03  time=35.5s
08:41:01 | INFO | Epoch 157/200  loss=0.0018  train_err=0.02%  val_err=6.40%  lr=1.00e-03  time=35.5s
08:41:36 | INFO | Epoch 158/200  loss=0.0018  train_err=0.01%  val_err=6.52%  lr=1.00e-03  time=35.6s
08:42:12 | INFO | Epoch 159/200  loss=0.0017  train_err=0.01%  val_err=6.44%  lr=1.00e-03  time=35.5s
08:42:48 | INFO | Epoch 160/200  loss=0.0018  train_err=0.02%  val_err=6.28%  lr=1.00e-03  time=35.5s
08:43:23 | INFO | Epoch 161/200  loss=0.0018  train_err=0.01%  val_err=6.52%  lr=1.00e-03  time=35.5s
08:43:59 | INFO | Epoch 162/200  loss=0.0018  train_err=0.01%  val_err=6.34%  lr=1.00e-03  time=35.5s
08:44:35 | INFO | Epoch 163/200  loss=0.0017  train_err=0.01%  val_err=6.44%  lr=1.00e-03  time=35.5s
08:45:10 | INFO | Epoch 164/200  loss=0.0016  train_err=0.01%  val_err=6.42%  lr=1.00e-03  time=35.5s
08:45:46 | INFO | Epoch 165/200  loss=0.0017  train_err=0.01%  val_err=6.24%  lr=1.00e-03  time=35.5s
08:46:22 | INFO | Epoch 166/200  loss=0.0019  train_err=0.02%  val_err=6.48%  lr=1.00e-03  time=35.5s
08:46:57 | INFO | Epoch 167/200  loss=0.0018  train_err=0.01%  val_err=6.46%  lr=1.00e-03  time=35.5s
08:47:33 | INFO | Epoch 168/200  loss=0.0017  train_err=0.01%  val_err=6.48%  lr=1.00e-03  time=35.5s
08:48:09 | INFO | Epoch 169/200  loss=0.0017  train_err=0.01%  val_err=6.36%  lr=1.00e-03  time=35.5s
08:48:44 | INFO | Epoch 170/200  loss=0.0017  train_err=0.01%  val_err=6.30%  lr=1.00e-03  time=35.5s
08:49:20 | INFO | Epoch 171/200  loss=0.0016  train_err=0.01%  val_err=6.42%  lr=1.00e-03  time=35.5s
08:49:56 | INFO | Epoch 172/200  loss=0.0016  train_err=0.01%  val_err=6.44%  lr=1.00e-03  time=35.5s
08:50:31 | INFO | Epoch 173/200  loss=0.0017  train_err=0.01%  val_err=6.44%  lr=1.00e-03  time=35.6s
08:51:07 | INFO | Epoch 174/200  loss=0.0016  train_err=0.01%  val_err=6.26%  lr=1.00e-03  time=35.6s
08:51:43 | INFO | Epoch 175/200  loss=0.0017  train_err=0.01%  val_err=6.44%  lr=1.00e-03  time=35.5s
08:52:18 | INFO | Epoch 176/200  loss=0.0016  train_err=0.00%  val_err=6.36%  lr=1.00e-03  time=35.5s
08:52:54 | INFO | Epoch 177/200  loss=0.0018  train_err=0.01%  val_err=6.46%  lr=1.00e-03  time=35.5s
08:53:30 | INFO | Epoch 178/200  loss=0.0016  train_err=0.00%  val_err=6.46%  lr=1.00e-03  time=35.5s
08:54:05 | INFO | Epoch 179/200  loss=0.0016  train_err=0.01%  val_err=6.44%  lr=1.00e-03  time=35.5s
08:54:41 | INFO | Epoch 180/200  loss=0.0017  train_err=0.01%  val_err=6.56%  lr=1.00e-03  time=35.5s
08:55:17 | INFO | Epoch 181/200  loss=0.0015  train_err=0.01%  val_err=6.52%  lr=1.00e-03  time=35.5s
08:55:52 | INFO | Epoch 182/200  loss=0.0016  train_err=0.00%  val_err=6.36%  lr=1.00e-03  time=35.5s
08:56:28 | INFO | Epoch 183/200  loss=0.0018  train_err=0.01%  val_err=6.44%  lr=1.00e-03  time=35.5s
08:57:04 | INFO | Epoch 184/200  loss=0.0016  train_err=0.01%  val_err=6.50%  lr=1.00e-03  time=35.5s
08:57:39 | INFO | Epoch 185/200  loss=0.0018  train_err=0.01%  val_err=6.42%  lr=1.00e-03  time=35.5s
08:58:15 | INFO | Epoch 186/200  loss=0.0017  train_err=0.01%  val_err=6.34%  lr=1.00e-03  time=35.5s
08:58:51 | INFO | Epoch 187/200  loss=0.0016  train_err=0.02%  val_err=6.38%  lr=1.00e-03  time=35.5s
08:59:26 | INFO | Epoch 188/200  loss=0.0016  train_err=0.01%  val_err=6.32%  lr=1.00e-03  time=35.5s
09:00:02 | INFO | Epoch 189/200  loss=0.0016  train_err=0.01%  val_err=6.44%  lr=1.00e-03  time=35.5s
09:00:38 | INFO | Epoch 190/200  loss=0.0016  train_err=0.00%  val_err=6.62%  lr=1.00e-03  time=35.6s
09:01:13 | INFO | Epoch 191/200  loss=0.0016  train_err=0.01%  val_err=6.50%  lr=1.00e-03  time=35.5s
09:01:49 | INFO | Epoch 192/200  loss=0.0015  train_err=0.01%  val_err=6.34%  lr=1.00e-03  time=35.5s
09:02:25 | INFO | Epoch 193/200  loss=0.0016  train_err=0.01%  val_err=6.56%  lr=1.00e-03  time=35.6s
09:03:00 | INFO | Epoch 194/200  loss=0.0018  train_err=0.02%  val_err=6.40%  lr=1.00e-03  time=35.6s
09:03:36 | INFO | Epoch 195/200  loss=0.0017  train_err=0.00%  val_err=6.42%  lr=1.00e-03  time=35.5s
09:04:12 | INFO | Epoch 196/200  loss=0.0015  train_err=0.01%  val_err=6.38%  lr=1.00e-03  time=35.5s
09:04:47 | INFO | Epoch 197/200  loss=0.0014  train_err=0.00%  val_err=6.52%  lr=1.00e-03  time=35.5s
09:05:23 | INFO | Epoch 198/200  loss=0.0016  train_err=0.01%  val_err=6.36%  lr=1.00e-03  time=35.5s
09:05:59 | INFO | Epoch 199/200  loss=0.0014  train_err=0.01%  val_err=6.54%  lr=1.00e-03  time=35.5s
09:06:34 | INFO | Epoch 200/200  loss=0.0016  train_err=0.01%  val_err=6.38%  lr=1.00e-03  time=35.5s
09:06:34 | INFO | Training complete. Best val acc@1: 93.76%
09:06:34 | INFO | Artifacts saved to: runs/d32_scaled
09:06:34 | INFO | To test the model, run: python scripts/test.py --checkpoint runs/d32_scaled/best.pt --config runs/d32_scaled/config.json
