02:17:34 | INFO | Run: d32_baseline
02:17:34 | INFO | Variant: baseline
02:17:34 | INFO | Config: runs/d32_baseline/config.json
02:17:34 | INFO | Device: cuda
02:17:35 | INFO | Data: train=45000  val=5000
02:17:35 | INFO | Model: baseline depth=32  params=2,369,994
02:17:38 | INFO | NumExpr defaulting to 12 threads.
02:18:13 | INFO | Epoch   1/200  loss=2.2716  train_err=85.88%  val_err=85.50%  lr=2.01e-02  time=33.4s
02:18:47 | INFO | Epoch   2/200  loss=1.7476  train_err=64.25%  val_err=53.36%  lr=4.01e-02  time=32.8s
02:19:20 | INFO | Epoch   3/200  loss=1.2983  train_err=47.76%  val_err=47.76%  lr=6.00e-02  time=32.8s
02:19:53 | INFO | Epoch   4/200  loss=1.0668  train_err=38.19%  val_err=37.96%  lr=8.00e-02  time=32.8s
02:20:26 | INFO | Epoch   5/200  loss=0.9023  train_err=32.06%  val_err=31.90%  lr=1.00e-01  time=32.8s
02:20:59 | INFO | Epoch   6/200  loss=0.8053  train_err=28.37%  val_err=31.54%  lr=1.00e-01  time=32.8s
02:21:32 | INFO | Epoch   7/200  loss=0.6982  train_err=24.28%  val_err=28.82%  lr=1.00e-01  time=32.8s
02:22:05 | INFO | Epoch   8/200  loss=0.6248  train_err=21.90%  val_err=26.00%  lr=1.00e-01  time=32.8s
02:22:38 | INFO | Epoch   9/200  loss=0.5605  train_err=19.40%  val_err=27.02%  lr=1.00e-01  time=32.8s
02:23:11 | INFO | Epoch  10/200  loss=0.5180  train_err=17.73%  val_err=28.64%  lr=1.00e-01  time=32.8s
02:23:44 | INFO | Epoch  11/200  loss=0.4853  train_err=16.66%  val_err=17.70%  lr=1.00e-01  time=32.8s
02:24:17 | INFO | Epoch  12/200  loss=0.4563  train_err=15.81%  val_err=22.90%  lr=1.00e-01  time=32.8s
02:24:50 | INFO | Epoch  13/200  loss=0.4259  train_err=14.61%  val_err=25.92%  lr=1.00e-01  time=32.8s
02:25:23 | INFO | Epoch  14/200  loss=0.4037  train_err=13.90%  val_err=18.12%  lr=1.00e-01  time=32.8s
02:25:55 | INFO | Epoch  15/200  loss=0.3845  train_err=13.10%  val_err=21.68%  lr=1.00e-01  time=32.8s
02:26:28 | INFO | Epoch  16/200  loss=0.3708  train_err=12.70%  val_err=27.10%  lr=1.00e-01  time=32.8s
02:27:01 | INFO | Epoch  17/200  loss=0.3508  train_err=12.21%  val_err=22.58%  lr=1.00e-01  time=32.8s
02:27:34 | INFO | Epoch  18/200  loss=0.3380  train_err=11.63%  val_err=14.48%  lr=1.00e-01  time=32.8s
02:28:07 | INFO | Epoch  19/200  loss=0.3296  train_err=11.33%  val_err=18.04%  lr=1.00e-01  time=32.9s
02:28:40 | INFO | Epoch  20/200  loss=0.3178  train_err=10.94%  val_err=19.82%  lr=1.00e-01  time=32.8s
02:29:13 | INFO | Epoch  21/200  loss=0.3012  train_err=10.42%  val_err=15.66%  lr=1.00e-01  time=32.8s
02:29:46 | INFO | Epoch  22/200  loss=0.2972  train_err=10.27%  val_err=16.82%  lr=1.00e-01  time=32.8s
02:30:19 | INFO | Epoch  23/200  loss=0.2923  train_err=10.16%  val_err=18.86%  lr=1.00e-01  time=32.8s
02:30:52 | INFO | Epoch  24/200  loss=0.2825  train_err=9.74%  val_err=20.86%  lr=1.00e-01  time=32.8s
02:31:25 | INFO | Epoch  25/200  loss=0.2712  train_err=9.28%  val_err=30.80%  lr=1.00e-01  time=32.8s
02:31:58 | INFO | Epoch  26/200  loss=0.2612  train_err=8.99%  val_err=19.28%  lr=1.00e-01  time=32.8s
02:32:31 | INFO | Epoch  27/200  loss=0.2595  train_err=8.90%  val_err=15.58%  lr=1.00e-01  time=32.8s
02:33:04 | INFO | Epoch  28/200  loss=0.2465  train_err=8.44%  val_err=14.50%  lr=1.00e-01  time=32.8s
02:33:37 | INFO | Epoch  29/200  loss=0.2433  train_err=8.43%  val_err=18.32%  lr=1.00e-01  time=32.9s
02:34:10 | INFO | Epoch  30/200  loss=0.2460  train_err=8.58%  val_err=21.92%  lr=1.00e-01  time=32.9s
02:34:43 | INFO | Epoch  31/200  loss=0.2331  train_err=8.01%  val_err=14.06%  lr=1.00e-01  time=32.9s
02:35:16 | INFO | Epoch  32/200  loss=0.2233  train_err=7.65%  val_err=16.32%  lr=1.00e-01  time=32.9s
02:35:49 | INFO | Epoch  33/200  loss=0.2274  train_err=7.74%  val_err=20.62%  lr=1.00e-01  time=32.9s
02:36:22 | INFO | Epoch  34/200  loss=0.2252  train_err=7.73%  val_err=18.68%  lr=1.00e-01  time=32.9s
02:36:55 | INFO | Epoch  35/200  loss=0.2206  train_err=7.57%  val_err=13.58%  lr=1.00e-01  time=32.9s
02:37:28 | INFO | Epoch  36/200  loss=0.2171  train_err=7.51%  val_err=17.56%  lr=1.00e-01  time=32.9s
02:38:01 | INFO | Epoch  37/200  loss=0.2147  train_err=7.44%  val_err=16.00%  lr=1.00e-01  time=32.8s
02:38:34 | INFO | Epoch  38/200  loss=0.2114  train_err=7.20%  val_err=16.68%  lr=1.00e-01  time=32.8s
02:39:07 | INFO | Epoch  39/200  loss=0.2096  train_err=7.19%  val_err=22.06%  lr=1.00e-01  time=32.9s
02:39:40 | INFO | Epoch  40/200  loss=0.2061  train_err=7.16%  val_err=13.94%  lr=1.00e-01  time=32.8s
02:40:13 | INFO | Epoch  41/200  loss=0.1995  train_err=7.00%  val_err=16.84%  lr=1.00e-01  time=32.8s
02:40:46 | INFO | Epoch  42/200  loss=0.1939  train_err=6.63%  val_err=22.28%  lr=1.00e-01  time=32.8s
02:41:19 | INFO | Epoch  43/200  loss=0.1951  train_err=6.78%  val_err=16.80%  lr=1.00e-01  time=32.8s
02:41:52 | INFO | Epoch  44/200  loss=0.1886  train_err=6.49%  val_err=11.64%  lr=1.00e-01  time=32.8s
02:42:25 | INFO | Epoch  45/200  loss=0.1849  train_err=6.43%  val_err=18.10%  lr=1.00e-01  time=32.9s
02:42:58 | INFO | Epoch  46/200  loss=0.1873  train_err=6.60%  val_err=22.70%  lr=1.00e-01  time=32.8s
02:43:30 | INFO | Epoch  47/200  loss=0.1865  train_err=6.57%  val_err=17.94%  lr=1.00e-01  time=32.8s
02:44:03 | INFO | Epoch  48/200  loss=0.1804  train_err=6.23%  val_err=12.64%  lr=1.00e-01  time=32.8s
02:44:36 | INFO | Epoch  49/200  loss=0.1806  train_err=6.30%  val_err=13.68%  lr=1.00e-01  time=32.8s
02:45:09 | INFO | Epoch  50/200  loss=0.1787  train_err=6.22%  val_err=13.62%  lr=1.00e-01  time=32.8s
02:45:42 | INFO | Epoch  51/200  loss=0.1758  train_err=6.07%  val_err=15.54%  lr=1.00e-01  time=32.8s
02:46:15 | INFO | Epoch  52/200  loss=0.1685  train_err=5.92%  val_err=15.38%  lr=1.00e-01  time=32.8s
02:46:48 | INFO | Epoch  53/200  loss=0.1783  train_err=6.21%  val_err=14.94%  lr=1.00e-01  time=32.8s
02:47:21 | INFO | Epoch  54/200  loss=0.1728  train_err=6.02%  val_err=18.18%  lr=1.00e-01  time=32.8s
02:47:54 | INFO | Epoch  55/200  loss=0.1628  train_err=5.63%  val_err=13.88%  lr=1.00e-01  time=32.8s
02:48:27 | INFO | Epoch  56/200  loss=0.1744  train_err=6.01%  val_err=16.98%  lr=1.00e-01  time=32.8s
02:49:00 | INFO | Epoch  57/200  loss=0.1701  train_err=6.06%  val_err=16.18%  lr=1.00e-01  time=32.8s
02:49:33 | INFO | Epoch  58/200  loss=0.1672  train_err=5.79%  val_err=13.22%  lr=1.00e-01  time=32.8s
02:50:06 | INFO | Epoch  59/200  loss=0.1694  train_err=5.81%  val_err=17.40%  lr=1.00e-01  time=32.8s
02:50:39 | INFO | Epoch  60/200  loss=0.1632  train_err=5.64%  val_err=19.00%  lr=1.00e-01  time=32.8s
02:51:12 | INFO | Epoch  61/200  loss=0.1640  train_err=5.77%  val_err=13.90%  lr=1.00e-01  time=32.8s
02:51:45 | INFO | Epoch  62/200  loss=0.1627  train_err=5.67%  val_err=14.64%  lr=1.00e-01  time=32.8s
02:52:17 | INFO | Epoch  63/200  loss=0.1561  train_err=5.37%  val_err=13.72%  lr=1.00e-01  time=32.8s
02:52:50 | INFO | Epoch  64/200  loss=0.1585  train_err=5.59%  val_err=19.46%  lr=1.00e-01  time=32.8s
02:53:23 | INFO | Epoch  65/200  loss=0.1527  train_err=5.17%  val_err=12.96%  lr=1.00e-01  time=32.8s
02:53:56 | INFO | Epoch  66/200  loss=0.1490  train_err=5.19%  val_err=18.94%  lr=1.00e-01  time=32.8s
02:54:29 | INFO | Epoch  67/200  loss=0.1558  train_err=5.37%  val_err=17.90%  lr=1.00e-01  time=32.8s
02:55:02 | INFO | Epoch  68/200  loss=0.1567  train_err=5.48%  val_err=16.48%  lr=1.00e-01  time=32.9s
02:55:35 | INFO | Epoch  69/200  loss=0.1512  train_err=5.18%  val_err=16.48%  lr=1.00e-01  time=33.0s
02:56:08 | INFO | Epoch  70/200  loss=0.1480  train_err=5.08%  val_err=10.56%  lr=1.00e-01  time=33.0s
02:56:42 | INFO | Epoch  71/200  loss=0.1510  train_err=5.16%  val_err=16.72%  lr=1.00e-01  time=33.0s
02:57:15 | INFO | Epoch  72/200  loss=0.1531  train_err=5.44%  val_err=13.12%  lr=1.00e-01  time=32.9s
02:57:48 | INFO | Epoch  73/200  loss=0.1460  train_err=4.99%  val_err=15.70%  lr=1.00e-01  time=32.9s
02:58:21 | INFO | Epoch  74/200  loss=0.1461  train_err=5.02%  val_err=16.72%  lr=1.00e-01  time=32.9s
02:58:54 | INFO | Epoch  75/200  loss=0.1481  train_err=5.24%  val_err=17.70%  lr=1.00e-01  time=32.8s
02:59:26 | INFO | Epoch  76/200  loss=0.1366  train_err=4.84%  val_err=15.86%  lr=1.00e-01  time=32.8s
02:59:59 | INFO | Epoch  77/200  loss=0.1451  train_err=5.03%  val_err=15.14%  lr=1.00e-01  time=32.8s
03:00:32 | INFO | Epoch  78/200  loss=0.1450  train_err=5.09%  val_err=14.24%  lr=1.00e-01  time=32.8s
03:01:05 | INFO | Epoch  79/200  loss=0.1459  train_err=5.05%  val_err=17.08%  lr=1.00e-01  time=32.8s
03:01:38 | INFO | Epoch  80/200  loss=0.1354  train_err=4.84%  val_err=17.64%  lr=1.00e-01  time=32.8s
03:02:11 | INFO | Epoch  81/200  loss=0.1414  train_err=4.94%  val_err=16.40%  lr=1.00e-01  time=32.9s
03:02:44 | INFO | Epoch  82/200  loss=0.1560  train_err=5.54%  val_err=15.36%  lr=1.00e-01  time=32.8s
03:03:17 | INFO | Epoch  83/200  loss=0.1420  train_err=5.11%  val_err=20.14%  lr=1.00e-01  time=32.8s
03:03:50 | INFO | Epoch  84/200  loss=0.1432  train_err=4.94%  val_err=14.28%  lr=1.00e-01  time=32.8s
03:04:23 | INFO | Epoch  85/200  loss=0.1414  train_err=4.90%  val_err=17.80%  lr=1.00e-01  time=32.8s
03:04:56 | INFO | Epoch  86/200  loss=0.1316  train_err=4.67%  val_err=16.44%  lr=1.00e-01  time=32.9s
03:05:29 | INFO | Epoch  87/200  loss=0.1352  train_err=4.64%  val_err=16.22%  lr=1.00e-01  time=32.9s
03:06:02 | INFO | Epoch  88/200  loss=0.1368  train_err=4.72%  val_err=14.12%  lr=1.00e-01  time=32.8s
03:06:35 | INFO | Epoch  89/200  loss=0.1338  train_err=4.57%  val_err=13.38%  lr=1.00e-01  time=32.8s
03:07:08 | INFO | Epoch  90/200  loss=0.1298  train_err=4.55%  val_err=13.88%  lr=1.00e-01  time=32.8s
03:07:41 | INFO | Epoch  91/200  loss=0.1352  train_err=4.68%  val_err=19.48%  lr=1.00e-01  time=32.8s
03:08:14 | INFO | Epoch  92/200  loss=0.1332  train_err=4.67%  val_err=12.44%  lr=1.00e-01  time=32.8s
03:08:47 | INFO | Epoch  93/200  loss=0.1300  train_err=4.62%  val_err=17.80%  lr=1.00e-01  time=32.9s
03:09:20 | INFO | Epoch  94/200  loss=0.1392  train_err=4.87%  val_err=15.24%  lr=1.00e-01  time=32.8s
03:09:53 | INFO | Epoch  95/200  loss=0.1328  train_err=4.57%  val_err=14.18%  lr=1.00e-01  time=32.8s
03:10:26 | INFO | Epoch  96/200  loss=0.1325  train_err=4.66%  val_err=15.74%  lr=1.00e-01  time=32.8s
03:10:59 | INFO | Epoch  97/200  loss=0.1413  train_err=4.91%  val_err=20.54%  lr=1.00e-01  time=33.3s
03:11:32 | INFO | Epoch  98/200  loss=0.1385  train_err=4.71%  val_err=10.94%  lr=1.00e-01  time=32.8s
03:12:05 | INFO | Epoch  99/200  loss=0.1308  train_err=4.51%  val_err=11.14%  lr=1.00e-01  time=32.8s
03:12:38 | INFO | Epoch 100/200  loss=0.1347  train_err=4.82%  val_err=15.30%  lr=1.00e-02  time=32.9s
03:13:11 | INFO | Epoch 101/200  loss=0.0560  train_err=1.65%  val_err=7.26%  lr=1.00e-02  time=32.8s
03:13:44 | INFO | Epoch 102/200  loss=0.0301  train_err=0.73%  val_err=7.02%  lr=1.00e-02  time=32.8s
03:14:17 | INFO | Epoch 103/200  loss=0.0231  train_err=0.51%  val_err=6.92%  lr=1.00e-02  time=32.8s
03:14:50 | INFO | Epoch 104/200  loss=0.0185  train_err=0.41%  val_err=6.98%  lr=1.00e-02  time=32.8s
03:15:23 | INFO | Epoch 105/200  loss=0.0160  train_err=0.30%  val_err=6.96%  lr=1.00e-02  time=32.8s
03:15:56 | INFO | Epoch 106/200  loss=0.0134  train_err=0.25%  val_err=6.90%  lr=1.00e-02  time=32.8s
03:16:29 | INFO | Epoch 107/200  loss=0.0123  train_err=0.25%  val_err=6.84%  lr=1.00e-02  time=32.8s
03:17:02 | INFO | Epoch 108/200  loss=0.0105  train_err=0.17%  val_err=6.86%  lr=1.00e-02  time=32.8s
03:17:35 | INFO | Epoch 109/200  loss=0.0102  train_err=0.17%  val_err=6.82%  lr=1.00e-02  time=32.8s
03:18:08 | INFO | Epoch 110/200  loss=0.0088  train_err=0.13%  val_err=6.92%  lr=1.00e-02  time=32.8s
03:18:41 | INFO | Epoch 111/200  loss=0.0086  train_err=0.15%  val_err=6.78%  lr=1.00e-02  time=32.8s
03:19:14 | INFO | Epoch 112/200  loss=0.0078  train_err=0.10%  val_err=6.94%  lr=1.00e-02  time=32.8s
03:19:47 | INFO | Epoch 113/200  loss=0.0081  train_err=0.14%  val_err=6.88%  lr=1.00e-02  time=32.8s
03:20:20 | INFO | Epoch 114/200  loss=0.0071  train_err=0.09%  val_err=7.02%  lr=1.00e-02  time=32.8s
03:20:53 | INFO | Epoch 115/200  loss=0.0067  train_err=0.09%  val_err=6.82%  lr=1.00e-02  time=32.8s
03:21:26 | INFO | Epoch 116/200  loss=0.0064  train_err=0.08%  val_err=7.00%  lr=1.00e-02  time=32.8s
03:21:59 | INFO | Epoch 117/200  loss=0.0059  train_err=0.06%  val_err=6.92%  lr=1.00e-02  time=32.8s
03:22:32 | INFO | Epoch 118/200  loss=0.0057  train_err=0.07%  val_err=6.80%  lr=1.00e-02  time=32.8s
03:23:05 | INFO | Epoch 119/200  loss=0.0054  train_err=0.06%  val_err=6.76%  lr=1.00e-02  time=32.8s
03:23:38 | INFO | Epoch 120/200  loss=0.0051  train_err=0.07%  val_err=6.90%  lr=1.00e-02  time=32.8s
03:24:11 | INFO | Epoch 121/200  loss=0.0053  train_err=0.06%  val_err=6.68%  lr=1.00e-02  time=32.8s
03:24:44 | INFO | Epoch 122/200  loss=0.0051  train_err=0.05%  val_err=6.80%  lr=1.00e-02  time=32.8s
03:25:17 | INFO | Epoch 123/200  loss=0.0045  train_err=0.04%  val_err=6.80%  lr=1.00e-02  time=32.8s
03:25:50 | INFO | Epoch 124/200  loss=0.0045  train_err=0.06%  val_err=7.06%  lr=1.00e-02  time=32.8s
03:26:23 | INFO | Epoch 125/200  loss=0.0042  train_err=0.04%  val_err=6.94%  lr=1.00e-02  time=32.8s
03:26:56 | INFO | Epoch 126/200  loss=0.0042  train_err=0.04%  val_err=6.96%  lr=1.00e-02  time=32.8s
03:27:29 | INFO | Epoch 127/200  loss=0.0044  train_err=0.07%  val_err=6.98%  lr=1.00e-02  time=32.8s
03:28:02 | INFO | Epoch 128/200  loss=0.0040  train_err=0.04%  val_err=7.00%  lr=1.00e-02  time=32.8s
03:28:35 | INFO | Epoch 129/200  loss=0.0035  train_err=0.02%  val_err=6.96%  lr=1.00e-02  time=32.8s
03:29:07 | INFO | Epoch 130/200  loss=0.0036  train_err=0.03%  val_err=6.78%  lr=1.00e-02  time=32.8s
03:29:40 | INFO | Epoch 131/200  loss=0.0035  train_err=0.04%  val_err=6.74%  lr=1.00e-02  time=32.8s
03:30:13 | INFO | Epoch 132/200  loss=0.0037  train_err=0.04%  val_err=6.88%  lr=1.00e-02  time=32.8s
03:30:46 | INFO | Epoch 133/200  loss=0.0036  train_err=0.02%  val_err=6.72%  lr=1.00e-02  time=32.8s
03:31:19 | INFO | Epoch 134/200  loss=0.0032  train_err=0.02%  val_err=6.98%  lr=1.00e-02  time=32.8s
03:31:52 | INFO | Epoch 135/200  loss=0.0033  train_err=0.03%  val_err=6.80%  lr=1.00e-02  time=32.8s
03:32:25 | INFO | Epoch 136/200  loss=0.0034  train_err=0.04%  val_err=6.88%  lr=1.00e-02  time=32.8s
03:32:58 | INFO | Epoch 137/200  loss=0.0029  train_err=0.02%  val_err=6.76%  lr=1.00e-02  time=32.8s
03:33:31 | INFO | Epoch 138/200  loss=0.0029  train_err=0.02%  val_err=6.78%  lr=1.00e-02  time=32.8s
03:34:04 | INFO | Epoch 139/200  loss=0.0033  train_err=0.04%  val_err=6.76%  lr=1.00e-02  time=32.8s
03:34:37 | INFO | Epoch 140/200  loss=0.0029  train_err=0.03%  val_err=6.92%  lr=1.00e-02  time=32.8s
03:35:10 | INFO | Epoch 141/200  loss=0.0028  train_err=0.03%  val_err=6.80%  lr=1.00e-02  time=32.8s
03:35:43 | INFO | Epoch 142/200  loss=0.0026  train_err=0.01%  val_err=6.86%  lr=1.00e-02  time=32.8s
03:36:16 | INFO | Epoch 143/200  loss=0.0027  train_err=0.01%  val_err=6.70%  lr=1.00e-02  time=32.8s
03:36:49 | INFO | Epoch 144/200  loss=0.0026  train_err=0.02%  val_err=6.72%  lr=1.00e-02  time=32.8s
03:37:22 | INFO | Epoch 145/200  loss=0.0026  train_err=0.02%  val_err=6.84%  lr=1.00e-02  time=32.8s
03:37:54 | INFO | Epoch 146/200  loss=0.0026  train_err=0.02%  val_err=6.88%  lr=1.00e-02  time=32.8s
03:38:27 | INFO | Epoch 147/200  loss=0.0026  train_err=0.01%  val_err=7.00%  lr=1.00e-02  time=32.8s
03:39:00 | INFO | Epoch 148/200  loss=0.0026  train_err=0.02%  val_err=6.68%  lr=1.00e-02  time=32.8s
03:39:33 | INFO | Epoch 149/200  loss=0.0024  train_err=0.01%  val_err=6.84%  lr=1.00e-02  time=32.8s
03:40:06 | INFO | Epoch 150/200  loss=0.0024  train_err=0.02%  val_err=6.68%  lr=1.00e-03  time=32.8s
03:40:39 | INFO | Epoch 151/200  loss=0.0023  train_err=0.01%  val_err=6.86%  lr=1.00e-03  time=32.8s
03:41:12 | INFO | Epoch 152/200  loss=0.0024  train_err=0.02%  val_err=6.74%  lr=1.00e-03  time=32.8s
03:41:45 | INFO | Epoch 153/200  loss=0.0024  train_err=0.02%  val_err=6.82%  lr=1.00e-03  time=32.8s
03:42:18 | INFO | Epoch 154/200  loss=0.0022  train_err=0.01%  val_err=6.72%  lr=1.00e-03  time=32.8s
03:42:51 | INFO | Epoch 155/200  loss=0.0022  train_err=0.01%  val_err=6.70%  lr=1.00e-03  time=32.8s
03:43:24 | INFO | Epoch 156/200  loss=0.0022  train_err=0.01%  val_err=6.72%  lr=1.00e-03  time=32.8s
03:43:57 | INFO | Epoch 157/200  loss=0.0022  train_err=0.01%  val_err=6.62%  lr=1.00e-03  time=32.8s
03:44:30 | INFO | Epoch 158/200  loss=0.0023  train_err=0.02%  val_err=6.64%  lr=1.00e-03  time=32.8s
03:45:03 | INFO | Epoch 159/200  loss=0.0023  train_err=0.02%  val_err=6.72%  lr=1.00e-03  time=32.8s
03:45:36 | INFO | Epoch 160/200  loss=0.0022  train_err=0.01%  val_err=6.78%  lr=1.00e-03  time=32.9s
03:46:09 | INFO | Epoch 161/200  loss=0.0023  train_err=0.02%  val_err=6.76%  lr=1.00e-03  time=32.8s
03:46:42 | INFO | Epoch 162/200  loss=0.0022  train_err=0.02%  val_err=6.84%  lr=1.00e-03  time=32.8s
03:47:15 | INFO | Epoch 163/200  loss=0.0021  train_err=0.01%  val_err=6.72%  lr=1.00e-03  time=32.8s
03:47:48 | INFO | Epoch 164/200  loss=0.0021  train_err=0.01%  val_err=6.70%  lr=1.00e-03  time=32.8s
03:48:21 | INFO | Epoch 165/200  loss=0.0022  train_err=0.01%  val_err=6.70%  lr=1.00e-03  time=32.8s
03:48:53 | INFO | Epoch 166/200  loss=0.0021  train_err=0.01%  val_err=6.68%  lr=1.00e-03  time=32.8s
03:49:26 | INFO | Epoch 167/200  loss=0.0024  train_err=0.01%  val_err=6.68%  lr=1.00e-03  time=32.8s
03:49:59 | INFO | Epoch 168/200  loss=0.0020  train_err=0.00%  val_err=6.68%  lr=1.00e-03  time=32.8s
03:50:32 | INFO | Epoch 169/200  loss=0.0022  train_err=0.01%  val_err=6.78%  lr=1.00e-03  time=32.8s
03:51:05 | INFO | Epoch 170/200  loss=0.0022  train_err=0.02%  val_err=6.80%  lr=1.00e-03  time=32.8s
03:51:38 | INFO | Epoch 171/200  loss=0.0020  train_err=0.00%  val_err=6.70%  lr=1.00e-03  time=32.8s
03:52:11 | INFO | Epoch 172/200  loss=0.0021  train_err=0.01%  val_err=6.84%  lr=1.00e-03  time=32.8s
03:52:44 | INFO | Epoch 173/200  loss=0.0021  train_err=0.00%  val_err=6.74%  lr=1.00e-03  time=32.8s
03:53:17 | INFO | Epoch 174/200  loss=0.0021  train_err=0.01%  val_err=6.70%  lr=1.00e-03  time=32.8s
03:53:50 | INFO | Epoch 175/200  loss=0.0020  train_err=0.01%  val_err=6.84%  lr=1.00e-03  time=32.8s
03:54:23 | INFO | Epoch 176/200  loss=0.0020  train_err=0.00%  val_err=6.66%  lr=1.00e-03  time=32.8s
03:54:56 | INFO | Epoch 177/200  loss=0.0021  train_err=0.01%  val_err=6.82%  lr=1.00e-03  time=32.8s
03:55:29 | INFO | Epoch 178/200  loss=0.0021  train_err=0.02%  val_err=6.66%  lr=1.00e-03  time=32.8s
03:56:02 | INFO | Epoch 179/200  loss=0.0020  train_err=0.01%  val_err=6.66%  lr=1.00e-03  time=32.8s
03:56:35 | INFO | Epoch 180/200  loss=0.0020  train_err=0.00%  val_err=6.56%  lr=1.00e-03  time=32.8s
03:57:08 | INFO | Epoch 181/200  loss=0.0020  train_err=0.01%  val_err=6.72%  lr=1.00e-03  time=32.8s
03:57:41 | INFO | Epoch 182/200  loss=0.0020  train_err=0.01%  val_err=6.70%  lr=1.00e-03  time=32.8s
03:58:14 | INFO | Epoch 183/200  loss=0.0022  train_err=0.01%  val_err=6.78%  lr=1.00e-03  time=32.8s
03:58:47 | INFO | Epoch 184/200  loss=0.0022  train_err=0.01%  val_err=6.68%  lr=1.00e-03  time=32.8s
03:59:19 | INFO | Epoch 185/200  loss=0.0021  train_err=0.01%  val_err=6.70%  lr=1.00e-03  time=32.8s
03:59:52 | INFO | Epoch 186/200  loss=0.0022  train_err=0.02%  val_err=6.78%  lr=1.00e-03  time=32.8s
04:00:25 | INFO | Epoch 187/200  loss=0.0021  train_err=0.01%  val_err=6.58%  lr=1.00e-03  time=32.8s
04:00:58 | INFO | Epoch 188/200  loss=0.0020  train_err=0.01%  val_err=6.58%  lr=1.00e-03  time=32.8s
04:01:31 | INFO | Epoch 189/200  loss=0.0020  train_err=0.01%  val_err=6.78%  lr=1.00e-03  time=32.8s
04:02:04 | INFO | Epoch 190/200  loss=0.0020  train_err=0.00%  val_err=6.84%  lr=1.00e-03  time=32.8s
04:02:37 | INFO | Epoch 191/200  loss=0.0020  train_err=0.01%  val_err=6.72%  lr=1.00e-03  time=32.8s
04:03:10 | INFO | Epoch 192/200  loss=0.0019  train_err=0.00%  val_err=6.78%  lr=1.00e-03  time=32.9s
04:03:43 | INFO | Epoch 193/200  loss=0.0020  train_err=0.00%  val_err=6.68%  lr=1.00e-03  time=32.8s
04:04:16 | INFO | Epoch 194/200  loss=0.0022  train_err=0.02%  val_err=6.66%  lr=1.00e-03  time=32.8s
04:04:49 | INFO | Epoch 195/200  loss=0.0020  train_err=0.00%  val_err=6.66%  lr=1.00e-03  time=32.8s
04:05:22 | INFO | Epoch 196/200  loss=0.0019  train_err=0.01%  val_err=6.78%  lr=1.00e-03  time=32.8s
04:05:55 | INFO | Epoch 197/200  loss=0.0020  train_err=0.01%  val_err=6.72%  lr=1.00e-03  time=32.8s
04:06:28 | INFO | Epoch 198/200  loss=0.0019  train_err=0.01%  val_err=6.64%  lr=1.00e-03  time=32.8s
04:07:01 | INFO | Epoch 199/200  loss=0.0020  train_err=0.00%  val_err=6.68%  lr=1.00e-03  time=32.8s
04:07:34 | INFO | Epoch 200/200  loss=0.0019  train_err=0.00%  val_err=6.70%  lr=1.00e-03  time=32.8s
04:07:34 | INFO | Training complete. Best val acc@1: 93.44%
04:07:34 | INFO | Artifacts saved to: runs/d32_baseline
04:07:34 | INFO | To test the model, run: python scripts/test.py --checkpoint runs/d32_baseline/best.pt --config runs/d32_baseline/config.json
