20:48:53 | INFO | Run: d4_baseline
20:48:53 | INFO | Variant: baseline
20:48:53 | INFO | Config: runs/d4_baseline/config.json
20:48:53 | INFO | Device: cuda
20:49:18 | INFO | Data: train=45000  val=5000
20:49:18 | INFO | Model: baseline depth=4  params=298,442
20:49:18 | WARNING | TensorBoard not installed; skipping TB logging.
20:49:36 | INFO | Epoch   1/200  loss=2.2818  val_acc1=19.00%  best=19.00%  lr=2.01e-02  time=17.8s
20:49:53 | INFO | Epoch   2/200  loss=1.6684  val_acc1=42.58%  best=42.58%  lr=4.01e-02  time=17.2s
20:50:10 | INFO | Epoch   3/200  loss=1.3284  val_acc1=47.26%  best=47.26%  lr=6.00e-02  time=17.1s
20:50:28 | INFO | Epoch   4/200  loss=1.1257  val_acc1=46.52%  best=47.26%  lr=8.00e-02  time=17.2s
20:50:45 | INFO | Epoch   5/200  loss=1.0029  val_acc1=65.38%  best=65.38%  lr=1.00e-01  time=17.3s
20:51:02 | INFO | Epoch   6/200  loss=0.8979  val_acc1=63.76%  best=65.38%  lr=1.00e-01  time=17.3s
20:51:20 | INFO | Epoch   7/200  loss=0.7989  val_acc1=63.52%  best=65.38%  lr=1.00e-01  time=17.3s
20:51:37 | INFO | Epoch   8/200  loss=0.7403  val_acc1=74.20%  best=74.20%  lr=1.00e-01  time=17.2s
20:51:54 | INFO | Epoch   9/200  loss=0.6769  val_acc1=71.82%  best=74.20%  lr=1.00e-01  time=17.1s
20:52:11 | INFO | Epoch  10/200  loss=0.6423  val_acc1=75.06%  best=75.06%  lr=1.00e-01  time=17.3s
20:52:28 | INFO | Epoch  11/200  loss=0.6009  val_acc1=69.14%  best=75.06%  lr=1.00e-01  time=17.2s
20:52:46 | INFO | Epoch  12/200  loss=0.5729  val_acc1=73.36%  best=75.06%  lr=1.00e-01  time=17.2s
20:53:03 | INFO | Epoch  13/200  loss=0.5437  val_acc1=69.12%  best=75.06%  lr=1.00e-01  time=17.3s
20:53:20 | INFO | Epoch  14/200  loss=0.5227  val_acc1=73.82%  best=75.06%  lr=1.00e-01  time=17.2s
20:53:37 | INFO | Epoch  15/200  loss=0.5035  val_acc1=78.54%  best=78.54%  lr=1.00e-01  time=17.2s
20:53:55 | INFO | Epoch  16/200  loss=0.4847  val_acc1=71.90%  best=78.54%  lr=1.00e-01  time=17.3s
20:54:12 | INFO | Epoch  17/200  loss=0.4689  val_acc1=76.72%  best=78.54%  lr=1.00e-01  time=17.2s
20:54:30 | INFO | Epoch  18/200  loss=0.4503  val_acc1=81.78%  best=81.78%  lr=1.00e-01  time=17.5s
20:54:47 | INFO | Epoch  19/200  loss=0.4434  val_acc1=79.44%  best=81.78%  lr=1.00e-01  time=17.2s
20:55:04 | INFO | Epoch  20/200  loss=0.4338  val_acc1=80.26%  best=81.78%  lr=1.00e-01  time=17.1s
20:55:21 | INFO | Epoch  21/200  loss=0.4176  val_acc1=78.96%  best=81.78%  lr=1.00e-01  time=17.0s
20:55:38 | INFO | Epoch  22/200  loss=0.4127  val_acc1=79.44%  best=81.78%  lr=1.00e-01  time=17.1s
20:55:55 | INFO | Epoch  23/200  loss=0.3998  val_acc1=73.00%  best=81.78%  lr=1.00e-01  time=17.1s
20:56:12 | INFO | Epoch  24/200  loss=0.3950  val_acc1=71.66%  best=81.78%  lr=1.00e-01  time=17.2s
20:56:29 | INFO | Epoch  25/200  loss=0.3829  val_acc1=81.94%  best=81.94%  lr=1.00e-01  time=17.2s
20:56:47 | INFO | Epoch  26/200  loss=0.3807  val_acc1=80.28%  best=81.94%  lr=1.00e-01  time=17.2s
20:57:04 | INFO | Epoch  27/200  loss=0.3742  val_acc1=77.88%  best=81.94%  lr=1.00e-01  time=17.1s
20:57:21 | INFO | Epoch  28/200  loss=0.3671  val_acc1=76.16%  best=81.94%  lr=1.00e-01  time=17.1s
20:57:38 | INFO | Epoch  29/200  loss=0.3539  val_acc1=81.12%  best=81.94%  lr=1.00e-01  time=17.1s
20:57:55 | INFO | Epoch  30/200  loss=0.3634  val_acc1=70.36%  best=81.94%  lr=1.00e-01  time=17.1s
20:58:12 | INFO | Epoch  31/200  loss=0.3414  val_acc1=75.94%  best=81.94%  lr=1.00e-01  time=17.2s
20:58:30 | INFO | Epoch  32/200  loss=0.3446  val_acc1=79.08%  best=81.94%  lr=1.00e-01  time=17.2s
20:58:47 | INFO | Epoch  33/200  loss=0.3344  val_acc1=78.76%  best=81.94%  lr=1.00e-01  time=17.4s
20:59:04 | INFO | Epoch  34/200  loss=0.3334  val_acc1=80.88%  best=81.94%  lr=1.00e-01  time=17.4s
20:59:22 | INFO | Epoch  35/200  loss=0.3356  val_acc1=81.72%  best=81.94%  lr=1.00e-01  time=17.3s
20:59:39 | INFO | Epoch  36/200  loss=0.3221  val_acc1=80.40%  best=81.94%  lr=1.00e-01  time=17.2s
20:59:56 | INFO | Epoch  37/200  loss=0.3258  val_acc1=83.02%  best=83.02%  lr=1.00e-01  time=17.2s
21:00:13 | INFO | Epoch  38/200  loss=0.3136  val_acc1=76.92%  best=83.02%  lr=1.00e-01  time=17.3s
21:00:31 | INFO | Epoch  39/200  loss=0.3258  val_acc1=82.50%  best=83.02%  lr=1.00e-01  time=17.2s
21:00:48 | INFO | Epoch  40/200  loss=0.3096  val_acc1=81.84%  best=83.02%  lr=1.00e-01  time=17.3s
21:01:05 | INFO | Epoch  41/200  loss=0.3019  val_acc1=74.20%  best=83.02%  lr=1.00e-01  time=17.2s
21:01:22 | INFO | Epoch  42/200  loss=0.3074  val_acc1=80.60%  best=83.02%  lr=1.00e-01  time=17.1s
21:01:40 | INFO | Epoch  43/200  loss=0.3027  val_acc1=73.08%  best=83.02%  lr=1.00e-01  time=17.2s
21:01:57 | INFO | Epoch  44/200  loss=0.2967  val_acc1=80.72%  best=83.02%  lr=1.00e-01  time=17.2s
21:02:14 | INFO | Epoch  45/200  loss=0.3020  val_acc1=82.20%  best=83.02%  lr=1.00e-01  time=17.2s
21:02:31 | INFO | Epoch  46/200  loss=0.2923  val_acc1=81.56%  best=83.02%  lr=1.00e-01  time=17.2s
21:02:49 | INFO | Epoch  47/200  loss=0.2950  val_acc1=81.88%  best=83.02%  lr=1.00e-01  time=17.3s
21:03:06 | INFO | Epoch  48/200  loss=0.2863  val_acc1=81.98%  best=83.02%  lr=1.00e-01  time=17.3s
21:03:23 | INFO | Epoch  49/200  loss=0.2870  val_acc1=79.56%  best=83.02%  lr=1.00e-01  time=17.3s
21:03:40 | INFO | Epoch  50/200  loss=0.2835  val_acc1=81.66%  best=83.02%  lr=1.00e-01  time=17.2s
21:03:58 | INFO | Epoch  51/200  loss=0.2844  val_acc1=84.02%  best=84.02%  lr=1.00e-01  time=17.3s
21:04:15 | INFO | Epoch  52/200  loss=0.2819  val_acc1=79.64%  best=84.02%  lr=1.00e-01  time=17.4s
21:04:32 | INFO | Epoch  53/200  loss=0.2775  val_acc1=81.70%  best=84.02%  lr=1.00e-01  time=17.1s
21:04:49 | INFO | Epoch  54/200  loss=0.2708  val_acc1=81.30%  best=84.02%  lr=1.00e-01  time=17.2s
21:05:07 | INFO | Epoch  55/200  loss=0.2778  val_acc1=80.96%  best=84.02%  lr=1.00e-01  time=17.1s
21:05:24 | INFO | Epoch  56/200  loss=0.2731  val_acc1=83.96%  best=84.02%  lr=1.00e-01  time=17.2s
21:05:41 | INFO | Epoch  57/200  loss=0.2674  val_acc1=82.98%  best=84.02%  lr=1.00e-01  time=17.1s
21:05:58 | INFO | Epoch  58/200  loss=0.2670  val_acc1=80.44%  best=84.02%  lr=1.00e-01  time=17.0s
21:06:15 | INFO | Epoch  59/200  loss=0.2620  val_acc1=82.04%  best=84.02%  lr=1.00e-01  time=17.1s
21:06:32 | INFO | Epoch  60/200  loss=0.2715  val_acc1=77.82%  best=84.02%  lr=1.00e-01  time=17.1s
21:06:49 | INFO | Epoch  61/200  loss=0.2721  val_acc1=80.90%  best=84.02%  lr=1.00e-01  time=17.2s
21:07:06 | INFO | Epoch  62/200  loss=0.2617  val_acc1=83.96%  best=84.02%  lr=1.00e-01  time=17.0s
21:07:23 | INFO | Epoch  63/200  loss=0.2640  val_acc1=76.56%  best=84.02%  lr=1.00e-01  time=17.1s
21:07:41 | INFO | Epoch  64/200  loss=0.2589  val_acc1=82.78%  best=84.02%  lr=1.00e-01  time=17.1s
21:07:58 | INFO | Epoch  65/200  loss=0.2657  val_acc1=73.80%  best=84.02%  lr=1.00e-01  time=17.1s
21:08:15 | INFO | Epoch  66/200  loss=0.2608  val_acc1=83.48%  best=84.02%  lr=1.00e-01  time=17.1s
21:08:32 | INFO | Epoch  67/200  loss=0.2498  val_acc1=78.02%  best=84.02%  lr=1.00e-01  time=17.4s
21:08:49 | INFO | Epoch  68/200  loss=0.2533  val_acc1=81.52%  best=84.02%  lr=1.00e-01  time=17.2s
21:09:07 | INFO | Epoch  69/200  loss=0.2538  val_acc1=81.32%  best=84.02%  lr=1.00e-01  time=17.2s
21:09:24 | INFO | Epoch  70/200  loss=0.2566  val_acc1=81.66%  best=84.02%  lr=1.00e-01  time=17.3s
21:09:41 | INFO | Epoch  71/200  loss=0.2546  val_acc1=75.58%  best=84.02%  lr=1.00e-01  time=17.3s
21:09:59 | INFO | Epoch  72/200  loss=0.2497  val_acc1=80.94%  best=84.02%  lr=1.00e-01  time=17.4s
21:10:16 | INFO | Epoch  73/200  loss=0.2493  val_acc1=80.34%  best=84.02%  lr=1.00e-01  time=17.3s
21:10:33 | INFO | Epoch  74/200  loss=0.2579  val_acc1=74.56%  best=84.02%  lr=1.00e-01  time=17.2s
21:10:51 | INFO | Epoch  75/200  loss=0.2466  val_acc1=74.58%  best=84.02%  lr=1.00e-01  time=17.3s
21:11:08 | INFO | Epoch  76/200  loss=0.2445  val_acc1=77.76%  best=84.02%  lr=1.00e-01  time=17.2s
21:11:25 | INFO | Epoch  77/200  loss=0.2459  val_acc1=77.48%  best=84.02%  lr=1.00e-01  time=17.2s
21:11:42 | INFO | Epoch  78/200  loss=0.2434  val_acc1=81.94%  best=84.02%  lr=1.00e-01  time=17.3s
21:12:00 | INFO | Epoch  79/200  loss=0.2412  val_acc1=79.12%  best=84.02%  lr=1.00e-01  time=17.3s
21:12:17 | INFO | Epoch  80/200  loss=0.2441  val_acc1=84.68%  best=84.68%  lr=1.00e-01  time=17.4s
21:12:34 | INFO | Epoch  81/200  loss=0.2441  val_acc1=73.78%  best=84.68%  lr=1.00e-01  time=17.3s
21:12:52 | INFO | Epoch  82/200  loss=0.2400  val_acc1=77.46%  best=84.68%  lr=1.00e-01  time=17.3s
21:13:09 | INFO | Epoch  83/200  loss=0.2371  val_acc1=81.76%  best=84.68%  lr=1.00e-01  time=17.3s
21:13:27 | INFO | Epoch  84/200  loss=0.2379  val_acc1=79.18%  best=84.68%  lr=1.00e-01  time=17.5s
21:13:44 | INFO | Epoch  85/200  loss=0.2430  val_acc1=78.90%  best=84.68%  lr=1.00e-01  time=17.2s
21:14:01 | INFO | Epoch  86/200  loss=0.2320  val_acc1=77.96%  best=84.68%  lr=1.00e-01  time=17.1s
21:14:18 | INFO | Epoch  87/200  loss=0.2292  val_acc1=82.64%  best=84.68%  lr=1.00e-01  time=17.2s
21:14:35 | INFO | Epoch  88/200  loss=0.2395  val_acc1=83.00%  best=84.68%  lr=1.00e-01  time=17.1s
21:14:52 | INFO | Epoch  89/200  loss=0.2343  val_acc1=77.38%  best=84.68%  lr=1.00e-01  time=17.2s
21:15:10 | INFO | Epoch  90/200  loss=0.2389  val_acc1=83.22%  best=84.68%  lr=1.00e-01  time=17.4s
21:15:27 | INFO | Epoch  91/200  loss=0.2295  val_acc1=79.20%  best=84.68%  lr=1.00e-01  time=17.2s
21:15:44 | INFO | Epoch  92/200  loss=0.2291  val_acc1=82.78%  best=84.68%  lr=1.00e-01  time=17.3s
21:16:02 | INFO | Epoch  93/200  loss=0.2344  val_acc1=81.68%  best=84.68%  lr=1.00e-01  time=17.4s
21:16:19 | INFO | Epoch  94/200  loss=0.2356  val_acc1=84.82%  best=84.82%  lr=1.00e-01  time=17.2s
21:16:36 | INFO | Epoch  95/200  loss=0.2334  val_acc1=83.36%  best=84.82%  lr=1.00e-01  time=17.2s
21:16:54 | INFO | Epoch  96/200  loss=0.2320  val_acc1=78.92%  best=84.82%  lr=1.00e-01  time=17.3s
21:17:11 | INFO | Epoch  97/200  loss=0.2271  val_acc1=81.10%  best=84.82%  lr=1.00e-01  time=17.2s
21:17:28 | INFO | Epoch  98/200  loss=0.2366  val_acc1=73.30%  best=84.82%  lr=1.00e-01  time=17.2s
21:17:45 | INFO | Epoch  99/200  loss=0.2353  val_acc1=82.06%  best=84.82%  lr=1.00e-01  time=17.3s
21:18:03 | INFO | Epoch 100/200  loss=0.2294  val_acc1=83.44%  best=84.82%  lr=1.00e-02  time=17.3s
21:18:20 | INFO | Epoch 101/200  loss=0.1212  val_acc1=89.46%  best=89.46%  lr=1.00e-02  time=17.3s
21:18:37 | INFO | Epoch 102/200  loss=0.0926  val_acc1=89.76%  best=89.76%  lr=1.00e-02  time=17.2s
21:18:55 | INFO | Epoch 103/200  loss=0.0795  val_acc1=89.40%  best=89.76%  lr=1.00e-02  time=17.3s
21:19:12 | INFO | Epoch 104/200  loss=0.0721  val_acc1=89.66%  best=89.76%  lr=1.00e-02  time=17.3s
21:19:29 | INFO | Epoch 105/200  loss=0.0684  val_acc1=89.70%  best=89.76%  lr=1.00e-02  time=17.4s
21:19:46 | INFO | Epoch 106/200  loss=0.0606  val_acc1=89.82%  best=89.82%  lr=1.00e-02  time=17.2s
21:20:04 | INFO | Epoch 107/200  loss=0.0597  val_acc1=89.98%  best=89.98%  lr=1.00e-02  time=17.2s
21:20:21 | INFO | Epoch 108/200  loss=0.0532  val_acc1=90.08%  best=90.08%  lr=1.00e-02  time=17.6s
21:20:38 | INFO | Epoch 109/200  loss=0.0526  val_acc1=89.68%  best=90.08%  lr=1.00e-02  time=17.1s
21:20:56 | INFO | Epoch 110/200  loss=0.0508  val_acc1=90.20%  best=90.20%  lr=1.00e-02  time=17.0s
21:21:13 | INFO | Epoch 111/200  loss=0.0465  val_acc1=90.30%  best=90.30%  lr=1.00e-02  time=17.1s
21:21:30 | INFO | Epoch 112/200  loss=0.0439  val_acc1=89.86%  best=90.30%  lr=1.00e-02  time=17.0s
21:21:47 | INFO | Epoch 113/200  loss=0.0443  val_acc1=90.22%  best=90.30%  lr=1.00e-02  time=17.2s
21:22:04 | INFO | Epoch 114/200  loss=0.0411  val_acc1=89.98%  best=90.30%  lr=1.00e-02  time=17.2s
21:22:21 | INFO | Epoch 115/200  loss=0.0398  val_acc1=89.94%  best=90.30%  lr=1.00e-02  time=17.1s
21:22:38 | INFO | Epoch 116/200  loss=0.0382  val_acc1=89.76%  best=90.30%  lr=1.00e-02  time=17.1s
21:22:56 | INFO | Epoch 117/200  loss=0.0375  val_acc1=89.96%  best=90.30%  lr=1.00e-02  time=17.1s
21:23:13 | INFO | Epoch 118/200  loss=0.0352  val_acc1=90.08%  best=90.30%  lr=1.00e-02  time=17.1s
21:23:30 | INFO | Epoch 119/200  loss=0.0340  val_acc1=89.90%  best=90.30%  lr=1.00e-02  time=17.2s
21:23:47 | INFO | Epoch 120/200  loss=0.0327  val_acc1=90.08%  best=90.30%  lr=1.00e-02  time=17.1s
21:24:04 | INFO | Epoch 121/200  loss=0.0322  val_acc1=90.18%  best=90.30%  lr=1.00e-02  time=17.2s
21:24:21 | INFO | Epoch 122/200  loss=0.0314  val_acc1=90.04%  best=90.30%  lr=1.00e-02  time=17.2s
21:24:39 | INFO | Epoch 123/200  loss=0.0300  val_acc1=90.06%  best=90.30%  lr=1.00e-02  time=17.2s
21:24:56 | INFO | Epoch 124/200  loss=0.0301  val_acc1=90.26%  best=90.30%  lr=1.00e-02  time=17.3s
21:25:13 | INFO | Epoch 125/200  loss=0.0275  val_acc1=89.96%  best=90.30%  lr=1.00e-02  time=17.3s
21:25:31 | INFO | Epoch 126/200  loss=0.0268  val_acc1=90.10%  best=90.30%  lr=1.00e-02  time=17.3s
21:25:48 | INFO | Epoch 127/200  loss=0.0262  val_acc1=89.60%  best=90.30%  lr=1.00e-02  time=17.3s
21:26:05 | INFO | Epoch 128/200  loss=0.0262  val_acc1=89.94%  best=90.30%  lr=1.00e-02  time=17.2s
21:26:22 | INFO | Epoch 129/200  loss=0.0260  val_acc1=89.94%  best=90.30%  lr=1.00e-02  time=17.3s
21:26:40 | INFO | Epoch 130/200  loss=0.0248  val_acc1=90.18%  best=90.30%  lr=1.00e-02  time=17.2s
21:26:57 | INFO | Epoch 131/200  loss=0.0237  val_acc1=89.84%  best=90.30%  lr=1.00e-02  time=17.3s
21:27:14 | INFO | Epoch 132/200  loss=0.0239  val_acc1=89.88%  best=90.30%  lr=1.00e-02  time=17.2s
21:27:31 | INFO | Epoch 133/200  loss=0.0217  val_acc1=89.90%  best=90.30%  lr=1.00e-02  time=17.2s
21:27:49 | INFO | Epoch 134/200  loss=0.0227  val_acc1=89.76%  best=90.30%  lr=1.00e-02  time=17.3s
21:28:06 | INFO | Epoch 135/200  loss=0.0230  val_acc1=90.06%  best=90.30%  lr=1.00e-02  time=17.3s
21:28:23 | INFO | Epoch 136/200  loss=0.0213  val_acc1=89.98%  best=90.30%  lr=1.00e-02  time=17.3s
21:28:40 | INFO | Epoch 137/200  loss=0.0211  val_acc1=89.96%  best=90.30%  lr=1.00e-02  time=17.1s
21:28:58 | INFO | Epoch 138/200  loss=0.0209  val_acc1=90.04%  best=90.30%  lr=1.00e-02  time=17.2s
21:29:15 | INFO | Epoch 139/200  loss=0.0195  val_acc1=90.14%  best=90.30%  lr=1.00e-02  time=17.3s
21:29:32 | INFO | Epoch 140/200  loss=0.0188  val_acc1=89.98%  best=90.30%  lr=1.00e-02  time=17.3s
21:29:49 | INFO | Epoch 141/200  loss=0.0199  val_acc1=89.80%  best=90.30%  lr=1.00e-02  time=17.2s
21:30:07 | INFO | Epoch 142/200  loss=0.0193  val_acc1=89.76%  best=90.30%  lr=1.00e-02  time=17.5s
21:30:24 | INFO | Epoch 143/200  loss=0.0185  val_acc1=90.10%  best=90.30%  lr=1.00e-02  time=17.2s
21:30:41 | INFO | Epoch 144/200  loss=0.0188  val_acc1=89.96%  best=90.30%  lr=1.00e-02  time=17.1s
21:30:59 | INFO | Epoch 145/200  loss=0.0187  val_acc1=90.00%  best=90.30%  lr=1.00e-02  time=17.2s
21:31:16 | INFO | Epoch 146/200  loss=0.0179  val_acc1=89.86%  best=90.30%  lr=1.00e-02  time=17.1s
21:31:33 | INFO | Epoch 147/200  loss=0.0169  val_acc1=89.82%  best=90.30%  lr=1.00e-02  time=17.2s
21:31:50 | INFO | Epoch 148/200  loss=0.0172  val_acc1=89.88%  best=90.30%  lr=1.00e-02  time=17.1s
21:32:07 | INFO | Epoch 149/200  loss=0.0164  val_acc1=89.84%  best=90.30%  lr=1.00e-02  time=17.1s
21:32:24 | INFO | Epoch 150/200  loss=0.0163  val_acc1=90.04%  best=90.30%  lr=1.00e-03  time=17.1s
21:32:41 | INFO | Epoch 151/200  loss=0.0141  val_acc1=90.24%  best=90.30%  lr=1.00e-03  time=17.1s
21:32:58 | INFO | Epoch 152/200  loss=0.0147  val_acc1=90.28%  best=90.30%  lr=1.00e-03  time=17.1s
21:33:16 | INFO | Epoch 153/200  loss=0.0136  val_acc1=90.26%  best=90.30%  lr=1.00e-03  time=17.1s
21:33:33 | INFO | Epoch 154/200  loss=0.0131  val_acc1=90.12%  best=90.30%  lr=1.00e-03  time=17.2s
21:33:50 | INFO | Epoch 155/200  loss=0.0131  val_acc1=90.40%  best=90.40%  lr=1.00e-03  time=17.2s
21:34:07 | INFO | Epoch 156/200  loss=0.0125  val_acc1=90.40%  best=90.40%  lr=1.00e-03  time=17.1s
21:34:24 | INFO | Epoch 157/200  loss=0.0128  val_acc1=90.32%  best=90.40%  lr=1.00e-03  time=17.1s
21:34:41 | INFO | Epoch 158/200  loss=0.0127  val_acc1=90.30%  best=90.40%  lr=1.00e-03  time=17.2s
21:34:59 | INFO | Epoch 159/200  loss=0.0127  val_acc1=90.34%  best=90.40%  lr=1.00e-03  time=17.2s
21:35:16 | INFO | Epoch 160/200  loss=0.0127  val_acc1=90.36%  best=90.40%  lr=1.00e-03  time=17.1s
21:35:33 | INFO | Epoch 161/200  loss=0.0126  val_acc1=90.54%  best=90.54%  lr=1.00e-03  time=17.1s
21:35:50 | INFO | Epoch 162/200  loss=0.0132  val_acc1=90.46%  best=90.54%  lr=1.00e-03  time=17.1s
21:36:07 | INFO | Epoch 163/200  loss=0.0132  val_acc1=90.54%  best=90.54%  lr=1.00e-03  time=17.1s
21:36:24 | INFO | Epoch 164/200  loss=0.0130  val_acc1=90.42%  best=90.54%  lr=1.00e-03  time=17.0s
21:36:41 | INFO | Epoch 165/200  loss=0.0132  val_acc1=90.40%  best=90.54%  lr=1.00e-03  time=17.1s
21:36:59 | INFO | Epoch 166/200  loss=0.0129  val_acc1=90.26%  best=90.54%  lr=1.00e-03  time=17.2s
21:37:16 | INFO | Epoch 167/200  loss=0.0125  val_acc1=90.44%  best=90.54%  lr=1.00e-03  time=17.1s
21:37:33 | INFO | Epoch 168/200  loss=0.0124  val_acc1=90.50%  best=90.54%  lr=1.00e-03  time=17.1s
21:37:50 | INFO | Epoch 169/200  loss=0.0131  val_acc1=90.34%  best=90.54%  lr=1.00e-03  time=17.1s
21:38:07 | INFO | Epoch 170/200  loss=0.0120  val_acc1=90.42%  best=90.54%  lr=1.00e-03  time=17.2s
21:38:24 | INFO | Epoch 171/200  loss=0.0127  val_acc1=90.36%  best=90.54%  lr=1.00e-03  time=17.1s
21:38:41 | INFO | Epoch 172/200  loss=0.0125  val_acc1=90.46%  best=90.54%  lr=1.00e-03  time=17.1s
21:38:59 | INFO | Epoch 173/200  loss=0.0123  val_acc1=90.34%  best=90.54%  lr=1.00e-03  time=17.1s
21:39:16 | INFO | Epoch 174/200  loss=0.0124  val_acc1=90.34%  best=90.54%  lr=1.00e-03  time=17.2s
21:39:33 | INFO | Epoch 175/200  loss=0.0121  val_acc1=90.46%  best=90.54%  lr=1.00e-03  time=17.2s
21:39:50 | INFO | Epoch 176/200  loss=0.0121  val_acc1=90.56%  best=90.56%  lr=1.00e-03  time=17.2s
21:40:07 | INFO | Epoch 177/200  loss=0.0120  val_acc1=90.36%  best=90.56%  lr=1.00e-03  time=17.2s
21:40:24 | INFO | Epoch 178/200  loss=0.0119  val_acc1=90.40%  best=90.56%  lr=1.00e-03  time=17.1s
21:40:42 | INFO | Epoch 179/200  loss=0.0119  val_acc1=90.60%  best=90.60%  lr=1.00e-03  time=17.1s
21:40:59 | INFO | Epoch 180/200  loss=0.0116  val_acc1=90.52%  best=90.60%  lr=1.00e-03  time=17.2s
21:41:16 | INFO | Epoch 181/200  loss=0.0115  val_acc1=90.36%  best=90.60%  lr=1.00e-03  time=17.1s
21:41:33 | INFO | Epoch 182/200  loss=0.0121  val_acc1=90.36%  best=90.60%  lr=1.00e-03  time=17.0s
21:41:50 | INFO | Epoch 183/200  loss=0.0117  val_acc1=90.38%  best=90.60%  lr=1.00e-03  time=17.1s
21:42:07 | INFO | Epoch 184/200  loss=0.0119  val_acc1=90.18%  best=90.60%  lr=1.00e-03  time=17.1s
21:42:24 | INFO | Epoch 185/200  loss=0.0114  val_acc1=90.38%  best=90.60%  lr=1.00e-03  time=17.1s
21:42:41 | INFO | Epoch 186/200  loss=0.0120  val_acc1=90.24%  best=90.60%  lr=1.00e-03  time=17.1s
21:42:59 | INFO | Epoch 187/200  loss=0.0120  val_acc1=90.30%  best=90.60%  lr=1.00e-03  time=17.1s
21:43:16 | INFO | Epoch 188/200  loss=0.0117  val_acc1=90.36%  best=90.60%  lr=1.00e-03  time=17.2s
21:43:33 | INFO | Epoch 189/200  loss=0.0115  val_acc1=90.30%  best=90.60%  lr=1.00e-03  time=17.1s
21:43:50 | INFO | Epoch 190/200  loss=0.0116  val_acc1=90.44%  best=90.60%  lr=1.00e-03  time=17.1s
21:44:07 | INFO | Epoch 191/200  loss=0.0120  val_acc1=90.30%  best=90.60%  lr=1.00e-03  time=17.1s
21:44:24 | INFO | Epoch 192/200  loss=0.0118  val_acc1=90.26%  best=90.60%  lr=1.00e-03  time=17.2s
21:44:41 | INFO | Epoch 193/200  loss=0.0115  val_acc1=90.34%  best=90.60%  lr=1.00e-03  time=17.1s
21:44:58 | INFO | Epoch 194/200  loss=0.0114  val_acc1=90.46%  best=90.60%  lr=1.00e-03  time=17.1s
21:45:16 | INFO | Epoch 195/200  loss=0.0116  val_acc1=90.26%  best=90.60%  lr=1.00e-03  time=17.1s
21:45:33 | INFO | Epoch 196/200  loss=0.0113  val_acc1=90.20%  best=90.60%  lr=1.00e-03  time=17.1s
21:45:50 | INFO | Epoch 197/200  loss=0.0120  val_acc1=90.32%  best=90.60%  lr=1.00e-03  time=17.1s
21:46:07 | INFO | Epoch 198/200  loss=0.0114  val_acc1=90.36%  best=90.60%  lr=1.00e-03  time=17.1s
21:46:24 | INFO | Epoch 199/200  loss=0.0118  val_acc1=90.40%  best=90.60%  lr=1.00e-03  time=17.2s
21:46:41 | INFO | Epoch 200/200  loss=0.0112  val_acc1=90.34%  best=90.60%  lr=1.00e-03  time=17.1s
21:46:41 | INFO | Training complete. Best val acc@1: 90.60%
21:46:41 | INFO | Artifacts saved to: runs/d4_baseline
21:46:41 | INFO | To test the model, run: python scripts/test.py --checkpoint runs/d4_baseline/best.pt --config runs/d4_baseline/config.json
