10:59:48 | INFO | Run: d8_baseline
10:59:48 | INFO | Variant: baseline
10:59:48 | INFO | Config: runs/d8_baseline/config.json
10:59:48 | INFO | Device: cuda
10:59:49 | INFO | Data: train=45000  val=5000
10:59:49 | INFO | Model: baseline depth=8  params=594,378
10:59:49 | WARNING | TensorBoard not installed; skipping TB logging.
11:00:22 | INFO | Epoch   1/200  loss=2.2835  val_acc1=16.30%  best=16.30%  lr=2.01e-02  time=33.1s
11:00:55 | INFO | Epoch   2/200  loss=1.6609  val_acc1=46.00%  best=46.00%  lr=4.01e-02  time=32.5s
11:01:27 | INFO | Epoch   3/200  loss=1.2955  val_acc1=48.48%  best=48.48%  lr=6.00e-02  time=32.5s
11:02:00 | INFO | Epoch   4/200  loss=1.0579  val_acc1=54.76%  best=54.76%  lr=8.00e-02  time=32.5s
11:02:32 | INFO | Epoch   5/200  loss=0.9220  val_acc1=64.98%  best=64.98%  lr=1.00e-01  time=32.5s
11:03:05 | INFO | Epoch   6/200  loss=0.8288  val_acc1=53.52%  best=64.98%  lr=1.00e-01  time=32.6s
11:03:38 | INFO | Epoch   7/200  loss=0.7210  val_acc1=72.10%  best=72.10%  lr=1.00e-01  time=32.6s
11:04:10 | INFO | Epoch   8/200  loss=0.6421  val_acc1=74.36%  best=74.36%  lr=1.00e-01  time=32.5s
11:04:43 | INFO | Epoch   9/200  loss=0.5958  val_acc1=77.94%  best=77.94%  lr=1.00e-01  time=32.6s
11:05:15 | INFO | Epoch  10/200  loss=0.5552  val_acc1=78.12%  best=78.12%  lr=1.00e-01  time=32.2s
11:05:47 | INFO | Epoch  11/200  loss=0.5215  val_acc1=74.66%  best=78.12%  lr=1.00e-01  time=31.6s
11:06:18 | INFO | Epoch  12/200  loss=0.4905  val_acc1=80.20%  best=80.20%  lr=1.00e-01  time=31.4s
11:06:50 | INFO | Epoch  13/200  loss=0.4682  val_acc1=79.14%  best=80.20%  lr=1.00e-01  time=31.5s
11:07:21 | INFO | Epoch  14/200  loss=0.4477  val_acc1=79.66%  best=80.20%  lr=1.00e-01  time=31.5s
11:07:52 | INFO | Epoch  15/200  loss=0.4291  val_acc1=74.26%  best=80.20%  lr=1.00e-01  time=31.4s
11:08:24 | INFO | Epoch  16/200  loss=0.4194  val_acc1=79.36%  best=80.20%  lr=1.00e-01  time=31.5s
11:08:56 | INFO | Epoch  17/200  loss=0.4035  val_acc1=81.92%  best=81.92%  lr=1.00e-01  time=31.5s
11:09:27 | INFO | Epoch  18/200  loss=0.3896  val_acc1=81.04%  best=81.92%  lr=1.00e-01  time=31.4s
11:09:58 | INFO | Epoch  19/200  loss=0.3750  val_acc1=69.32%  best=81.92%  lr=1.00e-01  time=31.3s
11:10:30 | INFO | Epoch  20/200  loss=0.3653  val_acc1=78.48%  best=81.92%  lr=1.00e-01  time=31.6s
11:11:02 | INFO | Epoch  21/200  loss=0.3486  val_acc1=78.58%  best=81.92%  lr=1.00e-01  time=31.6s
11:11:33 | INFO | Epoch  22/200  loss=0.3457  val_acc1=75.36%  best=81.92%  lr=1.00e-01  time=31.6s
11:12:05 | INFO | Epoch  23/200  loss=0.3378  val_acc1=80.74%  best=81.92%  lr=1.00e-01  time=31.4s
11:12:36 | INFO | Epoch  24/200  loss=0.3229  val_acc1=78.82%  best=81.92%  lr=1.00e-01  time=31.4s
11:13:08 | INFO | Epoch  25/200  loss=0.3252  val_acc1=78.08%  best=81.92%  lr=1.00e-01  time=31.6s
11:13:39 | INFO | Epoch  26/200  loss=0.3101  val_acc1=83.06%  best=83.06%  lr=1.00e-01  time=31.4s
11:14:11 | INFO | Epoch  27/200  loss=0.3066  val_acc1=83.48%  best=83.48%  lr=1.00e-01  time=31.5s
11:14:42 | INFO | Epoch  28/200  loss=0.2985  val_acc1=74.14%  best=83.48%  lr=1.00e-01  time=31.5s
11:15:14 | INFO | Epoch  29/200  loss=0.2975  val_acc1=82.92%  best=83.48%  lr=1.00e-01  time=31.6s
11:15:45 | INFO | Epoch  30/200  loss=0.2835  val_acc1=83.20%  best=83.48%  lr=1.00e-01  time=31.4s
11:16:17 | INFO | Epoch  31/200  loss=0.2826  val_acc1=78.64%  best=83.48%  lr=1.00e-01  time=31.5s
11:16:49 | INFO | Epoch  32/200  loss=0.2853  val_acc1=82.20%  best=83.48%  lr=1.00e-01  time=31.5s
11:17:20 | INFO | Epoch  33/200  loss=0.2746  val_acc1=76.24%  best=83.48%  lr=1.00e-01  time=31.5s
11:17:52 | INFO | Epoch  34/200  loss=0.2747  val_acc1=80.94%  best=83.48%  lr=1.00e-01  time=31.4s
11:18:23 | INFO | Epoch  35/200  loss=0.2642  val_acc1=84.62%  best=84.62%  lr=1.00e-01  time=31.4s
11:18:54 | INFO | Epoch  36/200  loss=0.2708  val_acc1=79.40%  best=84.62%  lr=1.00e-01  time=31.5s
11:19:26 | INFO | Epoch  37/200  loss=0.2597  val_acc1=79.16%  best=84.62%  lr=1.00e-01  time=31.6s
11:19:58 | INFO | Epoch  38/200  loss=0.2555  val_acc1=85.78%  best=85.78%  lr=1.00e-01  time=31.6s
11:20:29 | INFO | Epoch  39/200  loss=0.2616  val_acc1=82.08%  best=85.78%  lr=1.00e-01  time=31.6s
11:21:01 | INFO | Epoch  40/200  loss=0.2566  val_acc1=82.00%  best=85.78%  lr=1.00e-01  time=31.5s
11:21:33 | INFO | Epoch  41/200  loss=0.2514  val_acc1=81.96%  best=85.78%  lr=1.00e-01  time=32.0s
11:22:06 | INFO | Epoch  42/200  loss=0.2431  val_acc1=79.48%  best=85.78%  lr=1.00e-01  time=32.9s
11:22:39 | INFO | Epoch  43/200  loss=0.2482  val_acc1=82.58%  best=85.78%  lr=1.00e-01  time=32.7s
11:23:11 | INFO | Epoch  44/200  loss=0.2447  val_acc1=81.22%  best=85.78%  lr=1.00e-01  time=32.7s
11:23:44 | INFO | Epoch  45/200  loss=0.2333  val_acc1=79.78%  best=85.78%  lr=1.00e-01  time=32.7s
11:24:17 | INFO | Epoch  46/200  loss=0.2484  val_acc1=80.44%  best=85.78%  lr=1.00e-01  time=32.7s
11:24:50 | INFO | Epoch  47/200  loss=0.2303  val_acc1=83.14%  best=85.78%  lr=1.00e-01  time=32.6s
11:25:22 | INFO | Epoch  48/200  loss=0.2288  val_acc1=81.90%  best=85.78%  lr=1.00e-01  time=32.7s
11:25:55 | INFO | Epoch  49/200  loss=0.2356  val_acc1=86.24%  best=86.24%  lr=1.00e-01  time=32.8s
11:26:28 | INFO | Epoch  50/200  loss=0.2271  val_acc1=85.46%  best=86.24%  lr=1.00e-01  time=32.7s
11:27:01 | INFO | Epoch  51/200  loss=0.2236  val_acc1=82.92%  best=86.24%  lr=1.00e-01  time=32.7s
11:27:33 | INFO | Epoch  52/200  loss=0.2221  val_acc1=84.54%  best=86.24%  lr=1.00e-01  time=32.7s
11:28:06 | INFO | Epoch  53/200  loss=0.2267  val_acc1=82.32%  best=86.24%  lr=1.00e-01  time=32.7s
11:28:39 | INFO | Epoch  54/200  loss=0.2129  val_acc1=84.44%  best=86.24%  lr=1.00e-01  time=32.6s
11:29:11 | INFO | Epoch  55/200  loss=0.2109  val_acc1=83.90%  best=86.24%  lr=1.00e-01  time=32.7s
11:29:44 | INFO | Epoch  56/200  loss=0.2259  val_acc1=77.14%  best=86.24%  lr=1.00e-01  time=32.7s
11:30:17 | INFO | Epoch  57/200  loss=0.2136  val_acc1=82.80%  best=86.24%  lr=1.00e-01  time=32.6s
11:30:49 | INFO | Epoch  58/200  loss=0.2103  val_acc1=83.82%  best=86.24%  lr=1.00e-01  time=32.7s
11:31:22 | INFO | Epoch  59/200  loss=0.2087  val_acc1=82.22%  best=86.24%  lr=1.00e-01  time=32.6s
11:31:55 | INFO | Epoch  60/200  loss=0.2106  val_acc1=85.90%  best=86.24%  lr=1.00e-01  time=32.7s
11:32:27 | INFO | Epoch  61/200  loss=0.2072  val_acc1=81.90%  best=86.24%  lr=1.00e-01  time=32.2s
11:32:59 | INFO | Epoch  62/200  loss=0.2024  val_acc1=84.42%  best=86.24%  lr=1.00e-01  time=31.5s
11:33:30 | INFO | Epoch  63/200  loss=0.2096  val_acc1=78.24%  best=86.24%  lr=1.00e-01  time=31.5s
11:34:02 | INFO | Epoch  64/200  loss=0.2053  val_acc1=81.08%  best=86.24%  lr=1.00e-01  time=31.4s
11:34:33 | INFO | Epoch  65/200  loss=0.2088  val_acc1=83.38%  best=86.24%  lr=1.00e-01  time=31.4s
11:35:05 | INFO | Epoch  66/200  loss=0.2012  val_acc1=84.86%  best=86.24%  lr=1.00e-01  time=31.4s
11:35:36 | INFO | Epoch  67/200  loss=0.2046  val_acc1=80.84%  best=86.24%  lr=1.00e-01  time=31.6s
11:36:08 | INFO | Epoch  68/200  loss=0.1964  val_acc1=84.80%  best=86.24%  lr=1.00e-01  time=31.7s
11:36:39 | INFO | Epoch  69/200  loss=0.1969  val_acc1=78.14%  best=86.24%  lr=1.00e-01  time=31.5s
11:37:11 | INFO | Epoch  70/200  loss=0.1984  val_acc1=80.16%  best=86.24%  lr=1.00e-01  time=31.6s
11:37:42 | INFO | Epoch  71/200  loss=0.1978  val_acc1=83.58%  best=86.24%  lr=1.00e-01  time=31.4s
11:38:14 | INFO | Epoch  72/200  loss=0.1998  val_acc1=86.78%  best=86.78%  lr=1.00e-01  time=31.5s
11:38:46 | INFO | Epoch  73/200  loss=0.1981  val_acc1=80.86%  best=86.78%  lr=1.00e-01  time=31.5s
11:39:17 | INFO | Epoch  74/200  loss=0.1976  val_acc1=85.86%  best=86.78%  lr=1.00e-01  time=31.4s
11:39:48 | INFO | Epoch  75/200  loss=0.1854  val_acc1=86.02%  best=86.78%  lr=1.00e-01  time=31.4s
11:40:20 | INFO | Epoch  76/200  loss=0.1940  val_acc1=82.62%  best=86.78%  lr=1.00e-01  time=31.4s
11:40:51 | INFO | Epoch  77/200  loss=0.1859  val_acc1=81.18%  best=86.78%  lr=1.00e-01  time=31.5s
11:41:23 | INFO | Epoch  78/200  loss=0.1906  val_acc1=83.88%  best=86.78%  lr=1.00e-01  time=31.5s
11:41:54 | INFO | Epoch  79/200  loss=0.1897  val_acc1=80.48%  best=86.78%  lr=1.00e-01  time=31.5s
11:42:26 | INFO | Epoch  80/200  loss=0.1916  val_acc1=82.84%  best=86.78%  lr=1.00e-01  time=31.4s
11:42:57 | INFO | Epoch  81/200  loss=0.1887  val_acc1=85.06%  best=86.78%  lr=1.00e-01  time=31.4s
11:43:29 | INFO | Epoch  82/200  loss=0.1834  val_acc1=82.76%  best=86.78%  lr=1.00e-01  time=31.3s
11:44:00 | INFO | Epoch  83/200  loss=0.1810  val_acc1=83.48%  best=86.78%  lr=1.00e-01  time=31.5s
11:44:32 | INFO | Epoch  84/200  loss=0.1880  val_acc1=86.98%  best=86.98%  lr=1.00e-01  time=31.5s
11:45:03 | INFO | Epoch  85/200  loss=0.1796  val_acc1=84.38%  best=86.98%  lr=1.00e-01  time=31.5s
11:45:35 | INFO | Epoch  86/200  loss=0.1819  val_acc1=80.40%  best=86.98%  lr=1.00e-01  time=31.5s
11:46:06 | INFO | Epoch  87/200  loss=0.1877  val_acc1=85.42%  best=86.98%  lr=1.00e-01  time=31.5s
11:46:38 | INFO | Epoch  88/200  loss=0.1814  val_acc1=79.26%  best=86.98%  lr=1.00e-01  time=31.4s
11:47:09 | INFO | Epoch  89/200  loss=0.1853  val_acc1=84.02%  best=86.98%  lr=1.00e-01  time=31.4s
11:47:41 | INFO | Epoch  90/200  loss=0.1958  val_acc1=87.02%  best=87.02%  lr=1.00e-01  time=31.6s
11:48:12 | INFO | Epoch  91/200  loss=0.1685  val_acc1=81.08%  best=87.02%  lr=1.00e-01  time=31.4s
11:48:44 | INFO | Epoch  92/200  loss=0.1860  val_acc1=84.10%  best=87.02%  lr=1.00e-01  time=31.4s
11:49:15 | INFO | Epoch  93/200  loss=0.1783  val_acc1=82.28%  best=87.02%  lr=1.00e-01  time=31.4s
11:49:47 | INFO | Epoch  94/200  loss=0.1756  val_acc1=83.42%  best=87.02%  lr=1.00e-01  time=31.4s
11:50:18 | INFO | Epoch  95/200  loss=0.1824  val_acc1=84.50%  best=87.02%  lr=1.00e-01  time=31.3s
11:50:49 | INFO | Epoch  96/200  loss=0.1829  val_acc1=83.72%  best=87.02%  lr=1.00e-01  time=31.3s
11:51:21 | INFO | Epoch  97/200  loss=0.1776  val_acc1=86.36%  best=87.02%  lr=1.00e-01  time=31.5s
11:51:52 | INFO | Epoch  98/200  loss=0.1771  val_acc1=82.58%  best=87.02%  lr=1.00e-01  time=31.3s
11:52:24 | INFO | Epoch  99/200  loss=0.1741  val_acc1=82.48%  best=87.02%  lr=1.00e-01  time=31.5s
11:52:55 | INFO | Epoch 100/200  loss=0.1782  val_acc1=84.30%  best=87.02%  lr=1.00e-02  time=31.4s
11:53:26 | INFO | Epoch 101/200  loss=0.0835  val_acc1=91.38%  best=91.38%  lr=1.00e-02  time=31.3s
11:53:58 | INFO | Epoch 102/200  loss=0.0563  val_acc1=91.60%  best=91.60%  lr=1.00e-02  time=31.4s
11:54:29 | INFO | Epoch 103/200  loss=0.0464  val_acc1=91.58%  best=91.60%  lr=1.00e-02  time=31.5s
11:55:01 | INFO | Epoch 104/200  loss=0.0394  val_acc1=91.66%  best=91.66%  lr=1.00e-02  time=31.4s
11:55:32 | INFO | Epoch 105/200  loss=0.0347  val_acc1=91.76%  best=91.76%  lr=1.00e-02  time=31.3s
11:56:04 | INFO | Epoch 106/200  loss=0.0313  val_acc1=91.68%  best=91.76%  lr=1.00e-02  time=31.4s
11:56:35 | INFO | Epoch 107/200  loss=0.0285  val_acc1=91.62%  best=91.76%  lr=1.00e-02  time=31.4s
11:57:07 | INFO | Epoch 108/200  loss=0.0287  val_acc1=91.66%  best=91.76%  lr=1.00e-02  time=31.4s
11:57:38 | INFO | Epoch 109/200  loss=0.0256  val_acc1=91.74%  best=91.76%  lr=1.00e-02  time=31.4s
11:58:09 | INFO | Epoch 110/200  loss=0.0224  val_acc1=91.54%  best=91.76%  lr=1.00e-02  time=31.4s
11:58:41 | INFO | Epoch 111/200  loss=0.0221  val_acc1=91.68%  best=91.76%  lr=1.00e-02  time=31.4s
11:59:12 | INFO | Epoch 112/200  loss=0.0208  val_acc1=91.58%  best=91.76%  lr=1.00e-02  time=31.4s
11:59:44 | INFO | Epoch 113/200  loss=0.0187  val_acc1=91.70%  best=91.76%  lr=1.00e-02  time=31.5s
12:00:15 | INFO | Epoch 114/200  loss=0.0186  val_acc1=91.58%  best=91.76%  lr=1.00e-02  time=31.4s
12:00:47 | INFO | Epoch 115/200  loss=0.0181  val_acc1=91.72%  best=91.76%  lr=1.00e-02  time=31.6s
12:01:18 | INFO | Epoch 116/200  loss=0.0158  val_acc1=91.54%  best=91.76%  lr=1.00e-02  time=31.5s
12:01:50 | INFO | Epoch 117/200  loss=0.0153  val_acc1=91.78%  best=91.78%  lr=1.00e-02  time=31.4s
12:02:21 | INFO | Epoch 118/200  loss=0.0145  val_acc1=91.38%  best=91.78%  lr=1.00e-02  time=31.5s
12:02:53 | INFO | Epoch 119/200  loss=0.0142  val_acc1=91.56%  best=91.78%  lr=1.00e-02  time=31.3s
12:03:24 | INFO | Epoch 120/200  loss=0.0139  val_acc1=91.52%  best=91.78%  lr=1.00e-02  time=31.4s
12:03:56 | INFO | Epoch 121/200  loss=0.0127  val_acc1=91.38%  best=91.78%  lr=1.00e-02  time=31.5s
12:04:27 | INFO | Epoch 122/200  loss=0.0120  val_acc1=91.56%  best=91.78%  lr=1.00e-02  time=31.5s
12:04:59 | INFO | Epoch 123/200  loss=0.0117  val_acc1=91.32%  best=91.78%  lr=1.00e-02  time=31.4s
12:05:30 | INFO | Epoch 124/200  loss=0.0114  val_acc1=91.56%  best=91.78%  lr=1.00e-02  time=31.3s
12:06:02 | INFO | Epoch 125/200  loss=0.0112  val_acc1=91.52%  best=91.78%  lr=1.00e-02  time=31.4s
12:06:33 | INFO | Epoch 126/200  loss=0.0106  val_acc1=91.66%  best=91.78%  lr=1.00e-02  time=31.5s
12:07:04 | INFO | Epoch 127/200  loss=0.0107  val_acc1=91.54%  best=91.78%  lr=1.00e-02  time=31.4s
12:07:36 | INFO | Epoch 128/200  loss=0.0109  val_acc1=91.50%  best=91.78%  lr=1.00e-02  time=31.7s
12:08:08 | INFO | Epoch 129/200  loss=0.0093  val_acc1=91.50%  best=91.78%  lr=1.00e-02  time=31.6s
12:08:39 | INFO | Epoch 130/200  loss=0.0098  val_acc1=91.44%  best=91.78%  lr=1.00e-02  time=31.4s
12:09:11 | INFO | Epoch 131/200  loss=0.0092  val_acc1=91.62%  best=91.78%  lr=1.00e-02  time=31.5s
12:09:42 | INFO | Epoch 132/200  loss=0.0091  val_acc1=91.50%  best=91.78%  lr=1.00e-02  time=31.4s
12:10:14 | INFO | Epoch 133/200  loss=0.0088  val_acc1=91.24%  best=91.78%  lr=1.00e-02  time=31.5s
12:10:45 | INFO | Epoch 134/200  loss=0.0082  val_acc1=91.10%  best=91.78%  lr=1.00e-02  time=31.5s
12:11:17 | INFO | Epoch 135/200  loss=0.0084  val_acc1=91.36%  best=91.78%  lr=1.00e-02  time=31.4s
12:11:48 | INFO | Epoch 136/200  loss=0.0084  val_acc1=91.32%  best=91.78%  lr=1.00e-02  time=31.4s
12:12:19 | INFO | Epoch 137/200  loss=0.0080  val_acc1=91.22%  best=91.78%  lr=1.00e-02  time=31.4s
12:12:51 | INFO | Epoch 138/200  loss=0.0078  val_acc1=91.20%  best=91.78%  lr=1.00e-02  time=31.4s
12:13:23 | INFO | Epoch 139/200  loss=0.0079  val_acc1=91.40%  best=91.78%  lr=1.00e-02  time=31.6s
12:13:54 | INFO | Epoch 140/200  loss=0.0075  val_acc1=91.16%  best=91.78%  lr=1.00e-02  time=31.4s
12:14:25 | INFO | Epoch 141/200  loss=0.0071  val_acc1=91.38%  best=91.78%  lr=1.00e-02  time=31.3s
12:14:57 | INFO | Epoch 142/200  loss=0.0074  val_acc1=91.28%  best=91.78%  lr=1.00e-02  time=31.4s
12:15:28 | INFO | Epoch 143/200  loss=0.0072  val_acc1=91.10%  best=91.78%  lr=1.00e-02  time=31.5s
12:16:00 | INFO | Epoch 144/200  loss=0.0071  val_acc1=91.36%  best=91.78%  lr=1.00e-02  time=31.4s
12:16:31 | INFO | Epoch 145/200  loss=0.0068  val_acc1=91.16%  best=91.78%  lr=1.00e-02  time=31.5s
12:17:03 | INFO | Epoch 146/200  loss=0.0063  val_acc1=91.14%  best=91.78%  lr=1.00e-02  time=31.5s
12:17:34 | INFO | Epoch 147/200  loss=0.0065  val_acc1=91.32%  best=91.78%  lr=1.00e-02  time=31.6s
12:18:06 | INFO | Epoch 148/200  loss=0.0066  val_acc1=91.34%  best=91.78%  lr=1.00e-02  time=31.3s
12:18:37 | INFO | Epoch 149/200  loss=0.0057  val_acc1=91.16%  best=91.78%  lr=1.00e-02  time=31.5s
12:19:09 | INFO | Epoch 150/200  loss=0.0064  val_acc1=91.24%  best=91.78%  lr=1.00e-03  time=31.4s
12:19:40 | INFO | Epoch 151/200  loss=0.0059  val_acc1=91.36%  best=91.78%  lr=1.00e-03  time=31.4s
12:20:11 | INFO | Epoch 152/200  loss=0.0058  val_acc1=91.12%  best=91.78%  lr=1.00e-03  time=31.4s
12:20:43 | INFO | Epoch 153/200  loss=0.0056  val_acc1=91.28%  best=91.78%  lr=1.00e-03  time=31.5s
12:21:14 | INFO | Epoch 154/200  loss=0.0054  val_acc1=91.30%  best=91.78%  lr=1.00e-03  time=31.4s
12:21:46 | INFO | Epoch 155/200  loss=0.0055  val_acc1=91.26%  best=91.78%  lr=1.00e-03  time=31.4s
12:22:17 | INFO | Epoch 156/200  loss=0.0053  val_acc1=91.30%  best=91.78%  lr=1.00e-03  time=31.5s
12:22:49 | INFO | Epoch 157/200  loss=0.0055  val_acc1=91.32%  best=91.78%  lr=1.00e-03  time=31.5s
12:23:20 | INFO | Epoch 158/200  loss=0.0052  val_acc1=91.32%  best=91.78%  lr=1.00e-03  time=31.4s
12:23:52 | INFO | Epoch 159/200  loss=0.0054  val_acc1=91.36%  best=91.78%  lr=1.00e-03  time=31.4s
12:24:23 | INFO | Epoch 160/200  loss=0.0052  val_acc1=91.18%  best=91.78%  lr=1.00e-03  time=31.4s
12:24:55 | INFO | Epoch 161/200  loss=0.0049  val_acc1=91.18%  best=91.78%  lr=1.00e-03  time=31.3s
12:25:26 | INFO | Epoch 162/200  loss=0.0050  val_acc1=91.26%  best=91.78%  lr=1.00e-03  time=31.4s
12:25:58 | INFO | Epoch 163/200  loss=0.0053  val_acc1=91.12%  best=91.78%  lr=1.00e-03  time=31.6s
12:26:29 | INFO | Epoch 164/200  loss=0.0049  val_acc1=91.18%  best=91.78%  lr=1.00e-03  time=31.4s
12:27:01 | INFO | Epoch 165/200  loss=0.0049  val_acc1=91.26%  best=91.78%  lr=1.00e-03  time=31.5s
12:27:32 | INFO | Epoch 166/200  loss=0.0051  val_acc1=91.38%  best=91.78%  lr=1.00e-03  time=31.5s
12:28:04 | INFO | Epoch 167/200  loss=0.0054  val_acc1=91.32%  best=91.78%  lr=1.00e-03  time=31.5s
12:28:35 | INFO | Epoch 168/200  loss=0.0052  val_acc1=91.42%  best=91.78%  lr=1.00e-03  time=31.5s
12:29:07 | INFO | Epoch 169/200  loss=0.0049  val_acc1=91.30%  best=91.78%  lr=1.00e-03  time=31.6s
12:29:38 | INFO | Epoch 170/200  loss=0.0046  val_acc1=91.32%  best=91.78%  lr=1.00e-03  time=31.5s
12:30:10 | INFO | Epoch 171/200  loss=0.0048  val_acc1=91.32%  best=91.78%  lr=1.00e-03  time=31.6s
12:30:42 | INFO | Epoch 172/200  loss=0.0047  val_acc1=91.12%  best=91.78%  lr=1.00e-03  time=31.6s
12:31:13 | INFO | Epoch 173/200  loss=0.0051  val_acc1=91.14%  best=91.78%  lr=1.00e-03  time=31.6s
12:31:45 | INFO | Epoch 174/200  loss=0.0047  val_acc1=91.22%  best=91.78%  lr=1.00e-03  time=31.5s
12:32:16 | INFO | Epoch 175/200  loss=0.0048  val_acc1=91.20%  best=91.78%  lr=1.00e-03  time=31.3s
12:32:48 | INFO | Epoch 176/200  loss=0.0049  val_acc1=91.30%  best=91.78%  lr=1.00e-03  time=31.5s
12:33:19 | INFO | Epoch 177/200  loss=0.0052  val_acc1=91.24%  best=91.78%  lr=1.00e-03  time=31.5s
12:33:50 | INFO | Epoch 178/200  loss=0.0052  val_acc1=91.20%  best=91.78%  lr=1.00e-03  time=31.3s
12:34:22 | INFO | Epoch 179/200  loss=0.0047  val_acc1=91.30%  best=91.78%  lr=1.00e-03  time=31.3s
12:34:53 | INFO | Epoch 180/200  loss=0.0049  val_acc1=91.20%  best=91.78%  lr=1.00e-03  time=31.4s
12:35:24 | INFO | Epoch 181/200  loss=0.0048  val_acc1=91.20%  best=91.78%  lr=1.00e-03  time=31.3s
12:35:56 | INFO | Epoch 182/200  loss=0.0048  val_acc1=91.10%  best=91.78%  lr=1.00e-03  time=31.2s
12:36:27 | INFO | Epoch 183/200  loss=0.0048  val_acc1=91.26%  best=91.78%  lr=1.00e-03  time=31.3s
12:36:58 | INFO | Epoch 184/200  loss=0.0050  val_acc1=91.30%  best=91.78%  lr=1.00e-03  time=31.3s
12:37:30 | INFO | Epoch 185/200  loss=0.0049  val_acc1=91.18%  best=91.78%  lr=1.00e-03  time=31.6s
12:38:02 | INFO | Epoch 186/200  loss=0.0048  val_acc1=91.24%  best=91.78%  lr=1.00e-03  time=31.5s
12:38:33 | INFO | Epoch 187/200  loss=0.0050  val_acc1=91.26%  best=91.78%  lr=1.00e-03  time=31.6s
12:39:05 | INFO | Epoch 188/200  loss=0.0045  val_acc1=91.26%  best=91.78%  lr=1.00e-03  time=31.4s
12:39:36 | INFO | Epoch 189/200  loss=0.0045  val_acc1=91.08%  best=91.78%  lr=1.00e-03  time=31.3s
12:40:07 | INFO | Epoch 190/200  loss=0.0048  val_acc1=91.02%  best=91.78%  lr=1.00e-03  time=31.3s
12:40:39 | INFO | Epoch 191/200  loss=0.0049  val_acc1=91.30%  best=91.78%  lr=1.00e-03  time=31.4s
12:41:10 | INFO | Epoch 192/200  loss=0.0047  val_acc1=91.28%  best=91.78%  lr=1.00e-03  time=31.5s
12:41:42 | INFO | Epoch 193/200  loss=0.0050  val_acc1=91.32%  best=91.78%  lr=1.00e-03  time=31.3s
12:42:13 | INFO | Epoch 194/200  loss=0.0045  val_acc1=91.44%  best=91.78%  lr=1.00e-03  time=31.5s
12:42:45 | INFO | Epoch 195/200  loss=0.0052  val_acc1=91.12%  best=91.78%  lr=1.00e-03  time=31.4s
12:43:16 | INFO | Epoch 196/200  loss=0.0047  val_acc1=91.30%  best=91.78%  lr=1.00e-03  time=31.5s
12:43:47 | INFO | Epoch 197/200  loss=0.0045  val_acc1=91.22%  best=91.78%  lr=1.00e-03  time=31.4s
12:44:19 | INFO | Epoch 198/200  loss=0.0043  val_acc1=91.22%  best=91.78%  lr=1.00e-03  time=31.5s
12:44:50 | INFO | Epoch 199/200  loss=0.0052  val_acc1=91.04%  best=91.78%  lr=1.00e-03  time=31.5s
12:45:22 | INFO | Epoch 200/200  loss=0.0047  val_acc1=91.20%  best=91.78%  lr=1.00e-03  time=31.3s
12:45:22 | INFO | Training complete. Best val acc@1: 91.78%
12:45:22 | INFO | Artifacts saved to: runs/d8_baseline
12:45:22 | INFO | To test the model, run: python scripts/test.py --checkpoint runs/d8_baseline/best.pt --config runs/d8_baseline/config.json
