04:13:31 | INFO | Run: d32_no_residual
04:13:31 | INFO | Variant: no_residual
04:13:31 | INFO | Config: runs/d32_no_residual/config.json
04:13:31 | INFO | Device: cuda
04:13:33 | INFO | Data: train=45000  val=5000
04:13:33 | INFO | Model: no_residual depth=32  params=2,369,994
04:13:36 | INFO | NumExpr defaulting to 12 threads.
04:14:10 | INFO | Epoch   1/200  loss=2.3007  train_err=89.38%  val_err=89.36%  lr=2.01e-02  time=31.5s
04:14:41 | INFO | Epoch   2/200  loss=2.1892  train_err=83.88%  val_err=78.06%  lr=4.01e-02  time=31.0s
04:15:12 | INFO | Epoch   3/200  loss=1.9436  train_err=74.38%  val_err=69.98%  lr=6.00e-02  time=31.0s
04:15:43 | INFO | Epoch   4/200  loss=1.9004  train_err=71.64%  val_err=75.02%  lr=8.00e-02  time=31.0s
04:16:14 | INFO | Epoch   5/200  loss=1.9420  train_err=73.30%  val_err=75.26%  lr=1.00e-01  time=31.0s
04:16:45 | INFO | Epoch   6/200  loss=1.8525  train_err=70.15%  val_err=78.52%  lr=1.00e-01  time=31.0s
04:17:17 | INFO | Epoch   7/200  loss=1.7523  train_err=66.62%  val_err=65.80%  lr=1.00e-01  time=31.0s
04:17:48 | INFO | Epoch   8/200  loss=1.6827  train_err=63.34%  val_err=64.34%  lr=1.00e-01  time=31.0s
04:18:19 | INFO | Epoch   9/200  loss=1.6250  train_err=60.71%  val_err=60.22%  lr=1.00e-01  time=31.0s
04:18:50 | INFO | Epoch  10/200  loss=1.5612  train_err=57.80%  val_err=61.94%  lr=1.00e-01  time=31.0s
04:19:21 | INFO | Epoch  11/200  loss=1.4889  train_err=54.92%  val_err=53.52%  lr=1.00e-01  time=31.0s
04:19:52 | INFO | Epoch  12/200  loss=1.4021  train_err=51.34%  val_err=59.86%  lr=1.00e-01  time=30.9s
04:20:24 | INFO | Epoch  13/200  loss=1.3279  train_err=48.04%  val_err=54.44%  lr=1.00e-01  time=31.0s
04:20:55 | INFO | Epoch  14/200  loss=1.2359  train_err=44.65%  val_err=59.46%  lr=1.00e-01  time=31.0s
04:21:26 | INFO | Epoch  15/200  loss=1.1722  train_err=42.43%  val_err=50.50%  lr=1.00e-01  time=31.0s
04:21:57 | INFO | Epoch  16/200  loss=1.1089  train_err=40.06%  val_err=49.96%  lr=1.00e-01  time=31.0s
04:22:28 | INFO | Epoch  17/200  loss=1.0474  train_err=37.60%  val_err=39.04%  lr=1.00e-01  time=30.9s
04:22:59 | INFO | Epoch  18/200  loss=1.0133  train_err=36.26%  val_err=39.30%  lr=1.00e-01  time=31.0s
04:23:31 | INFO | Epoch  19/200  loss=0.9681  train_err=34.42%  val_err=36.02%  lr=1.00e-01  time=31.0s
04:24:02 | INFO | Epoch  20/200  loss=0.9384  train_err=33.20%  val_err=41.20%  lr=1.00e-01  time=31.0s
04:24:33 | INFO | Epoch  21/200  loss=0.8997  train_err=31.90%  val_err=43.62%  lr=1.00e-01  time=31.0s
04:25:04 | INFO | Epoch  22/200  loss=0.8715  train_err=30.63%  val_err=35.12%  lr=1.00e-01  time=31.0s
04:25:35 | INFO | Epoch  23/200  loss=0.8516  train_err=29.84%  val_err=35.54%  lr=1.00e-01  time=31.0s
04:26:06 | INFO | Epoch  24/200  loss=0.8206  train_err=28.82%  val_err=33.80%  lr=1.00e-01  time=31.0s
04:26:37 | INFO | Epoch  25/200  loss=0.7962  train_err=27.88%  val_err=30.64%  lr=1.00e-01  time=31.0s
04:27:09 | INFO | Epoch  26/200  loss=0.7762  train_err=26.91%  val_err=38.98%  lr=1.00e-01  time=31.0s
04:27:40 | INFO | Epoch  27/200  loss=0.7571  train_err=26.52%  val_err=32.98%  lr=1.00e-01  time=31.0s
04:28:11 | INFO | Epoch  28/200  loss=0.7415  train_err=25.95%  val_err=35.00%  lr=1.00e-01  time=31.0s
04:28:42 | INFO | Epoch  29/200  loss=0.7202  train_err=25.09%  val_err=37.58%  lr=1.00e-01  time=31.0s
04:29:13 | INFO | Epoch  30/200  loss=0.7086  train_err=24.45%  val_err=35.20%  lr=1.00e-01  time=31.0s
04:29:44 | INFO | Epoch  31/200  loss=0.6993  train_err=24.26%  val_err=32.02%  lr=1.00e-01  time=31.0s
04:30:15 | INFO | Epoch  32/200  loss=0.6793  train_err=23.66%  val_err=37.36%  lr=1.00e-01  time=30.9s
04:30:46 | INFO | Epoch  33/200  loss=0.6768  train_err=23.46%  val_err=26.72%  lr=1.00e-01  time=31.0s
04:31:18 | INFO | Epoch  34/200  loss=0.6501  train_err=22.64%  val_err=36.32%  lr=1.00e-01  time=31.0s
04:31:49 | INFO | Epoch  35/200  loss=0.6463  train_err=22.55%  val_err=30.56%  lr=1.00e-01  time=31.0s
04:32:20 | INFO | Epoch  36/200  loss=0.6375  train_err=22.17%  val_err=26.68%  lr=1.00e-01  time=30.9s
04:32:51 | INFO | Epoch  37/200  loss=0.6225  train_err=21.61%  val_err=30.30%  lr=1.00e-01  time=31.0s
04:33:22 | INFO | Epoch  38/200  loss=0.6123  train_err=21.43%  val_err=46.48%  lr=1.00e-01  time=31.0s
04:33:53 | INFO | Epoch  39/200  loss=0.6000  train_err=20.73%  val_err=23.40%  lr=1.00e-01  time=31.0s
04:34:24 | INFO | Epoch  40/200  loss=0.5883  train_err=20.37%  val_err=32.12%  lr=1.00e-01  time=31.0s
04:34:55 | INFO | Epoch  41/200  loss=0.5863  train_err=20.34%  val_err=33.44%  lr=1.00e-01  time=30.9s
04:35:26 | INFO | Epoch  42/200  loss=0.5717  train_err=19.82%  val_err=34.26%  lr=1.00e-01  time=31.0s
04:35:57 | INFO | Epoch  43/200  loss=0.5714  train_err=20.03%  val_err=34.74%  lr=1.00e-01  time=31.0s
04:36:28 | INFO | Epoch  44/200  loss=0.5617  train_err=19.58%  val_err=50.26%  lr=1.00e-01  time=30.9s
04:36:59 | INFO | Epoch  45/200  loss=0.5493  train_err=19.04%  val_err=37.66%  lr=1.00e-01  time=30.9s
04:37:31 | INFO | Epoch  46/200  loss=0.5407  train_err=18.85%  val_err=24.68%  lr=1.00e-01  time=30.9s
04:38:02 | INFO | Epoch  47/200  loss=0.5381  train_err=18.77%  val_err=38.34%  lr=1.00e-01  time=31.0s
04:38:33 | INFO | Epoch  48/200  loss=0.5285  train_err=18.31%  val_err=40.08%  lr=1.00e-01  time=31.0s
04:39:04 | INFO | Epoch  49/200  loss=0.5174  train_err=18.04%  val_err=25.72%  lr=1.00e-01  time=30.9s
04:39:35 | INFO | Epoch  50/200  loss=0.5148  train_err=17.85%  val_err=37.36%  lr=1.00e-01  time=31.0s
04:40:06 | INFO | Epoch  51/200  loss=0.5117  train_err=17.65%  val_err=25.64%  lr=1.00e-01  time=31.0s
04:40:37 | INFO | Epoch  52/200  loss=0.5042  train_err=17.51%  val_err=31.80%  lr=1.00e-01  time=30.9s
04:41:08 | INFO | Epoch  53/200  loss=0.5043  train_err=17.56%  val_err=29.84%  lr=1.00e-01  time=31.0s
04:41:39 | INFO | Epoch  54/200  loss=0.4999  train_err=17.48%  val_err=25.06%  lr=1.00e-01  time=30.9s
04:42:10 | INFO | Epoch  55/200  loss=0.4882  train_err=17.10%  val_err=30.46%  lr=1.00e-01  time=31.0s
04:42:41 | INFO | Epoch  56/200  loss=0.4864  train_err=16.76%  val_err=27.40%  lr=1.00e-01  time=30.9s
04:43:12 | INFO | Epoch  57/200  loss=0.4731  train_err=16.48%  val_err=38.38%  lr=1.00e-01  time=31.0s
04:43:43 | INFO | Epoch  58/200  loss=0.4794  train_err=16.61%  val_err=25.26%  lr=1.00e-01  time=30.9s
04:44:14 | INFO | Epoch  59/200  loss=0.4680  train_err=16.08%  val_err=28.30%  lr=1.00e-01  time=31.0s
04:44:46 | INFO | Epoch  60/200  loss=0.4640  train_err=16.04%  val_err=29.80%  lr=1.00e-01  time=30.9s
04:45:17 | INFO | Epoch  61/200  loss=0.4689  train_err=16.19%  val_err=26.10%  lr=1.00e-01  time=30.9s
04:45:48 | INFO | Epoch  62/200  loss=0.4554  train_err=15.72%  val_err=31.84%  lr=1.00e-01  time=31.0s
04:46:19 | INFO | Epoch  63/200  loss=0.4491  train_err=15.60%  val_err=36.96%  lr=1.00e-01  time=30.9s
04:46:50 | INFO | Epoch  64/200  loss=0.4491  train_err=15.60%  val_err=24.66%  lr=1.00e-01  time=30.9s
04:47:21 | INFO | Epoch  65/200  loss=0.4418  train_err=15.40%  val_err=33.36%  lr=1.00e-01  time=31.0s
04:47:52 | INFO | Epoch  66/200  loss=0.4473  train_err=15.40%  val_err=24.66%  lr=1.00e-01  time=31.0s
04:48:23 | INFO | Epoch  67/200  loss=0.4420  train_err=15.30%  val_err=19.96%  lr=1.00e-01  time=30.9s
04:48:54 | INFO | Epoch  68/200  loss=0.4303  train_err=14.86%  val_err=33.52%  lr=1.00e-01  time=30.9s
04:49:25 | INFO | Epoch  69/200  loss=0.4263  train_err=14.85%  val_err=23.32%  lr=1.00e-01  time=30.9s
04:49:56 | INFO | Epoch  70/200  loss=0.4238  train_err=14.72%  val_err=28.64%  lr=1.00e-01  time=31.0s
04:50:27 | INFO | Epoch  71/200  loss=0.4270  train_err=14.78%  val_err=31.12%  lr=1.00e-01  time=30.9s
04:50:58 | INFO | Epoch  72/200  loss=0.4242  train_err=14.77%  val_err=22.02%  lr=1.00e-01  time=30.9s
04:51:29 | INFO | Epoch  73/200  loss=0.4082  train_err=14.19%  val_err=27.42%  lr=1.00e-01  time=30.9s
04:52:00 | INFO | Epoch  74/200  loss=0.4100  train_err=14.17%  val_err=28.92%  lr=1.00e-01  time=30.9s
04:52:32 | INFO | Epoch  75/200  loss=0.4104  train_err=14.23%  val_err=33.92%  lr=1.00e-01  time=31.0s
04:53:03 | INFO | Epoch  76/200  loss=0.4056  train_err=14.04%  val_err=48.46%  lr=1.00e-01  time=30.9s
04:53:34 | INFO | Epoch  77/200  loss=0.3940  train_err=13.74%  val_err=22.96%  lr=1.00e-01  time=30.9s
04:54:05 | INFO | Epoch  78/200  loss=0.4035  train_err=14.08%  val_err=22.96%  lr=1.00e-01  time=30.9s
04:54:36 | INFO | Epoch  79/200  loss=0.3969  train_err=13.71%  val_err=25.00%  lr=1.00e-01  time=30.9s
04:55:07 | INFO | Epoch  80/200  loss=0.3906  train_err=13.61%  val_err=28.04%  lr=1.00e-01  time=30.9s
04:55:38 | INFO | Epoch  81/200  loss=0.3874  train_err=13.45%  val_err=18.72%  lr=1.00e-01  time=30.9s
04:56:09 | INFO | Epoch  82/200  loss=0.3883  train_err=13.45%  val_err=26.70%  lr=1.00e-01  time=30.9s
04:56:40 | INFO | Epoch  83/200  loss=0.3903  train_err=13.82%  val_err=27.34%  lr=1.00e-01  time=31.0s
04:57:11 | INFO | Epoch  84/200  loss=0.3852  train_err=13.32%  val_err=25.58%  lr=1.00e-01  time=31.0s
04:57:42 | INFO | Epoch  85/200  loss=0.3859  train_err=13.43%  val_err=23.66%  lr=1.00e-01  time=31.0s
04:58:13 | INFO | Epoch  86/200  loss=0.3788  train_err=13.13%  val_err=26.80%  lr=1.00e-01  time=30.9s
04:58:44 | INFO | Epoch  87/200  loss=0.3752  train_err=13.03%  val_err=19.84%  lr=1.00e-01  time=31.0s
04:59:16 | INFO | Epoch  88/200  loss=0.3704  train_err=12.89%  val_err=38.96%  lr=1.00e-01  time=31.0s
04:59:47 | INFO | Epoch  89/200  loss=0.3634  train_err=12.65%  val_err=30.40%  lr=1.00e-01  time=31.0s
05:00:18 | INFO | Epoch  90/200  loss=0.3732  train_err=12.99%  val_err=24.30%  lr=1.00e-01  time=31.0s
05:00:49 | INFO | Epoch  91/200  loss=0.3735  train_err=12.82%  val_err=24.50%  lr=1.00e-01  time=31.0s
05:01:20 | INFO | Epoch  92/200  loss=0.3585  train_err=12.31%  val_err=26.82%  lr=1.00e-01  time=30.9s
05:01:51 | INFO | Epoch  93/200  loss=0.3660  train_err=12.71%  val_err=25.70%  lr=1.00e-01  time=31.0s
05:02:22 | INFO | Epoch  94/200  loss=0.3573  train_err=12.43%  val_err=35.60%  lr=1.00e-01  time=31.0s
05:02:53 | INFO | Epoch  95/200  loss=0.3614  train_err=12.58%  val_err=32.22%  lr=1.00e-01  time=30.9s
05:03:24 | INFO | Epoch  96/200  loss=0.3551  train_err=12.51%  val_err=33.32%  lr=1.00e-01  time=31.0s
05:03:55 | INFO | Epoch  97/200  loss=0.3520  train_err=12.32%  val_err=31.26%  lr=1.00e-01  time=31.0s
05:04:26 | INFO | Epoch  98/200  loss=0.3495  train_err=12.25%  val_err=46.70%  lr=1.00e-01  time=31.0s
05:04:58 | INFO | Epoch  99/200  loss=0.3546  train_err=12.32%  val_err=38.04%  lr=1.00e-01  time=31.0s
05:05:29 | INFO | Epoch 100/200  loss=0.3455  train_err=11.96%  val_err=24.58%  lr=1.00e-02  time=31.0s
05:06:00 | INFO | Epoch 101/200  loss=0.2068  train_err=6.96%  val_err=10.72%  lr=1.00e-02  time=31.0s
05:06:31 | INFO | Epoch 102/200  loss=0.1709  train_err=5.73%  val_err=10.28%  lr=1.00e-02  time=31.0s
05:07:03 | INFO | Epoch 103/200  loss=0.1588  train_err=5.35%  val_err=10.32%  lr=1.00e-02  time=31.5s
05:07:34 | INFO | Epoch 104/200  loss=0.1448  train_err=4.76%  val_err=10.62%  lr=1.00e-02  time=31.0s
05:08:05 | INFO | Epoch 105/200  loss=0.1379  train_err=4.58%  val_err=10.06%  lr=1.00e-02  time=31.0s
05:08:36 | INFO | Epoch 106/200  loss=0.1307  train_err=4.32%  val_err=10.56%  lr=1.00e-02  time=31.0s
05:09:08 | INFO | Epoch 107/200  loss=0.1230  train_err=4.10%  val_err=10.02%  lr=1.00e-02  time=31.0s
05:09:39 | INFO | Epoch 108/200  loss=0.1187  train_err=3.90%  val_err=10.22%  lr=1.00e-02  time=31.0s
05:10:10 | INFO | Epoch 109/200  loss=0.1143  train_err=3.75%  val_err=10.44%  lr=1.00e-02  time=31.0s
05:10:41 | INFO | Epoch 110/200  loss=0.1111  train_err=3.74%  val_err=10.12%  lr=1.00e-02  time=31.0s
05:11:12 | INFO | Epoch 111/200  loss=0.1031  train_err=3.34%  val_err=10.04%  lr=1.00e-02  time=30.9s
05:11:43 | INFO | Epoch 112/200  loss=0.1014  train_err=3.32%  val_err=10.24%  lr=1.00e-02  time=30.9s
05:12:14 | INFO | Epoch 113/200  loss=0.0981  train_err=3.30%  val_err=9.98%  lr=1.00e-02  time=31.0s
05:12:45 | INFO | Epoch 114/200  loss=0.0933  train_err=3.12%  val_err=10.02%  lr=1.00e-02  time=31.0s
05:13:16 | INFO | Epoch 115/200  loss=0.0911  train_err=3.04%  val_err=10.08%  lr=1.00e-02  time=31.0s
05:13:47 | INFO | Epoch 116/200  loss=0.0880  train_err=2.96%  val_err=10.22%  lr=1.00e-02  time=31.0s
05:14:19 | INFO | Epoch 117/200  loss=0.0841  train_err=2.78%  val_err=10.24%  lr=1.00e-02  time=31.0s
05:14:50 | INFO | Epoch 118/200  loss=0.0826  train_err=2.70%  val_err=9.92%  lr=1.00e-02  time=31.0s
05:15:21 | INFO | Epoch 119/200  loss=0.0767  train_err=2.43%  val_err=10.06%  lr=1.00e-02  time=30.9s
05:15:52 | INFO | Epoch 120/200  loss=0.0755  train_err=2.47%  val_err=10.18%  lr=1.00e-02  time=30.9s
05:16:23 | INFO | Epoch 121/200  loss=0.0709  train_err=2.22%  val_err=9.78%  lr=1.00e-02  time=31.0s
05:16:54 | INFO | Epoch 122/200  loss=0.0702  train_err=2.26%  val_err=10.38%  lr=1.00e-02  time=30.9s
05:17:25 | INFO | Epoch 123/200  loss=0.0676  train_err=2.20%  val_err=10.04%  lr=1.00e-02  time=31.0s
05:17:56 | INFO | Epoch 124/200  loss=0.0643  train_err=2.05%  val_err=10.42%  lr=1.00e-02  time=30.9s
05:18:27 | INFO | Epoch 125/200  loss=0.0610  train_err=1.86%  val_err=9.58%  lr=1.00e-02  time=31.0s
05:18:59 | INFO | Epoch 126/200  loss=0.0621  train_err=1.99%  val_err=9.78%  lr=1.00e-02  time=30.9s
05:19:30 | INFO | Epoch 127/200  loss=0.0595  train_err=1.85%  val_err=9.88%  lr=1.00e-02  time=30.9s
05:20:01 | INFO | Epoch 128/200  loss=0.0569  train_err=1.79%  val_err=10.66%  lr=1.00e-02  time=31.0s
05:20:32 | INFO | Epoch 129/200  loss=0.0564  train_err=1.77%  val_err=10.98%  lr=1.00e-02  time=30.9s
05:21:03 | INFO | Epoch 130/200  loss=0.0532  train_err=1.65%  val_err=9.64%  lr=1.00e-02  time=31.0s
05:21:34 | INFO | Epoch 131/200  loss=0.0515  train_err=1.57%  val_err=10.44%  lr=1.00e-02  time=31.0s
05:22:05 | INFO | Epoch 132/200  loss=0.0517  train_err=1.68%  val_err=10.42%  lr=1.00e-02  time=30.9s
05:22:36 | INFO | Epoch 133/200  loss=0.0488  train_err=1.52%  val_err=10.06%  lr=1.00e-02  time=30.9s
05:23:07 | INFO | Epoch 134/200  loss=0.0466  train_err=1.42%  val_err=10.18%  lr=1.00e-02  time=31.0s
05:23:38 | INFO | Epoch 135/200  loss=0.0453  train_err=1.37%  val_err=11.46%  lr=1.00e-02  time=30.9s
05:24:09 | INFO | Epoch 136/200  loss=0.0442  train_err=1.37%  val_err=10.34%  lr=1.00e-02  time=31.0s
05:24:40 | INFO | Epoch 137/200  loss=0.0416  train_err=1.26%  val_err=10.38%  lr=1.00e-02  time=30.9s
05:25:11 | INFO | Epoch 138/200  loss=0.0426  train_err=1.31%  val_err=10.06%  lr=1.00e-02  time=31.0s
05:25:42 | INFO | Epoch 139/200  loss=0.0424  train_err=1.30%  val_err=10.46%  lr=1.00e-02  time=30.9s
05:26:14 | INFO | Epoch 140/200  loss=0.0416  train_err=1.32%  val_err=10.02%  lr=1.00e-02  time=31.0s
05:26:45 | INFO | Epoch 141/200  loss=0.0382  train_err=1.12%  val_err=10.24%  lr=1.00e-02  time=31.0s
05:27:16 | INFO | Epoch 142/200  loss=0.0380  train_err=1.16%  val_err=10.52%  lr=1.00e-02  time=31.0s
05:27:47 | INFO | Epoch 143/200  loss=0.0374  train_err=1.10%  val_err=10.34%  lr=1.00e-02  time=30.9s
05:28:18 | INFO | Epoch 144/200  loss=0.0360  train_err=1.05%  val_err=11.10%  lr=1.00e-02  time=30.9s
05:28:49 | INFO | Epoch 145/200  loss=0.0354  train_err=1.04%  val_err=10.52%  lr=1.00e-02  time=30.9s
05:29:20 | INFO | Epoch 146/200  loss=0.0346  train_err=0.97%  val_err=10.60%  lr=1.00e-02  time=31.0s
05:29:51 | INFO | Epoch 147/200  loss=0.0340  train_err=0.99%  val_err=10.70%  lr=1.00e-02  time=30.9s
05:30:22 | INFO | Epoch 148/200  loss=0.0334  train_err=0.97%  val_err=10.60%  lr=1.00e-02  time=30.9s
05:30:53 | INFO | Epoch 149/200  loss=0.0332  train_err=0.95%  val_err=10.84%  lr=1.00e-02  time=31.0s
05:31:24 | INFO | Epoch 150/200  loss=0.0340  train_err=1.01%  val_err=10.56%  lr=1.00e-03  time=30.9s
05:31:55 | INFO | Epoch 151/200  loss=0.0251  train_err=0.67%  val_err=10.04%  lr=1.00e-03  time=31.0s
05:32:26 | INFO | Epoch 152/200  loss=0.0217  train_err=0.53%  val_err=9.86%  lr=1.00e-03  time=30.9s
05:32:57 | INFO | Epoch 153/200  loss=0.0200  train_err=0.45%  val_err=10.00%  lr=1.00e-03  time=31.0s
05:33:28 | INFO | Epoch 154/200  loss=0.0193  train_err=0.41%  val_err=9.80%  lr=1.00e-03  time=30.9s
05:34:00 | INFO | Epoch 155/200  loss=0.0194  train_err=0.45%  val_err=9.74%  lr=1.00e-03  time=31.0s
05:34:31 | INFO | Epoch 156/200  loss=0.0180  train_err=0.36%  val_err=9.80%  lr=1.00e-03  time=30.9s
05:35:02 | INFO | Epoch 157/200  loss=0.0182  train_err=0.39%  val_err=9.86%  lr=1.00e-03  time=31.0s
05:35:33 | INFO | Epoch 158/200  loss=0.0179  train_err=0.37%  val_err=9.92%  lr=1.00e-03  time=31.0s
05:36:04 | INFO | Epoch 159/200  loss=0.0169  train_err=0.33%  val_err=9.88%  lr=1.00e-03  time=31.0s
05:36:35 | INFO | Epoch 160/200  loss=0.0169  train_err=0.34%  val_err=10.08%  lr=1.00e-03  time=31.0s
05:37:06 | INFO | Epoch 161/200  loss=0.0173  train_err=0.32%  val_err=10.14%  lr=1.00e-03  time=31.0s
05:37:37 | INFO | Epoch 162/200  loss=0.0160  train_err=0.32%  val_err=10.16%  lr=1.00e-03  time=31.0s
05:38:08 | INFO | Epoch 163/200  loss=0.0160  train_err=0.29%  val_err=10.08%  lr=1.00e-03  time=31.0s
05:38:39 | INFO | Epoch 164/200  loss=0.0158  train_err=0.29%  val_err=10.00%  lr=1.00e-03  time=31.0s
05:39:10 | INFO | Epoch 165/200  loss=0.0163  train_err=0.33%  val_err=9.88%  lr=1.00e-03  time=31.0s
05:39:42 | INFO | Epoch 166/200  loss=0.0158  train_err=0.30%  val_err=10.24%  lr=1.00e-03  time=30.9s
05:40:13 | INFO | Epoch 167/200  loss=0.0154  train_err=0.30%  val_err=10.16%  lr=1.00e-03  time=31.0s
05:40:44 | INFO | Epoch 168/200  loss=0.0146  train_err=0.27%  val_err=9.96%  lr=1.00e-03  time=31.0s
05:41:15 | INFO | Epoch 169/200  loss=0.0151  train_err=0.28%  val_err=10.06%  lr=1.00e-03  time=31.0s
05:41:46 | INFO | Epoch 170/200  loss=0.0150  train_err=0.27%  val_err=10.00%  lr=1.00e-03  time=31.0s
05:42:17 | INFO | Epoch 171/200  loss=0.0144  train_err=0.23%  val_err=10.00%  lr=1.00e-03  time=31.0s
05:42:48 | INFO | Epoch 172/200  loss=0.0151  train_err=0.31%  val_err=9.98%  lr=1.00e-03  time=31.0s
05:43:19 | INFO | Epoch 173/200  loss=0.0143  train_err=0.25%  val_err=10.20%  lr=1.00e-03  time=30.9s
05:43:50 | INFO | Epoch 174/200  loss=0.0144  train_err=0.27%  val_err=10.06%  lr=1.00e-03  time=30.9s
05:44:21 | INFO | Epoch 175/200  loss=0.0136  train_err=0.21%  val_err=10.24%  lr=1.00e-03  time=31.0s
05:44:52 | INFO | Epoch 176/200  loss=0.0140  train_err=0.24%  val_err=10.24%  lr=1.00e-03  time=31.0s
05:45:23 | INFO | Epoch 177/200  loss=0.0134  train_err=0.21%  val_err=10.24%  lr=1.00e-03  time=31.0s
05:45:55 | INFO | Epoch 178/200  loss=0.0135  train_err=0.23%  val_err=9.94%  lr=1.00e-03  time=31.0s
05:46:26 | INFO | Epoch 179/200  loss=0.0135  train_err=0.21%  val_err=10.12%  lr=1.00e-03  time=31.0s
05:46:57 | INFO | Epoch 180/200  loss=0.0138  train_err=0.24%  val_err=10.24%  lr=1.00e-03  time=31.0s
05:47:28 | INFO | Epoch 181/200  loss=0.0135  train_err=0.22%  val_err=10.38%  lr=1.00e-03  time=30.9s
05:47:59 | INFO | Epoch 182/200  loss=0.0138  train_err=0.24%  val_err=9.92%  lr=1.00e-03  time=31.0s
05:48:30 | INFO | Epoch 183/200  loss=0.0136  train_err=0.25%  val_err=10.26%  lr=1.00e-03  time=31.0s
05:49:01 | INFO | Epoch 184/200  loss=0.0144  train_err=0.27%  val_err=10.04%  lr=1.00e-03  time=31.0s
05:49:32 | INFO | Epoch 185/200  loss=0.0133  train_err=0.23%  val_err=10.08%  lr=1.00e-03  time=31.0s
05:50:03 | INFO | Epoch 186/200  loss=0.0129  train_err=0.20%  val_err=10.02%  lr=1.00e-03  time=31.0s
05:50:34 | INFO | Epoch 187/200  loss=0.0131  train_err=0.22%  val_err=10.02%  lr=1.00e-03  time=31.0s
05:51:05 | INFO | Epoch 188/200  loss=0.0136  train_err=0.23%  val_err=10.14%  lr=1.00e-03  time=31.0s
05:51:36 | INFO | Epoch 189/200  loss=0.0141  train_err=0.27%  val_err=10.04%  lr=1.00e-03  time=31.0s
05:52:08 | INFO | Epoch 190/200  loss=0.0135  train_err=0.24%  val_err=10.32%  lr=1.00e-03  time=30.9s
05:52:39 | INFO | Epoch 191/200  loss=0.0136  train_err=0.26%  val_err=10.14%  lr=1.00e-03  time=31.0s
05:53:10 | INFO | Epoch 192/200  loss=0.0129  train_err=0.21%  val_err=10.08%  lr=1.00e-03  time=30.9s
05:53:41 | INFO | Epoch 193/200  loss=0.0129  train_err=0.21%  val_err=10.12%  lr=1.00e-03  time=31.0s
05:54:12 | INFO | Epoch 194/200  loss=0.0131  train_err=0.23%  val_err=10.20%  lr=1.00e-03  time=30.9s
05:54:43 | INFO | Epoch 195/200  loss=0.0130  train_err=0.20%  val_err=10.00%  lr=1.00e-03  time=30.9s
05:55:14 | INFO | Epoch 196/200  loss=0.0122  train_err=0.18%  val_err=10.04%  lr=1.00e-03  time=30.9s
05:55:45 | INFO | Epoch 197/200  loss=0.0123  train_err=0.20%  val_err=10.14%  lr=1.00e-03  time=31.0s
05:56:16 | INFO | Epoch 198/200  loss=0.0122  train_err=0.18%  val_err=10.10%  lr=1.00e-03  time=31.0s
05:56:47 | INFO | Epoch 199/200  loss=0.0125  train_err=0.20%  val_err=10.06%  lr=1.00e-03  time=31.0s
05:57:18 | INFO | Epoch 200/200  loss=0.0129  train_err=0.23%  val_err=10.00%  lr=1.00e-03  time=30.9s
05:57:18 | INFO | Training complete. Best val acc@1: 90.42%
05:57:18 | INFO | Artifacts saved to: runs/d32_no_residual
05:57:18 | INFO | To test the model, run: python scripts/test.py --checkpoint runs/d32_no_residual/best.pt --config runs/d32_no_residual/config.json
