21:14:35 | INFO | Run: d50_baseline
21:14:35 | INFO | Variant: baseline
21:14:35 | INFO | Config: runs/d50_baseline/config.json
21:14:35 | INFO | Device: cuda
21:14:51 | INFO | Data: train=45000  val=5000
21:14:51 | INFO | Model: baseline depth=50  params=3,701,706
21:14:55 | INFO | NumExpr defaulting to 12 threads.
21:15:49 | INFO | Epoch   1/200  loss=2.2403  train_err=84.27%  val_err=79.90%  lr=2.01e-02  time=51.9s
21:16:40 | INFO | Epoch   2/200  loss=2.0773  train_err=73.37%  val_err=62.70%  lr=4.01e-02  time=50.7s
21:17:31 | INFO | Epoch   3/200  loss=1.4850  train_err=55.74%  val_err=48.00%  lr=6.00e-02  time=50.7s
21:18:22 | INFO | Epoch   4/200  loss=1.1616  train_err=42.23%  val_err=43.54%  lr=8.00e-02  time=50.7s
21:19:13 | INFO | Epoch   5/200  loss=0.9799  train_err=35.09%  val_err=38.68%  lr=1.00e-01  time=50.7s
21:20:04 | INFO | Epoch   6/200  loss=0.8564  train_err=30.29%  val_err=32.32%  lr=1.00e-01  time=50.7s
21:20:55 | INFO | Epoch   7/200  loss=0.7263  train_err=25.39%  val_err=28.40%  lr=1.00e-01  time=50.7s
21:21:46 | INFO | Epoch   8/200  loss=0.6569  train_err=22.89%  val_err=26.64%  lr=1.00e-01  time=50.7s
21:22:37 | INFO | Epoch   9/200  loss=0.5953  train_err=20.53%  val_err=24.52%  lr=1.00e-01  time=50.7s
21:23:28 | INFO | Epoch  10/200  loss=0.5513  train_err=19.20%  val_err=25.58%  lr=1.00e-01  time=50.7s
21:24:19 | INFO | Epoch  11/200  loss=0.5077  train_err=17.47%  val_err=23.48%  lr=1.00e-01  time=50.7s
21:25:10 | INFO | Epoch  12/200  loss=0.4737  train_err=16.25%  val_err=29.68%  lr=1.00e-01  time=50.7s
21:26:01 | INFO | Epoch  13/200  loss=0.4405  train_err=15.30%  val_err=23.82%  lr=1.00e-01  time=50.7s
21:26:52 | INFO | Epoch  14/200  loss=0.4193  train_err=14.42%  val_err=16.14%  lr=1.00e-01  time=50.7s
21:27:43 | INFO | Epoch  15/200  loss=0.3921  train_err=13.62%  val_err=24.32%  lr=1.00e-01  time=50.7s
21:28:34 | INFO | Epoch  16/200  loss=0.3717  train_err=12.80%  val_err=16.50%  lr=1.00e-01  time=50.7s
21:29:24 | INFO | Epoch  17/200  loss=0.3616  train_err=12.45%  val_err=21.18%  lr=1.00e-01  time=50.7s
21:30:16 | INFO | Epoch  18/200  loss=0.3427  train_err=11.96%  val_err=20.06%  lr=1.00e-01  time=51.0s
21:31:07 | INFO | Epoch  19/200  loss=0.3324  train_err=11.52%  val_err=16.04%  lr=1.00e-01  time=50.7s
21:31:58 | INFO | Epoch  20/200  loss=0.3137  train_err=10.72%  val_err=19.40%  lr=1.00e-01  time=50.7s
21:32:49 | INFO | Epoch  21/200  loss=0.2992  train_err=10.35%  val_err=15.00%  lr=1.00e-01  time=50.7s
21:33:39 | INFO | Epoch  22/200  loss=0.2939  train_err=10.23%  val_err=21.40%  lr=1.00e-01  time=50.7s
21:34:30 | INFO | Epoch  23/200  loss=0.2780  train_err=9.57%  val_err=15.70%  lr=1.00e-01  time=50.7s
21:35:21 | INFO | Epoch  24/200  loss=0.2727  train_err=9.47%  val_err=20.42%  lr=1.00e-01  time=50.7s
21:36:12 | INFO | Epoch  25/200  loss=0.2640  train_err=9.13%  val_err=18.46%  lr=1.00e-01  time=50.7s
21:37:03 | INFO | Epoch  26/200  loss=0.2578  train_err=8.99%  val_err=16.14%  lr=1.00e-01  time=50.7s
21:37:54 | INFO | Epoch  27/200  loss=0.2484  train_err=8.61%  val_err=18.94%  lr=1.00e-01  time=50.7s
21:38:45 | INFO | Epoch  28/200  loss=0.2419  train_err=8.35%  val_err=15.36%  lr=1.00e-01  time=50.7s
21:39:36 | INFO | Epoch  29/200  loss=0.2370  train_err=8.39%  val_err=15.50%  lr=1.00e-01  time=50.7s
21:40:26 | INFO | Epoch  30/200  loss=0.2299  train_err=8.01%  val_err=17.64%  lr=1.00e-01  time=50.7s
21:41:17 | INFO | Epoch  31/200  loss=0.2201  train_err=7.69%  val_err=17.80%  lr=1.00e-01  time=50.7s
21:42:08 | INFO | Epoch  32/200  loss=0.2221  train_err=7.68%  val_err=17.98%  lr=1.00e-01  time=50.7s
21:42:59 | INFO | Epoch  33/200  loss=0.2223  train_err=7.78%  val_err=21.00%  lr=1.00e-01  time=50.7s
21:43:50 | INFO | Epoch  34/200  loss=0.2095  train_err=7.19%  val_err=14.54%  lr=1.00e-01  time=50.7s
21:44:41 | INFO | Epoch  35/200  loss=0.2061  train_err=7.09%  val_err=21.86%  lr=1.00e-01  time=50.7s
21:45:32 | INFO | Epoch  36/200  loss=0.2091  train_err=7.28%  val_err=21.54%  lr=1.00e-01  time=50.7s
21:46:23 | INFO | Epoch  37/200  loss=0.2017  train_err=6.99%  val_err=13.40%  lr=1.00e-01  time=50.7s
21:47:14 | INFO | Epoch  38/200  loss=0.1906  train_err=6.64%  val_err=14.88%  lr=1.00e-01  time=50.7s
21:48:05 | INFO | Epoch  39/200  loss=0.2001  train_err=6.96%  val_err=15.14%  lr=1.00e-01  time=50.6s
21:48:55 | INFO | Epoch  40/200  loss=0.1902  train_err=6.66%  val_err=20.02%  lr=1.00e-01  time=50.7s
21:49:46 | INFO | Epoch  41/200  loss=0.1872  train_err=6.60%  val_err=15.92%  lr=1.00e-01  time=50.7s
21:50:37 | INFO | Epoch  42/200  loss=0.1814  train_err=6.27%  val_err=14.74%  lr=1.00e-01  time=50.7s
21:51:28 | INFO | Epoch  43/200  loss=0.1845  train_err=6.48%  val_err=16.52%  lr=1.00e-01  time=50.6s
21:52:19 | INFO | Epoch  44/200  loss=0.1723  train_err=5.90%  val_err=26.36%  lr=1.00e-01  time=50.6s
21:53:10 | INFO | Epoch  45/200  loss=0.1797  train_err=6.26%  val_err=16.04%  lr=1.00e-01  time=50.6s
21:54:01 | INFO | Epoch  46/200  loss=0.1677  train_err=5.84%  val_err=14.54%  lr=1.00e-01  time=50.7s
21:54:51 | INFO | Epoch  47/200  loss=0.1728  train_err=6.03%  val_err=13.90%  lr=1.00e-01  time=50.7s
21:55:42 | INFO | Epoch  48/200  loss=0.1686  train_err=5.86%  val_err=16.52%  lr=1.00e-01  time=50.7s
21:56:33 | INFO | Epoch  49/200  loss=0.1803  train_err=6.29%  val_err=21.56%  lr=1.00e-01  time=50.7s
21:57:24 | INFO | Epoch  50/200  loss=0.1673  train_err=5.88%  val_err=14.10%  lr=1.00e-01  time=50.7s
21:58:15 | INFO | Epoch  51/200  loss=0.1657  train_err=5.77%  val_err=16.62%  lr=1.00e-01  time=50.7s
21:59:06 | INFO | Epoch  52/200  loss=0.1585  train_err=5.54%  val_err=11.42%  lr=1.00e-01  time=50.7s
21:59:57 | INFO | Epoch  53/200  loss=0.1653  train_err=5.74%  val_err=19.72%  lr=1.00e-01  time=50.7s
22:00:48 | INFO | Epoch  54/200  loss=0.1641  train_err=5.64%  val_err=16.14%  lr=1.00e-01  time=50.7s
22:01:39 | INFO | Epoch  55/200  loss=0.1565  train_err=5.53%  val_err=18.94%  lr=1.00e-01  time=50.7s
22:02:29 | INFO | Epoch  56/200  loss=0.1610  train_err=5.62%  val_err=14.50%  lr=1.00e-01  time=50.7s
22:03:20 | INFO | Epoch  57/200  loss=0.1587  train_err=5.58%  val_err=22.08%  lr=1.00e-01  time=50.7s
22:04:11 | INFO | Epoch  58/200  loss=0.1635  train_err=5.57%  val_err=23.02%  lr=1.00e-01  time=50.7s
22:05:02 | INFO | Epoch  59/200  loss=0.1538  train_err=5.36%  val_err=18.04%  lr=1.00e-01  time=50.7s
22:05:53 | INFO | Epoch  60/200  loss=0.1493  train_err=5.16%  val_err=11.70%  lr=1.00e-01  time=50.7s
22:06:44 | INFO | Epoch  61/200  loss=0.1561  train_err=5.38%  val_err=16.54%  lr=1.00e-01  time=50.7s
22:07:35 | INFO | Epoch  62/200  loss=0.1380  train_err=4.75%  val_err=17.54%  lr=1.00e-01  time=50.7s
22:08:25 | INFO | Epoch  63/200  loss=0.1426  train_err=4.97%  val_err=13.86%  lr=1.00e-01  time=50.7s
22:09:16 | INFO | Epoch  64/200  loss=0.1477  train_err=5.25%  val_err=24.80%  lr=1.00e-01  time=50.7s
22:10:07 | INFO | Epoch  65/200  loss=0.1522  train_err=5.35%  val_err=15.52%  lr=1.00e-01  time=50.7s
22:10:58 | INFO | Epoch  66/200  loss=0.1435  train_err=5.09%  val_err=15.04%  lr=1.00e-01  time=50.7s
22:11:49 | INFO | Epoch  67/200  loss=0.1472  train_err=5.22%  val_err=18.06%  lr=1.00e-01  time=50.7s
22:12:40 | INFO | Epoch  68/200  loss=0.1416  train_err=4.93%  val_err=14.02%  lr=1.00e-01  time=50.7s
22:13:31 | INFO | Epoch  69/200  loss=0.1391  train_err=4.91%  val_err=13.70%  lr=1.00e-01  time=50.7s
22:14:22 | INFO | Epoch  70/200  loss=0.1399  train_err=4.84%  val_err=17.72%  lr=1.00e-01  time=50.7s
22:15:12 | INFO | Epoch  71/200  loss=0.1491  train_err=5.25%  val_err=15.14%  lr=1.00e-01  time=50.7s
22:16:03 | INFO | Epoch  72/200  loss=0.1367  train_err=4.75%  val_err=15.56%  lr=1.00e-01  time=50.7s
22:16:54 | INFO | Epoch  73/200  loss=0.1342  train_err=4.71%  val_err=13.96%  lr=1.00e-01  time=50.7s
22:17:45 | INFO | Epoch  74/200  loss=0.1424  train_err=4.95%  val_err=17.20%  lr=1.00e-01  time=50.7s
22:18:36 | INFO | Epoch  75/200  loss=0.1341  train_err=4.66%  val_err=17.10%  lr=1.00e-01  time=50.7s
22:19:27 | INFO | Epoch  76/200  loss=0.1379  train_err=4.80%  val_err=15.34%  lr=1.00e-01  time=50.7s
22:20:18 | INFO | Epoch  77/200  loss=0.1290  train_err=4.46%  val_err=14.44%  lr=1.00e-01  time=50.7s
22:21:09 | INFO | Epoch  78/200  loss=0.1418  train_err=4.97%  val_err=17.14%  lr=1.00e-01  time=50.7s
22:21:59 | INFO | Epoch  79/200  loss=0.1346  train_err=4.73%  val_err=15.48%  lr=1.00e-01  time=50.7s
22:22:50 | INFO | Epoch  80/200  loss=0.1341  train_err=4.67%  val_err=19.72%  lr=1.00e-01  time=50.7s
22:23:41 | INFO | Epoch  81/200  loss=0.1329  train_err=4.59%  val_err=21.26%  lr=1.00e-01  time=50.7s
22:24:32 | INFO | Epoch  82/200  loss=0.1317  train_err=4.59%  val_err=16.60%  lr=1.00e-01  time=50.7s
22:25:23 | INFO | Epoch  83/200  loss=0.1279  train_err=4.48%  val_err=18.06%  lr=1.00e-01  time=50.7s
22:26:14 | INFO | Epoch  84/200  loss=0.1292  train_err=4.47%  val_err=15.92%  lr=1.00e-01  time=50.7s
22:27:05 | INFO | Epoch  85/200  loss=0.1319  train_err=4.57%  val_err=17.78%  lr=1.00e-01  time=50.7s
22:27:55 | INFO | Epoch  86/200  loss=0.1273  train_err=4.47%  val_err=15.92%  lr=1.00e-01  time=50.7s
22:28:46 | INFO | Epoch  87/200  loss=0.1255  train_err=4.32%  val_err=17.16%  lr=1.00e-01  time=50.7s
22:29:37 | INFO | Epoch  88/200  loss=0.1290  train_err=4.53%  val_err=11.84%  lr=1.00e-01  time=50.7s
22:30:28 | INFO | Epoch  89/200  loss=0.1265  train_err=4.33%  val_err=18.60%  lr=1.00e-01  time=50.7s
22:31:19 | INFO | Epoch  90/200  loss=0.1313  train_err=4.61%  val_err=14.20%  lr=1.00e-01  time=50.7s
22:32:10 | INFO | Epoch  91/200  loss=0.1207  train_err=4.28%  val_err=15.80%  lr=1.00e-01  time=50.7s
22:33:01 | INFO | Epoch  92/200  loss=0.1283  train_err=4.47%  val_err=14.96%  lr=1.00e-01  time=50.7s
22:33:51 | INFO | Epoch  93/200  loss=0.1365  train_err=4.83%  val_err=14.14%  lr=1.00e-01  time=50.7s
22:34:42 | INFO | Epoch  94/200  loss=0.1269  train_err=4.41%  val_err=14.40%  lr=1.00e-01  time=50.7s
22:35:33 | INFO | Epoch  95/200  loss=0.1213  train_err=4.26%  val_err=15.52%  lr=1.00e-01  time=50.7s
22:36:24 | INFO | Epoch  96/200  loss=0.1282  train_err=4.49%  val_err=14.70%  lr=1.00e-01  time=50.7s
22:37:15 | INFO | Epoch  97/200  loss=0.1196  train_err=4.16%  val_err=14.40%  lr=1.00e-01  time=50.7s
22:38:06 | INFO | Epoch  98/200  loss=0.1309  train_err=4.50%  val_err=13.36%  lr=1.00e-01  time=50.7s
22:38:57 | INFO | Epoch  99/200  loss=0.1149  train_err=3.94%  val_err=13.60%  lr=1.00e-01  time=50.7s
22:39:47 | INFO | Epoch 100/200  loss=0.1269  train_err=4.52%  val_err=15.80%  lr=1.00e-02  time=50.7s
22:40:38 | INFO | Epoch 101/200  loss=0.0490  train_err=1.52%  val_err=8.06%  lr=1.00e-02  time=50.7s
22:41:29 | INFO | Epoch 102/200  loss=0.0254  train_err=0.68%  val_err=7.68%  lr=1.00e-02  time=50.7s
22:42:21 | INFO | Epoch 103/200  loss=0.0182  train_err=0.42%  val_err=7.48%  lr=1.00e-02  time=50.7s
22:43:12 | INFO | Epoch 104/200  loss=0.0155  train_err=0.34%  val_err=7.44%  lr=1.00e-02  time=50.7s
22:44:03 | INFO | Epoch 105/200  loss=0.0124  train_err=0.22%  val_err=7.32%  lr=1.00e-02  time=51.1s
22:44:54 | INFO | Epoch 106/200  loss=0.0112  train_err=0.21%  val_err=7.22%  lr=1.00e-02  time=50.7s
22:45:45 | INFO | Epoch 107/200  loss=0.0097  train_err=0.16%  val_err=7.18%  lr=1.00e-02  time=50.7s
22:46:36 | INFO | Epoch 108/200  loss=0.0091  train_err=0.17%  val_err=7.30%  lr=1.00e-02  time=50.7s
22:47:27 | INFO | Epoch 109/200  loss=0.0080  train_err=0.11%  val_err=7.44%  lr=1.00e-02  time=50.7s
22:48:18 | INFO | Epoch 110/200  loss=0.0071  train_err=0.10%  val_err=7.16%  lr=1.00e-02  time=50.7s
22:49:09 | INFO | Epoch 111/200  loss=0.0066  train_err=0.10%  val_err=7.08%  lr=1.00e-02  time=50.7s
22:50:00 | INFO | Epoch 112/200  loss=0.0063  train_err=0.09%  val_err=6.94%  lr=1.00e-02  time=50.7s
22:50:51 | INFO | Epoch 113/200  loss=0.0058  train_err=0.06%  val_err=6.90%  lr=1.00e-02  time=50.7s
22:51:42 | INFO | Epoch 114/200  loss=0.0053  train_err=0.06%  val_err=7.00%  lr=1.00e-02  time=50.7s
22:52:33 | INFO | Epoch 115/200  loss=0.0050  train_err=0.04%  val_err=7.08%  lr=1.00e-02  time=50.7s
22:53:24 | INFO | Epoch 116/200  loss=0.0049  train_err=0.06%  val_err=7.12%  lr=1.00e-02  time=50.7s
22:54:15 | INFO | Epoch 117/200  loss=0.0046  train_err=0.06%  val_err=6.98%  lr=1.00e-02  time=50.7s
22:55:06 | INFO | Epoch 118/200  loss=0.0045  train_err=0.05%  val_err=7.18%  lr=1.00e-02  time=50.7s
22:55:57 | INFO | Epoch 119/200  loss=0.0044  train_err=0.06%  val_err=6.84%  lr=1.00e-02  time=50.7s
22:56:47 | INFO | Epoch 120/200  loss=0.0038  train_err=0.03%  val_err=6.90%  lr=1.00e-02  time=50.7s
22:57:38 | INFO | Epoch 121/200  loss=0.0041  train_err=0.04%  val_err=6.90%  lr=1.00e-02  time=50.7s
22:58:29 | INFO | Epoch 122/200  loss=0.0037  train_err=0.03%  val_err=7.04%  lr=1.00e-02  time=50.7s
22:59:20 | INFO | Epoch 123/200  loss=0.0037  train_err=0.04%  val_err=6.96%  lr=1.00e-02  time=50.7s
23:00:11 | INFO | Epoch 124/200  loss=0.0036  train_err=0.03%  val_err=7.12%  lr=1.00e-02  time=50.7s
23:01:02 | INFO | Epoch 125/200  loss=0.0034  train_err=0.03%  val_err=7.02%  lr=1.00e-02  time=50.7s
23:01:53 | INFO | Epoch 126/200  loss=0.0032  train_err=0.03%  val_err=6.98%  lr=1.00e-02  time=50.7s
23:02:44 | INFO | Epoch 127/200  loss=0.0034  train_err=0.02%  val_err=7.04%  lr=1.00e-02  time=50.7s
23:03:34 | INFO | Epoch 128/200  loss=0.0031  train_err=0.02%  val_err=7.16%  lr=1.00e-02  time=50.7s
23:04:25 | INFO | Epoch 129/200  loss=0.0030  train_err=0.02%  val_err=7.18%  lr=1.00e-02  time=50.7s
23:05:16 | INFO | Epoch 130/200  loss=0.0029  train_err=0.02%  val_err=7.16%  lr=1.00e-02  time=50.7s
23:06:07 | INFO | Epoch 131/200  loss=0.0028  train_err=0.02%  val_err=7.18%  lr=1.00e-02  time=50.7s
23:06:58 | INFO | Epoch 132/200  loss=0.0027  train_err=0.03%  val_err=6.98%  lr=1.00e-02  time=50.7s
23:07:49 | INFO | Epoch 133/200  loss=0.0025  train_err=0.01%  val_err=6.98%  lr=1.00e-02  time=50.7s
23:08:40 | INFO | Epoch 134/200  loss=0.0027  train_err=0.01%  val_err=6.92%  lr=1.00e-02  time=50.7s
23:09:31 | INFO | Epoch 135/200  loss=0.0026  train_err=0.02%  val_err=7.04%  lr=1.00e-02  time=50.7s
23:10:21 | INFO | Epoch 136/200  loss=0.0024  train_err=0.02%  val_err=7.04%  lr=1.00e-02  time=50.7s
23:11:12 | INFO | Epoch 137/200  loss=0.0023  train_err=0.01%  val_err=7.00%  lr=1.00e-02  time=50.7s
23:12:03 | INFO | Epoch 138/200  loss=0.0023  train_err=0.01%  val_err=6.94%  lr=1.00e-02  time=50.7s
23:12:54 | INFO | Epoch 139/200  loss=0.0025  train_err=0.02%  val_err=6.90%  lr=1.00e-02  time=50.7s
23:13:45 | INFO | Epoch 140/200  loss=0.0025  train_err=0.02%  val_err=7.02%  lr=1.00e-02  time=50.7s
23:14:36 | INFO | Epoch 141/200  loss=0.0023  train_err=0.01%  val_err=7.08%  lr=1.00e-02  time=50.7s
23:15:27 | INFO | Epoch 142/200  loss=0.0022  train_err=0.02%  val_err=7.14%  lr=1.00e-02  time=50.7s
23:16:17 | INFO | Epoch 143/200  loss=0.0023  train_err=0.02%  val_err=6.96%  lr=1.00e-02  time=50.7s
23:17:08 | INFO | Epoch 144/200  loss=0.0020  train_err=0.01%  val_err=6.90%  lr=1.00e-02  time=50.7s
23:17:59 | INFO | Epoch 145/200  loss=0.0024  train_err=0.02%  val_err=7.04%  lr=1.00e-02  time=50.7s
23:18:50 | INFO | Epoch 146/200  loss=0.0021  train_err=0.01%  val_err=7.04%  lr=1.00e-02  time=50.7s
23:19:41 | INFO | Epoch 147/200  loss=0.0022  train_err=0.02%  val_err=6.94%  lr=1.00e-02  time=50.7s
23:20:32 | INFO | Epoch 148/200  loss=0.0019  train_err=0.00%  val_err=7.00%  lr=1.00e-02  time=50.6s
23:21:22 | INFO | Epoch 149/200  loss=0.0022  train_err=0.02%  val_err=6.94%  lr=1.00e-02  time=50.7s
23:22:13 | INFO | Epoch 150/200  loss=0.0019  train_err=0.01%  val_err=7.02%  lr=1.00e-03  time=50.7s
23:23:04 | INFO | Epoch 151/200  loss=0.0019  train_err=0.01%  val_err=6.96%  lr=1.00e-03  time=50.7s
23:23:55 | INFO | Epoch 152/200  loss=0.0019  train_err=0.01%  val_err=6.98%  lr=1.00e-03  time=50.7s
23:24:46 | INFO | Epoch 153/200  loss=0.0019  train_err=0.01%  val_err=7.08%  lr=1.00e-03  time=50.7s
23:25:37 | INFO | Epoch 154/200  loss=0.0020  train_err=0.01%  val_err=7.06%  lr=1.00e-03  time=50.7s
23:26:28 | INFO | Epoch 155/200  loss=0.0017  train_err=0.01%  val_err=6.94%  lr=1.00e-03  time=50.7s
23:27:18 | INFO | Epoch 156/200  loss=0.0020  train_err=0.01%  val_err=6.94%  lr=1.00e-03  time=50.7s
23:28:09 | INFO | Epoch 157/200  loss=0.0020  train_err=0.01%  val_err=7.10%  lr=1.00e-03  time=50.7s
23:29:00 | INFO | Epoch 158/200  loss=0.0019  train_err=0.01%  val_err=7.02%  lr=1.00e-03  time=50.7s
23:29:51 | INFO | Epoch 159/200  loss=0.0020  train_err=0.02%  val_err=6.98%  lr=1.00e-03  time=50.7s
23:30:42 | INFO | Epoch 160/200  loss=0.0019  train_err=0.01%  val_err=7.06%  lr=1.00e-03  time=50.7s
23:31:33 | INFO | Epoch 161/200  loss=0.0020  train_err=0.02%  val_err=6.94%  lr=1.00e-03  time=50.7s
23:32:24 | INFO | Epoch 162/200  loss=0.0018  train_err=0.01%  val_err=6.94%  lr=1.00e-03  time=50.7s
23:33:15 | INFO | Epoch 163/200  loss=0.0018  train_err=0.01%  val_err=7.04%  lr=1.00e-03  time=50.7s
23:34:05 | INFO | Epoch 164/200  loss=0.0019  train_err=0.01%  val_err=7.06%  lr=1.00e-03  time=50.7s
23:34:56 | INFO | Epoch 165/200  loss=0.0018  train_err=0.02%  val_err=7.10%  lr=1.00e-03  time=50.7s
23:35:47 | INFO | Epoch 166/200  loss=0.0018  train_err=0.01%  val_err=6.94%  lr=1.00e-03  time=50.7s
23:36:38 | INFO | Epoch 167/200  loss=0.0017  train_err=0.00%  val_err=7.20%  lr=1.00e-03  time=50.7s
23:37:29 | INFO | Epoch 168/200  loss=0.0017  train_err=0.01%  val_err=7.04%  lr=1.00e-03  time=50.7s
23:38:20 | INFO | Epoch 169/200  loss=0.0017  train_err=0.00%  val_err=7.06%  lr=1.00e-03  time=50.7s
23:39:11 | INFO | Epoch 170/200  loss=0.0017  train_err=0.00%  val_err=7.06%  lr=1.00e-03  time=50.7s
23:40:02 | INFO | Epoch 171/200  loss=0.0018  train_err=0.01%  val_err=7.04%  lr=1.00e-03  time=50.7s
23:40:52 | INFO | Epoch 172/200  loss=0.0017  train_err=0.01%  val_err=7.00%  lr=1.00e-03  time=50.7s
23:41:43 | INFO | Epoch 173/200  loss=0.0016  train_err=0.00%  val_err=7.04%  lr=1.00e-03  time=50.7s
23:42:34 | INFO | Epoch 174/200  loss=0.0015  train_err=0.00%  val_err=6.96%  lr=1.00e-03  time=50.7s
23:43:25 | INFO | Epoch 175/200  loss=0.0019  train_err=0.02%  val_err=7.14%  lr=1.00e-03  time=50.7s
23:44:16 | INFO | Epoch 176/200  loss=0.0017  train_err=0.00%  val_err=6.98%  lr=1.00e-03  time=50.7s
23:45:07 | INFO | Epoch 177/200  loss=0.0017  train_err=0.01%  val_err=7.08%  lr=1.00e-03  time=50.7s
23:45:58 | INFO | Epoch 178/200  loss=0.0016  train_err=0.00%  val_err=6.94%  lr=1.00e-03  time=50.7s
23:46:49 | INFO | Epoch 179/200  loss=0.0018  train_err=0.01%  val_err=7.00%  lr=1.00e-03  time=50.7s
23:47:40 | INFO | Epoch 180/200  loss=0.0017  train_err=0.01%  val_err=7.08%  lr=1.00e-03  time=50.7s
23:48:31 | INFO | Epoch 181/200  loss=0.0018  train_err=0.01%  val_err=7.06%  lr=1.00e-03  time=50.7s
23:49:22 | INFO | Epoch 182/200  loss=0.0018  train_err=0.00%  val_err=7.04%  lr=1.00e-03  time=50.8s
23:50:12 | INFO | Epoch 183/200  loss=0.0017  train_err=0.01%  val_err=7.02%  lr=1.00e-03  time=50.7s
23:51:03 | INFO | Epoch 184/200  loss=0.0016  train_err=0.01%  val_err=7.10%  lr=1.00e-03  time=50.7s
23:51:54 | INFO | Epoch 185/200  loss=0.0018  train_err=0.01%  val_err=6.98%  lr=1.00e-03  time=50.7s
23:52:45 | INFO | Epoch 186/200  loss=0.0018  train_err=0.01%  val_err=6.98%  lr=1.00e-03  time=50.7s
23:53:36 | INFO | Epoch 187/200  loss=0.0018  train_err=0.01%  val_err=6.90%  lr=1.00e-03  time=50.7s
23:54:27 | INFO | Epoch 188/200  loss=0.0019  train_err=0.01%  val_err=7.06%  lr=1.00e-03  time=50.7s
23:55:18 | INFO | Epoch 189/200  loss=0.0016  train_err=0.00%  val_err=6.94%  lr=1.00e-03  time=50.7s
23:56:09 | INFO | Epoch 190/200  loss=0.0016  train_err=0.00%  val_err=7.02%  lr=1.00e-03  time=50.7s
23:57:00 | INFO | Epoch 191/200  loss=0.0017  train_err=0.00%  val_err=6.94%  lr=1.00e-03  time=50.7s
23:57:50 | INFO | Epoch 192/200  loss=0.0017  train_err=0.00%  val_err=7.14%  lr=1.00e-03  time=50.7s
23:58:41 | INFO | Epoch 193/200  loss=0.0017  train_err=0.01%  val_err=6.90%  lr=1.00e-03  time=50.7s
23:59:32 | INFO | Epoch 194/200  loss=0.0017  train_err=0.01%  val_err=7.02%  lr=1.00e-03  time=50.7s
00:00:23 | INFO | Epoch 195/200  loss=0.0017  train_err=0.00%  val_err=7.08%  lr=1.00e-03  time=50.7s
00:01:14 | INFO | Epoch 196/200  loss=0.0017  train_err=0.01%  val_err=7.00%  lr=1.00e-03  time=50.7s
00:02:05 | INFO | Epoch 197/200  loss=0.0017  train_err=0.01%  val_err=7.10%  lr=1.00e-03  time=50.7s
00:02:56 | INFO | Epoch 198/200  loss=0.0018  train_err=0.01%  val_err=7.12%  lr=1.00e-03  time=50.7s
00:03:47 | INFO | Epoch 199/200  loss=0.0016  train_err=0.01%  val_err=7.06%  lr=1.00e-03  time=50.7s
00:04:38 | INFO | Epoch 200/200  loss=0.0015  train_err=0.00%  val_err=7.06%  lr=1.00e-03  time=50.7s
00:04:38 | INFO | Training complete. Best val acc@1: 93.16%
00:04:38 | INFO | Artifacts saved to: runs/d50_baseline
00:04:38 | INFO | To test the model, run: python scripts/test.py --checkpoint runs/d50_baseline/best.pt --config runs/d50_baseline/config.json
