09:11:27 | INFO | Run: d32_gated
09:11:27 | INFO | Variant: gated
09:11:27 | INFO | Config: runs/d32_gated/config.json
09:11:27 | INFO | Device: cuda
09:11:28 | INFO | Data: train=45000  val=5000
09:11:28 | INFO | Model: gated depth=32  params=2,503,114
09:11:32 | INFO | NumExpr defaulting to 12 threads.
09:12:16 | INFO | Epoch   1/200  loss=2.2728  train_err=86.34%  val_err=83.38%  lr=2.01e-02  time=42.7s
09:12:58 | INFO | Epoch   2/200  loss=1.6645  train_err=62.70%  val_err=61.10%  lr=4.01e-02  time=42.1s
09:13:41 | INFO | Epoch   3/200  loss=1.2261  train_err=44.63%  val_err=40.14%  lr=6.00e-02  time=42.1s
09:14:23 | INFO | Epoch   4/200  loss=0.9688  train_err=34.66%  val_err=37.14%  lr=8.00e-02  time=42.1s
09:15:06 | INFO | Epoch   5/200  loss=0.8364  train_err=29.45%  val_err=33.18%  lr=1.00e-01  time=42.2s
09:15:48 | INFO | Epoch   6/200  loss=0.7324  train_err=25.54%  val_err=31.22%  lr=1.00e-01  time=42.1s
09:16:31 | INFO | Epoch   7/200  loss=0.6221  train_err=21.60%  val_err=28.20%  lr=1.00e-01  time=42.1s
09:17:13 | INFO | Epoch   8/200  loss=0.5542  train_err=19.19%  val_err=26.22%  lr=1.00e-01  time=42.1s
09:17:55 | INFO | Epoch   9/200  loss=0.4980  train_err=17.35%  val_err=29.36%  lr=1.00e-01  time=42.1s
09:18:38 | INFO | Epoch  10/200  loss=0.4628  train_err=15.85%  val_err=21.66%  lr=1.00e-01  time=42.1s
09:19:20 | INFO | Epoch  11/200  loss=0.4246  train_err=14.60%  val_err=18.82%  lr=1.00e-01  time=42.2s
09:20:03 | INFO | Epoch  12/200  loss=0.4043  train_err=14.05%  val_err=24.92%  lr=1.00e-01  time=42.2s
09:20:45 | INFO | Epoch  13/200  loss=0.3766  train_err=12.86%  val_err=17.64%  lr=1.00e-01  time=42.2s
09:21:27 | INFO | Epoch  14/200  loss=0.3554  train_err=12.27%  val_err=18.72%  lr=1.00e-01  time=42.2s
09:22:10 | INFO | Epoch  15/200  loss=0.3347  train_err=11.59%  val_err=19.40%  lr=1.00e-01  time=42.2s
09:22:52 | INFO | Epoch  16/200  loss=0.3207  train_err=11.06%  val_err=25.54%  lr=1.00e-01  time=42.2s
09:23:34 | INFO | Epoch  17/200  loss=0.3012  train_err=10.47%  val_err=18.24%  lr=1.00e-01  time=42.2s
09:24:17 | INFO | Epoch  18/200  loss=0.2941  train_err=10.04%  val_err=15.10%  lr=1.00e-01  time=42.2s
09:24:59 | INFO | Epoch  19/200  loss=0.2854  train_err=9.78%  val_err=15.86%  lr=1.00e-01  time=42.2s
09:25:41 | INFO | Epoch  20/200  loss=0.2686  train_err=9.35%  val_err=15.82%  lr=1.00e-01  time=42.2s
09:26:24 | INFO | Epoch  21/200  loss=0.2620  train_err=9.08%  val_err=15.40%  lr=1.00e-01  time=42.2s
09:27:06 | INFO | Epoch  22/200  loss=0.2542  train_err=8.82%  val_err=16.10%  lr=1.00e-01  time=42.2s
09:27:48 | INFO | Epoch  23/200  loss=0.2513  train_err=8.76%  val_err=16.94%  lr=1.00e-01  time=42.2s
09:28:30 | INFO | Epoch  24/200  loss=0.2391  train_err=8.16%  val_err=21.00%  lr=1.00e-01  time=42.2s
09:29:13 | INFO | Epoch  25/200  loss=0.2382  train_err=8.22%  val_err=13.88%  lr=1.00e-01  time=42.5s
09:29:56 | INFO | Epoch  26/200  loss=0.2303  train_err=8.00%  val_err=17.76%  lr=1.00e-01  time=42.2s
09:30:38 | INFO | Epoch  27/200  loss=0.2178  train_err=7.58%  val_err=20.98%  lr=1.00e-01  time=42.2s
09:31:20 | INFO | Epoch  28/200  loss=0.2156  train_err=7.45%  val_err=18.64%  lr=1.00e-01  time=42.2s
09:32:03 | INFO | Epoch  29/200  loss=0.2170  train_err=7.67%  val_err=12.66%  lr=1.00e-01  time=42.2s
09:32:45 | INFO | Epoch  30/200  loss=0.2160  train_err=7.45%  val_err=14.46%  lr=1.00e-01  time=42.1s
09:33:27 | INFO | Epoch  31/200  loss=0.2064  train_err=7.09%  val_err=15.48%  lr=1.00e-01  time=42.1s
09:34:10 | INFO | Epoch  32/200  loss=0.2020  train_err=6.96%  val_err=11.80%  lr=1.00e-01  time=42.1s
09:34:52 | INFO | Epoch  33/200  loss=0.2000  train_err=6.81%  val_err=16.14%  lr=1.00e-01  time=42.1s
09:35:34 | INFO | Epoch  34/200  loss=0.1987  train_err=6.88%  val_err=15.40%  lr=1.00e-01  time=42.2s
09:36:17 | INFO | Epoch  35/200  loss=0.1983  train_err=6.88%  val_err=19.00%  lr=1.00e-01  time=42.1s
09:36:59 | INFO | Epoch  36/200  loss=0.1865  train_err=6.44%  val_err=18.22%  lr=1.00e-01  time=42.2s
09:37:41 | INFO | Epoch  37/200  loss=0.1869  train_err=6.50%  val_err=13.70%  lr=1.00e-01  time=42.1s
09:38:23 | INFO | Epoch  38/200  loss=0.1888  train_err=6.48%  val_err=17.12%  lr=1.00e-01  time=42.1s
09:39:06 | INFO | Epoch  39/200  loss=0.1759  train_err=6.17%  val_err=15.34%  lr=1.00e-01  time=42.1s
09:39:48 | INFO | Epoch  40/200  loss=0.1748  train_err=6.07%  val_err=15.40%  lr=1.00e-01  time=42.2s
09:40:30 | INFO | Epoch  41/200  loss=0.1766  train_err=6.17%  val_err=15.24%  lr=1.00e-01  time=42.1s
09:41:12 | INFO | Epoch  42/200  loss=0.1702  train_err=5.92%  val_err=19.54%  lr=1.00e-01  time=42.1s
09:41:55 | INFO | Epoch  43/200  loss=0.1720  train_err=6.10%  val_err=16.38%  lr=1.00e-01  time=42.1s
09:42:37 | INFO | Epoch  44/200  loss=0.1682  train_err=5.81%  val_err=16.06%  lr=1.00e-01  time=42.1s
09:43:19 | INFO | Epoch  45/200  loss=0.1663  train_err=5.77%  val_err=16.32%  lr=1.00e-01  time=42.1s
09:44:01 | INFO | Epoch  46/200  loss=0.1760  train_err=6.12%  val_err=12.98%  lr=1.00e-01  time=42.1s
09:44:44 | INFO | Epoch  47/200  loss=0.1599  train_err=5.69%  val_err=23.62%  lr=1.00e-01  time=42.1s
09:45:26 | INFO | Epoch  48/200  loss=0.1570  train_err=5.57%  val_err=15.22%  lr=1.00e-01  time=42.1s
09:46:08 | INFO | Epoch  49/200  loss=0.1650  train_err=5.79%  val_err=12.50%  lr=1.00e-01  time=42.1s
09:46:50 | INFO | Epoch  50/200  loss=0.1596  train_err=5.59%  val_err=24.34%  lr=1.00e-01  time=42.1s
09:47:33 | INFO | Epoch  51/200  loss=0.1523  train_err=5.34%  val_err=19.68%  lr=1.00e-01  time=42.1s
09:48:15 | INFO | Epoch  52/200  loss=0.1577  train_err=5.51%  val_err=14.48%  lr=1.00e-01  time=42.1s
09:48:57 | INFO | Epoch  53/200  loss=0.1563  train_err=5.46%  val_err=12.02%  lr=1.00e-01  time=42.1s
09:49:39 | INFO | Epoch  54/200  loss=0.1567  train_err=5.45%  val_err=19.50%  lr=1.00e-01  time=42.1s
09:50:22 | INFO | Epoch  55/200  loss=0.1514  train_err=5.31%  val_err=17.30%  lr=1.00e-01  time=42.1s
09:51:04 | INFO | Epoch  56/200  loss=0.1478  train_err=5.09%  val_err=13.92%  lr=1.00e-01  time=42.1s
09:51:46 | INFO | Epoch  57/200  loss=0.1536  train_err=5.37%  val_err=15.66%  lr=1.00e-01  time=42.1s
09:52:28 | INFO | Epoch  58/200  loss=0.1460  train_err=5.06%  val_err=15.94%  lr=1.00e-01  time=42.1s
09:53:11 | INFO | Epoch  59/200  loss=0.1447  train_err=5.04%  val_err=12.26%  lr=1.00e-01  time=42.1s
09:53:53 | INFO | Epoch  60/200  loss=0.1444  train_err=4.91%  val_err=12.16%  lr=1.00e-01  time=42.1s
09:54:35 | INFO | Epoch  61/200  loss=0.1451  train_err=5.03%  val_err=17.76%  lr=1.00e-01  time=42.1s
09:55:18 | INFO | Epoch  62/200  loss=0.1450  train_err=5.17%  val_err=15.62%  lr=1.00e-01  time=42.1s
09:56:00 | INFO | Epoch  63/200  loss=0.1409  train_err=4.90%  val_err=17.52%  lr=1.00e-01  time=42.1s
09:56:42 | INFO | Epoch  64/200  loss=0.1453  train_err=5.08%  val_err=12.18%  lr=1.00e-01  time=42.1s
09:57:24 | INFO | Epoch  65/200  loss=0.1439  train_err=5.03%  val_err=15.18%  lr=1.00e-01  time=42.1s
09:58:07 | INFO | Epoch  66/200  loss=0.1352  train_err=4.74%  val_err=15.50%  lr=1.00e-01  time=42.1s
09:58:49 | INFO | Epoch  67/200  loss=0.1370  train_err=4.73%  val_err=16.54%  lr=1.00e-01  time=42.1s
09:59:31 | INFO | Epoch  68/200  loss=0.1395  train_err=4.85%  val_err=12.58%  lr=1.00e-01  time=42.1s
10:00:13 | INFO | Epoch  69/200  loss=0.1330  train_err=4.66%  val_err=12.64%  lr=1.00e-01  time=42.2s
10:00:56 | INFO | Epoch  70/200  loss=0.1407  train_err=4.93%  val_err=14.44%  lr=1.00e-01  time=42.1s
10:01:38 | INFO | Epoch  71/200  loss=0.1327  train_err=4.50%  val_err=15.06%  lr=1.00e-01  time=42.2s
10:02:20 | INFO | Epoch  72/200  loss=0.1391  train_err=4.92%  val_err=18.84%  lr=1.00e-01  time=42.2s
10:03:03 | INFO | Epoch  73/200  loss=0.1358  train_err=4.65%  val_err=16.22%  lr=1.00e-01  time=42.2s
10:03:45 | INFO | Epoch  74/200  loss=0.1348  train_err=4.74%  val_err=16.44%  lr=1.00e-01  time=42.2s
10:04:27 | INFO | Epoch  75/200  loss=0.1364  train_err=4.85%  val_err=14.34%  lr=1.00e-01  time=42.2s
10:05:10 | INFO | Epoch  76/200  loss=0.1367  train_err=4.80%  val_err=16.56%  lr=1.00e-01  time=42.2s
10:05:52 | INFO | Epoch  77/200  loss=0.1279  train_err=4.55%  val_err=15.82%  lr=1.00e-01  time=42.2s
10:06:34 | INFO | Epoch  78/200  loss=0.1304  train_err=4.60%  val_err=19.10%  lr=1.00e-01  time=42.2s
10:07:17 | INFO | Epoch  79/200  loss=0.1281  train_err=4.53%  val_err=19.42%  lr=1.00e-01  time=42.2s
10:07:59 | INFO | Epoch  80/200  loss=0.1296  train_err=4.59%  val_err=17.52%  lr=1.00e-01  time=42.2s
10:08:41 | INFO | Epoch  81/200  loss=0.1306  train_err=4.60%  val_err=21.30%  lr=1.00e-01  time=42.2s
10:09:24 | INFO | Epoch  82/200  loss=0.1251  train_err=4.36%  val_err=20.10%  lr=1.00e-01  time=42.2s
10:10:06 | INFO | Epoch  83/200  loss=0.1237  train_err=4.34%  val_err=14.46%  lr=1.00e-01  time=42.2s
10:10:48 | INFO | Epoch  84/200  loss=0.1168  train_err=4.14%  val_err=15.30%  lr=1.00e-01  time=42.1s
10:11:30 | INFO | Epoch  85/200  loss=0.1329  train_err=4.59%  val_err=17.54%  lr=1.00e-01  time=42.1s
10:12:13 | INFO | Epoch  86/200  loss=0.1244  train_err=4.29%  val_err=15.42%  lr=1.00e-01  time=42.1s
10:12:55 | INFO | Epoch  87/200  loss=0.1285  train_err=4.55%  val_err=15.42%  lr=1.00e-01  time=42.1s
10:13:37 | INFO | Epoch  88/200  loss=0.1182  train_err=4.16%  val_err=23.88%  lr=1.00e-01  time=42.1s
10:14:19 | INFO | Epoch  89/200  loss=0.1295  train_err=4.55%  val_err=14.14%  lr=1.00e-01  time=42.2s
10:15:02 | INFO | Epoch  90/200  loss=0.1320  train_err=4.66%  val_err=15.38%  lr=1.00e-01  time=42.2s
10:15:44 | INFO | Epoch  91/200  loss=0.1224  train_err=4.35%  val_err=15.64%  lr=1.00e-01  time=42.1s
10:16:26 | INFO | Epoch  92/200  loss=0.1251  train_err=4.46%  val_err=12.44%  lr=1.00e-01  time=42.1s
10:17:09 | INFO | Epoch  93/200  loss=0.1223  train_err=4.24%  val_err=15.30%  lr=1.00e-01  time=42.1s
10:17:51 | INFO | Epoch  94/200  loss=0.1217  train_err=4.24%  val_err=11.82%  lr=1.00e-01  time=42.1s
10:18:33 | INFO | Epoch  95/200  loss=0.1181  train_err=4.11%  val_err=16.86%  lr=1.00e-01  time=42.1s
10:19:15 | INFO | Epoch  96/200  loss=0.1205  train_err=4.17%  val_err=15.46%  lr=1.00e-01  time=42.1s
10:19:58 | INFO | Epoch  97/200  loss=0.1258  train_err=4.39%  val_err=18.78%  lr=1.00e-01  time=42.1s
10:20:40 | INFO | Epoch  98/200  loss=0.1282  train_err=4.51%  val_err=15.90%  lr=1.00e-01  time=42.1s
10:21:22 | INFO | Epoch  99/200  loss=0.1193  train_err=4.15%  val_err=12.38%  lr=1.00e-01  time=42.1s
10:22:05 | INFO | Epoch 100/200  loss=0.1228  train_err=4.28%  val_err=16.06%  lr=1.00e-02  time=42.2s
10:22:47 | INFO | Epoch 101/200  loss=0.0491  train_err=1.49%  val_err=7.08%  lr=1.00e-02  time=42.1s
10:23:29 | INFO | Epoch 102/200  loss=0.0263  train_err=0.65%  val_err=7.06%  lr=1.00e-02  time=42.1s
10:24:12 | INFO | Epoch 103/200  loss=0.0199  train_err=0.46%  val_err=7.00%  lr=1.00e-02  time=42.1s
10:24:54 | INFO | Epoch 104/200  loss=0.0157  train_err=0.32%  val_err=6.94%  lr=1.00e-02  time=42.1s
10:25:36 | INFO | Epoch 105/200  loss=0.0124  train_err=0.23%  val_err=6.94%  lr=1.00e-02  time=42.1s
10:26:19 | INFO | Epoch 106/200  loss=0.0118  train_err=0.22%  val_err=6.94%  lr=1.00e-02  time=42.1s
10:27:01 | INFO | Epoch 107/200  loss=0.0098  train_err=0.16%  val_err=6.62%  lr=1.00e-02  time=42.1s
10:27:43 | INFO | Epoch 108/200  loss=0.0096  train_err=0.16%  val_err=6.74%  lr=1.00e-02  time=42.2s
10:28:26 | INFO | Epoch 109/200  loss=0.0085  train_err=0.16%  val_err=6.82%  lr=1.00e-02  time=42.2s
10:29:08 | INFO | Epoch 110/200  loss=0.0076  train_err=0.10%  val_err=6.80%  lr=1.00e-02  time=42.1s
10:29:51 | INFO | Epoch 111/200  loss=0.0074  train_err=0.11%  val_err=6.54%  lr=1.00e-02  time=42.2s
10:30:33 | INFO | Epoch 112/200  loss=0.0064  train_err=0.07%  val_err=6.68%  lr=1.00e-02  time=42.2s
10:31:15 | INFO | Epoch 113/200  loss=0.0065  train_err=0.09%  val_err=6.56%  lr=1.00e-02  time=42.1s
10:31:57 | INFO | Epoch 114/200  loss=0.0060  train_err=0.08%  val_err=6.78%  lr=1.00e-02  time=42.1s
10:32:40 | INFO | Epoch 115/200  loss=0.0057  train_err=0.07%  val_err=6.54%  lr=1.00e-02  time=42.2s
10:33:22 | INFO | Epoch 116/200  loss=0.0055  train_err=0.07%  val_err=6.68%  lr=1.00e-02  time=42.1s
10:34:04 | INFO | Epoch 117/200  loss=0.0058  train_err=0.09%  val_err=6.66%  lr=1.00e-02  time=42.1s
10:34:47 | INFO | Epoch 118/200  loss=0.0049  train_err=0.07%  val_err=6.60%  lr=1.00e-02  time=42.1s
10:35:29 | INFO | Epoch 119/200  loss=0.0049  train_err=0.06%  val_err=6.80%  lr=1.00e-02  time=42.1s
10:36:11 | INFO | Epoch 120/200  loss=0.0044  train_err=0.05%  val_err=6.84%  lr=1.00e-02  time=42.1s
10:36:53 | INFO | Epoch 121/200  loss=0.0044  train_err=0.06%  val_err=6.62%  lr=1.00e-02  time=42.2s
10:37:36 | INFO | Epoch 122/200  loss=0.0040  train_err=0.04%  val_err=6.64%  lr=1.00e-02  time=42.1s
10:38:18 | INFO | Epoch 123/200  loss=0.0041  train_err=0.05%  val_err=6.60%  lr=1.00e-02  time=42.1s
10:39:00 | INFO | Epoch 124/200  loss=0.0043  train_err=0.06%  val_err=6.76%  lr=1.00e-02  time=42.1s
10:39:42 | INFO | Epoch 125/200  loss=0.0036  train_err=0.04%  val_err=6.54%  lr=1.00e-02  time=42.1s
10:40:25 | INFO | Epoch 126/200  loss=0.0039  train_err=0.05%  val_err=6.60%  lr=1.00e-02  time=42.1s
10:41:07 | INFO | Epoch 127/200  loss=0.0038  train_err=0.04%  val_err=6.82%  lr=1.00e-02  time=42.1s
10:41:49 | INFO | Epoch 128/200  loss=0.0031  train_err=0.02%  val_err=6.56%  lr=1.00e-02  time=42.1s
10:42:31 | INFO | Epoch 129/200  loss=0.0030  train_err=0.02%  val_err=6.68%  lr=1.00e-02  time=42.2s
10:43:14 | INFO | Epoch 130/200  loss=0.0031  train_err=0.02%  val_err=6.64%  lr=1.00e-02  time=42.2s
10:43:56 | INFO | Epoch 131/200  loss=0.0029  train_err=0.02%  val_err=6.58%  lr=1.00e-02  time=42.1s
10:44:38 | INFO | Epoch 132/200  loss=0.0028  train_err=0.02%  val_err=6.74%  lr=1.00e-02  time=42.1s
10:45:21 | INFO | Epoch 133/200  loss=0.0033  train_err=0.05%  val_err=6.56%  lr=1.00e-02  time=42.1s
10:46:03 | INFO | Epoch 134/200  loss=0.0034  train_err=0.04%  val_err=6.70%  lr=1.00e-02  time=42.1s
10:46:45 | INFO | Epoch 135/200  loss=0.0032  train_err=0.04%  val_err=6.78%  lr=1.00e-02  time=42.1s
10:47:27 | INFO | Epoch 136/200  loss=0.0028  train_err=0.02%  val_err=6.66%  lr=1.00e-02  time=42.1s
10:48:10 | INFO | Epoch 137/200  loss=0.0028  train_err=0.03%  val_err=6.64%  lr=1.00e-02  time=42.1s
10:48:52 | INFO | Epoch 138/200  loss=0.0031  train_err=0.03%  val_err=6.96%  lr=1.00e-02  time=42.1s
10:49:34 | INFO | Epoch 139/200  loss=0.0026  train_err=0.02%  val_err=6.66%  lr=1.00e-02  time=42.1s
10:50:16 | INFO | Epoch 140/200  loss=0.0028  train_err=0.03%  val_err=6.84%  lr=1.00e-02  time=42.1s
10:50:58 | INFO | Epoch 141/200  loss=0.0026  train_err=0.04%  val_err=6.58%  lr=1.00e-02  time=42.1s
10:51:41 | INFO | Epoch 142/200  loss=0.0025  train_err=0.02%  val_err=6.88%  lr=1.00e-02  time=42.1s
10:52:23 | INFO | Epoch 143/200  loss=0.0023  train_err=0.01%  val_err=6.62%  lr=1.00e-02  time=42.1s
10:53:05 | INFO | Epoch 144/200  loss=0.0026  train_err=0.02%  val_err=6.88%  lr=1.00e-02  time=42.1s
10:53:47 | INFO | Epoch 145/200  loss=0.0025  train_err=0.03%  val_err=6.70%  lr=1.00e-02  time=42.1s
10:54:30 | INFO | Epoch 146/200  loss=0.0028  train_err=0.03%  val_err=6.90%  lr=1.00e-02  time=42.1s
10:55:12 | INFO | Epoch 147/200  loss=0.0025  train_err=0.02%  val_err=6.70%  lr=1.00e-02  time=42.1s
10:55:54 | INFO | Epoch 148/200  loss=0.0024  train_err=0.02%  val_err=6.84%  lr=1.00e-02  time=42.1s
10:56:36 | INFO | Epoch 149/200  loss=0.0025  train_err=0.03%  val_err=6.68%  lr=1.00e-02  time=42.1s
10:57:19 | INFO | Epoch 150/200  loss=0.0024  train_err=0.02%  val_err=6.92%  lr=1.00e-03  time=42.1s
10:58:01 | INFO | Epoch 151/200  loss=0.0021  train_err=0.01%  val_err=6.58%  lr=1.00e-03  time=42.1s
10:58:43 | INFO | Epoch 152/200  loss=0.0021  train_err=0.01%  val_err=6.78%  lr=1.00e-03  time=42.1s
10:59:25 | INFO | Epoch 153/200  loss=0.0022  train_err=0.02%  val_err=6.62%  lr=1.00e-03  time=42.1s
11:00:08 | INFO | Epoch 154/200  loss=0.0022  train_err=0.02%  val_err=6.74%  lr=1.00e-03  time=42.1s
11:00:50 | INFO | Epoch 155/200  loss=0.0022  train_err=0.02%  val_err=6.66%  lr=1.00e-03  time=42.1s
11:01:32 | INFO | Epoch 156/200  loss=0.0020  train_err=0.01%  val_err=6.68%  lr=1.00e-03  time=42.1s
11:02:15 | INFO | Epoch 157/200  loss=0.0022  train_err=0.02%  val_err=6.76%  lr=1.00e-03  time=42.2s
11:02:57 | INFO | Epoch 158/200  loss=0.0023  train_err=0.02%  val_err=6.68%  lr=1.00e-03  time=42.3s
11:03:39 | INFO | Epoch 159/200  loss=0.0021  train_err=0.01%  val_err=6.54%  lr=1.00e-03  time=42.2s
11:04:22 | INFO | Epoch 160/200  loss=0.0019  train_err=0.01%  val_err=6.64%  lr=1.00e-03  time=42.2s
11:05:04 | INFO | Epoch 161/200  loss=0.0019  train_err=0.01%  val_err=6.88%  lr=1.00e-03  time=42.2s
11:05:47 | INFO | Epoch 162/200  loss=0.0021  train_err=0.01%  val_err=6.90%  lr=1.00e-03  time=42.2s
11:06:29 | INFO | Epoch 163/200  loss=0.0020  train_err=0.01%  val_err=6.64%  lr=1.00e-03  time=42.2s
11:07:11 | INFO | Epoch 164/200  loss=0.0019  train_err=0.01%  val_err=6.66%  lr=1.00e-03  time=42.2s
11:07:54 | INFO | Epoch 165/200  loss=0.0020  train_err=0.00%  val_err=6.84%  lr=1.00e-03  time=42.2s
11:08:36 | INFO | Epoch 166/200  loss=0.0019  train_err=0.01%  val_err=6.72%  lr=1.00e-03  time=42.2s
11:09:18 | INFO | Epoch 167/200  loss=0.0020  train_err=0.01%  val_err=6.54%  lr=1.00e-03  time=42.2s
11:10:01 | INFO | Epoch 168/200  loss=0.0020  train_err=0.01%  val_err=6.56%  lr=1.00e-03  time=42.2s
11:10:43 | INFO | Epoch 169/200  loss=0.0019  train_err=0.01%  val_err=6.80%  lr=1.00e-03  time=42.2s
11:11:25 | INFO | Epoch 170/200  loss=0.0019  train_err=0.01%  val_err=6.68%  lr=1.00e-03  time=42.2s
11:12:08 | INFO | Epoch 171/200  loss=0.0019  train_err=0.00%  val_err=6.58%  lr=1.00e-03  time=42.2s
11:12:50 | INFO | Epoch 172/200  loss=0.0020  train_err=0.01%  val_err=6.80%  lr=1.00e-03  time=42.2s
11:13:33 | INFO | Epoch 173/200  loss=0.0020  train_err=0.01%  val_err=6.50%  lr=1.00e-03  time=42.2s
11:14:15 | INFO | Epoch 174/200  loss=0.0019  train_err=0.01%  val_err=6.68%  lr=1.00e-03  time=42.2s
11:14:57 | INFO | Epoch 175/200  loss=0.0018  train_err=0.00%  val_err=6.62%  lr=1.00e-03  time=42.2s
11:15:40 | INFO | Epoch 176/200  loss=0.0019  train_err=0.01%  val_err=6.66%  lr=1.00e-03  time=42.2s
11:16:22 | INFO | Epoch 177/200  loss=0.0019  train_err=0.01%  val_err=6.52%  lr=1.00e-03  time=42.2s
11:17:04 | INFO | Epoch 178/200  loss=0.0019  train_err=0.01%  val_err=6.70%  lr=1.00e-03  time=42.2s
11:17:47 | INFO | Epoch 179/200  loss=0.0019  train_err=0.02%  val_err=6.72%  lr=1.00e-03  time=42.2s
11:18:29 | INFO | Epoch 180/200  loss=0.0019  train_err=0.01%  val_err=6.58%  lr=1.00e-03  time=42.2s
11:19:12 | INFO | Epoch 181/200  loss=0.0018  train_err=0.01%  val_err=6.52%  lr=1.00e-03  time=42.2s
11:19:54 | INFO | Epoch 182/200  loss=0.0021  train_err=0.02%  val_err=6.60%  lr=1.00e-03  time=42.2s
11:20:36 | INFO | Epoch 183/200  loss=0.0019  train_err=0.00%  val_err=6.68%  lr=1.00e-03  time=42.2s
11:21:19 | INFO | Epoch 184/200  loss=0.0019  train_err=0.01%  val_err=6.66%  lr=1.00e-03  time=42.2s
11:22:01 | INFO | Epoch 185/200  loss=0.0019  train_err=0.01%  val_err=6.50%  lr=1.00e-03  time=42.2s
11:22:43 | INFO | Epoch 186/200  loss=0.0019  train_err=0.01%  val_err=6.70%  lr=1.00e-03  time=42.2s
11:23:26 | INFO | Epoch 187/200  loss=0.0019  train_err=0.02%  val_err=6.58%  lr=1.00e-03  time=42.2s
11:24:08 | INFO | Epoch 188/200  loss=0.0020  train_err=0.01%  val_err=6.78%  lr=1.00e-03  time=42.2s
11:24:50 | INFO | Epoch 189/200  loss=0.0019  train_err=0.02%  val_err=6.76%  lr=1.00e-03  time=42.2s
11:25:33 | INFO | Epoch 190/200  loss=0.0018  train_err=0.01%  val_err=6.58%  lr=1.00e-03  time=42.2s
11:26:15 | INFO | Epoch 191/200  loss=0.0018  train_err=0.00%  val_err=6.52%  lr=1.00e-03  time=42.2s
11:26:58 | INFO | Epoch 192/200  loss=0.0020  train_err=0.01%  val_err=6.58%  lr=1.00e-03  time=42.6s
11:27:40 | INFO | Epoch 193/200  loss=0.0019  train_err=0.02%  val_err=6.64%  lr=1.00e-03  time=42.2s
11:28:23 | INFO | Epoch 194/200  loss=0.0018  train_err=0.01%  val_err=6.58%  lr=1.00e-03  time=42.2s
11:29:05 | INFO | Epoch 195/200  loss=0.0018  train_err=0.01%  val_err=6.62%  lr=1.00e-03  time=42.2s
11:29:47 | INFO | Epoch 196/200  loss=0.0018  train_err=0.00%  val_err=6.52%  lr=1.00e-03  time=42.2s
11:30:30 | INFO | Epoch 197/200  loss=0.0018  train_err=0.01%  val_err=6.72%  lr=1.00e-03  time=42.2s
11:31:12 | INFO | Epoch 198/200  loss=0.0018  train_err=0.01%  val_err=6.66%  lr=1.00e-03  time=42.2s
11:31:55 | INFO | Epoch 199/200  loss=0.0018  train_err=0.01%  val_err=6.64%  lr=1.00e-03  time=42.2s
11:32:37 | INFO | Epoch 200/200  loss=0.0019  train_err=0.02%  val_err=6.58%  lr=1.00e-03  time=42.2s
11:32:37 | INFO | Training complete. Best val acc@1: 93.50%
11:32:37 | INFO | Artifacts saved to: runs/d32_gated
11:32:37 | INFO | To test the model, run: python scripts/test.py --checkpoint runs/d32_gated/best.pt --config runs/d32_gated/config.json
10:31:01 | INFO | Run: d32_gated
10:31:01 | INFO | Variant: gated
10:31:01 | INFO | Config: runs/d32_gated/config.json
10:31:01 | INFO | Device: cuda
10:31:03 | INFO | Data: train=45000  val=5000
10:31:03 | INFO | Model: gated depth=32  params=2,503,114
10:31:06 | INFO | NumExpr defaulting to 12 threads.
10:31:59 | INFO | Epoch   1/200  loss=2.2198  train_err=81.72%  val_err=78.84%  lr=2.01e-02  time=42.8s
10:32:41 | INFO | Epoch   2/200  loss=1.8591  train_err=66.94%  val_err=57.92%  lr=4.01e-02  time=42.3s
10:33:24 | INFO | Epoch   3/200  loss=1.3844  train_err=51.35%  val_err=48.56%  lr=6.00e-02  time=42.2s
10:34:06 | INFO | Epoch   4/200  loss=1.1454  train_err=41.38%  val_err=44.98%  lr=8.00e-02  time=42.3s
10:34:49 | INFO | Epoch   5/200  loss=0.9835  train_err=35.18%  val_err=37.24%  lr=1.00e-01  time=42.2s
10:35:31 | INFO | Epoch   6/200  loss=0.8638  train_err=30.48%  val_err=35.82%  lr=1.00e-01  time=42.2s
10:36:14 | INFO | Epoch   7/200  loss=0.7450  train_err=25.96%  val_err=25.22%  lr=1.00e-01  time=42.2s
10:36:56 | INFO | Epoch   8/200  loss=0.6622  train_err=23.00%  val_err=29.56%  lr=1.00e-01  time=42.2s
10:37:39 | INFO | Epoch   9/200  loss=0.6004  train_err=20.62%  val_err=27.90%  lr=1.00e-01  time=42.2s
10:38:21 | INFO | Epoch  10/200  loss=0.5534  train_err=19.14%  val_err=30.68%  lr=1.00e-01  time=42.3s
10:39:03 | INFO | Epoch  11/200  loss=0.5101  train_err=17.65%  val_err=22.18%  lr=1.00e-01  time=42.2s
10:39:46 | INFO | Epoch  12/200  loss=0.4718  train_err=16.07%  val_err=22.10%  lr=1.00e-01  time=42.2s
10:40:28 | INFO | Epoch  13/200  loss=0.4464  train_err=15.19%  val_err=18.92%  lr=1.00e-01  time=42.3s
10:41:11 | INFO | Epoch  14/200  loss=0.4244  train_err=14.51%  val_err=20.02%  lr=1.00e-01  time=42.2s
10:41:53 | INFO | Epoch  15/200  loss=0.3978  train_err=13.75%  val_err=16.82%  lr=1.00e-01  time=42.2s
10:42:36 | INFO | Epoch  16/200  loss=0.3794  train_err=13.13%  val_err=20.98%  lr=1.00e-01  time=42.2s
10:43:18 | INFO | Epoch  17/200  loss=0.3642  train_err=12.56%  val_err=18.84%  lr=1.00e-01  time=42.2s
10:44:01 | INFO | Epoch  18/200  loss=0.3498  train_err=12.19%  val_err=14.78%  lr=1.00e-01  time=42.2s
10:44:43 | INFO | Epoch  19/200  loss=0.3328  train_err=11.33%  val_err=19.84%  lr=1.00e-01  time=42.2s
10:45:26 | INFO | Epoch  20/200  loss=0.3205  train_err=11.22%  val_err=17.68%  lr=1.00e-01  time=42.7s
10:46:09 | INFO | Epoch  21/200  loss=0.3183  train_err=11.20%  val_err=19.44%  lr=1.00e-01  time=42.3s
10:46:51 | INFO | Epoch  22/200  loss=0.2950  train_err=10.20%  val_err=20.12%  lr=1.00e-01  time=42.2s
10:47:34 | INFO | Epoch  23/200  loss=0.2937  train_err=10.06%  val_err=14.52%  lr=1.00e-01  time=42.2s
10:48:16 | INFO | Epoch  24/200  loss=0.2911  train_err=9.98%  val_err=15.34%  lr=1.00e-01  time=42.2s
10:48:58 | INFO | Epoch  25/200  loss=0.2729  train_err=9.32%  val_err=18.84%  lr=1.00e-01  time=42.3s
10:49:41 | INFO | Epoch  26/200  loss=0.2681  train_err=9.21%  val_err=19.32%  lr=1.00e-01  time=42.2s
10:50:23 | INFO | Epoch  27/200  loss=0.2577  train_err=8.86%  val_err=14.62%  lr=1.00e-01  time=42.2s
10:51:05 | INFO | Epoch  28/200  loss=0.2493  train_err=8.71%  val_err=17.34%  lr=1.00e-01  time=42.2s
10:51:48 | INFO | Epoch  29/200  loss=0.2512  train_err=8.81%  val_err=16.18%  lr=1.00e-01  time=42.2s
10:52:30 | INFO | Epoch  30/200  loss=0.2374  train_err=8.20%  val_err=15.10%  lr=1.00e-01  time=42.2s
10:53:13 | INFO | Epoch  31/200  loss=0.2401  train_err=8.39%  val_err=13.76%  lr=1.00e-01  time=42.2s
10:53:55 | INFO | Epoch  32/200  loss=0.2309  train_err=7.92%  val_err=14.06%  lr=1.00e-01  time=42.2s
10:54:37 | INFO | Epoch  33/200  loss=0.2306  train_err=8.00%  val_err=16.24%  lr=1.00e-01  time=42.2s
10:55:20 | INFO | Epoch  34/200  loss=0.2211  train_err=7.82%  val_err=15.20%  lr=1.00e-01  time=42.2s
10:56:02 | INFO | Epoch  35/200  loss=0.2170  train_err=7.48%  val_err=17.74%  lr=1.00e-01  time=42.2s
10:56:44 | INFO | Epoch  36/200  loss=0.2111  train_err=7.29%  val_err=16.16%  lr=1.00e-01  time=42.2s
10:57:27 | INFO | Epoch  37/200  loss=0.2096  train_err=7.35%  val_err=18.06%  lr=1.00e-01  time=42.2s
10:58:09 | INFO | Epoch  38/200  loss=0.1991  train_err=6.79%  val_err=14.38%  lr=1.00e-01  time=42.2s
10:58:51 | INFO | Epoch  39/200  loss=0.2013  train_err=7.05%  val_err=15.46%  lr=1.00e-01  time=42.2s
10:59:34 | INFO | Epoch  40/200  loss=0.1972  train_err=6.97%  val_err=20.04%  lr=1.00e-01  time=42.2s
11:00:16 | INFO | Epoch  41/200  loss=0.2031  train_err=7.12%  val_err=13.48%  lr=1.00e-01  time=42.2s
11:00:59 | INFO | Epoch  42/200  loss=0.1967  train_err=6.99%  val_err=15.50%  lr=1.00e-01  time=42.2s
11:01:41 | INFO | Epoch  43/200  loss=0.1888  train_err=6.63%  val_err=19.80%  lr=1.00e-01  time=42.1s
11:02:23 | INFO | Epoch  44/200  loss=0.1871  train_err=6.50%  val_err=17.34%  lr=1.00e-01  time=42.1s
11:03:05 | INFO | Epoch  45/200  loss=0.1990  train_err=6.95%  val_err=17.68%  lr=1.00e-01  time=42.2s
11:03:48 | INFO | Epoch  46/200  loss=0.1777  train_err=6.21%  val_err=16.62%  lr=1.00e-01  time=42.1s
11:04:30 | INFO | Epoch  47/200  loss=0.1774  train_err=6.14%  val_err=16.66%  lr=1.00e-01  time=42.1s
11:05:12 | INFO | Epoch  48/200  loss=0.1847  train_err=6.63%  val_err=19.00%  lr=1.00e-01  time=42.2s
11:05:54 | INFO | Epoch  49/200  loss=0.1749  train_err=6.12%  val_err=14.44%  lr=1.00e-01  time=42.1s
11:06:37 | INFO | Epoch  50/200  loss=0.1747  train_err=6.25%  val_err=14.82%  lr=1.00e-01  time=42.1s
11:07:19 | INFO | Epoch  51/200  loss=0.1749  train_err=6.07%  val_err=15.72%  lr=1.00e-01  time=42.2s
11:08:01 | INFO | Epoch  52/200  loss=0.1662  train_err=5.84%  val_err=13.54%  lr=1.00e-01  time=42.1s
11:08:44 | INFO | Epoch  53/200  loss=0.1712  train_err=6.05%  val_err=16.70%  lr=1.00e-01  time=42.1s
11:09:26 | INFO | Epoch  54/200  loss=0.1658  train_err=5.69%  val_err=20.04%  lr=1.00e-01  time=42.1s
11:10:08 | INFO | Epoch  55/200  loss=0.1751  train_err=6.23%  val_err=16.50%  lr=1.00e-01  time=42.1s
11:10:51 | INFO | Epoch  56/200  loss=0.1596  train_err=5.57%  val_err=12.68%  lr=1.00e-01  time=42.1s
11:11:33 | INFO | Epoch  57/200  loss=0.1595  train_err=5.57%  val_err=23.44%  lr=1.00e-01  time=42.1s
11:12:15 | INFO | Epoch  58/200  loss=0.1650  train_err=5.82%  val_err=17.14%  lr=1.00e-01  time=42.1s
11:12:57 | INFO | Epoch  59/200  loss=0.1581  train_err=5.53%  val_err=17.88%  lr=1.00e-01  time=42.1s
11:13:40 | INFO | Epoch  60/200  loss=0.1599  train_err=5.44%  val_err=17.36%  lr=1.00e-01  time=42.1s
11:14:22 | INFO | Epoch  61/200  loss=0.1616  train_err=5.66%  val_err=16.34%  lr=1.00e-01  time=42.1s
11:15:04 | INFO | Epoch  62/200  loss=0.1495  train_err=5.25%  val_err=15.86%  lr=1.00e-01  time=42.1s
11:15:46 | INFO | Epoch  63/200  loss=0.1559  train_err=5.48%  val_err=14.76%  lr=1.00e-01  time=42.1s
11:16:29 | INFO | Epoch  64/200  loss=0.1548  train_err=5.49%  val_err=16.30%  lr=1.00e-01  time=42.1s
11:17:11 | INFO | Epoch  65/200  loss=0.1538  train_err=5.38%  val_err=14.94%  lr=1.00e-01  time=42.1s
11:17:53 | INFO | Epoch  66/200  loss=0.1522  train_err=5.30%  val_err=17.86%  lr=1.00e-01  time=42.1s
11:18:36 | INFO | Epoch  67/200  loss=0.1451  train_err=5.12%  val_err=13.00%  lr=1.00e-01  time=42.1s
11:19:18 | INFO | Epoch  68/200  loss=0.1508  train_err=5.24%  val_err=16.02%  lr=1.00e-01  time=42.1s
11:20:00 | INFO | Epoch  69/200  loss=0.1519  train_err=5.45%  val_err=13.48%  lr=1.00e-01  time=42.1s
11:20:42 | INFO | Epoch  70/200  loss=0.1435  train_err=5.02%  val_err=14.02%  lr=1.00e-01  time=42.1s
11:21:25 | INFO | Epoch  71/200  loss=0.1508  train_err=5.45%  val_err=14.72%  lr=1.00e-01  time=42.1s
11:22:07 | INFO | Epoch  72/200  loss=0.1518  train_err=5.33%  val_err=21.70%  lr=1.00e-01  time=42.1s
11:22:49 | INFO | Epoch  73/200  loss=0.1391  train_err=4.89%  val_err=24.48%  lr=1.00e-01  time=42.1s
11:23:31 | INFO | Epoch  74/200  loss=0.1435  train_err=5.07%  val_err=14.96%  lr=1.00e-01  time=42.1s
11:24:14 | INFO | Epoch  75/200  loss=0.1461  train_err=5.08%  val_err=12.70%  lr=1.00e-01  time=42.1s
11:24:56 | INFO | Epoch  76/200  loss=0.1391  train_err=4.81%  val_err=11.38%  lr=1.00e-01  time=42.1s
11:25:38 | INFO | Epoch  77/200  loss=0.1403  train_err=4.98%  val_err=16.38%  lr=1.00e-01  time=42.1s
11:26:21 | INFO | Epoch  78/200  loss=0.1433  train_err=5.23%  val_err=14.04%  lr=1.00e-01  time=42.1s
11:27:03 | INFO | Epoch  79/200  loss=0.1376  train_err=4.81%  val_err=14.96%  lr=1.00e-01  time=42.1s
11:27:45 | INFO | Epoch  80/200  loss=0.1425  train_err=4.98%  val_err=18.28%  lr=1.00e-01  time=42.1s
11:28:27 | INFO | Epoch  81/200  loss=0.1354  train_err=4.72%  val_err=13.96%  lr=1.00e-01  time=42.2s
11:29:10 | INFO | Epoch  82/200  loss=0.1373  train_err=4.77%  val_err=12.32%  lr=1.00e-01  time=42.1s
11:29:52 | INFO | Epoch  83/200  loss=0.1404  train_err=4.96%  val_err=14.06%  lr=1.00e-01  time=42.1s
11:30:34 | INFO | Epoch  84/200  loss=0.1378  train_err=4.84%  val_err=15.40%  lr=1.00e-01  time=42.1s
11:31:17 | INFO | Epoch  85/200  loss=0.1402  train_err=4.91%  val_err=12.40%  lr=1.00e-01  time=42.1s
11:31:59 | INFO | Epoch  86/200  loss=0.1258  train_err=4.35%  val_err=24.80%  lr=1.00e-01  time=42.1s
11:32:41 | INFO | Epoch  87/200  loss=0.1377  train_err=4.83%  val_err=16.02%  lr=1.00e-01  time=42.1s
11:33:23 | INFO | Epoch  88/200  loss=0.1332  train_err=4.70%  val_err=12.24%  lr=1.00e-01  time=42.1s
11:34:06 | INFO | Epoch  89/200  loss=0.1339  train_err=4.66%  val_err=14.42%  lr=1.00e-01  time=42.1s
11:34:48 | INFO | Epoch  90/200  loss=0.1305  train_err=4.52%  val_err=14.34%  lr=1.00e-01  time=42.1s
11:35:30 | INFO | Epoch  91/200  loss=0.1349  train_err=4.69%  val_err=15.54%  lr=1.00e-01  time=42.1s
11:36:12 | INFO | Epoch  92/200  loss=0.1372  train_err=4.78%  val_err=17.66%  lr=1.00e-01  time=42.1s
11:36:55 | INFO | Epoch  93/200  loss=0.1317  train_err=4.63%  val_err=10.96%  lr=1.00e-01  time=42.1s
11:37:37 | INFO | Epoch  94/200  loss=0.1276  train_err=4.45%  val_err=11.06%  lr=1.00e-01  time=42.2s
11:38:20 | INFO | Epoch  95/200  loss=0.1327  train_err=4.61%  val_err=18.24%  lr=1.00e-01  time=42.1s
11:39:02 | INFO | Epoch  96/200  loss=0.1349  train_err=4.74%  val_err=19.76%  lr=1.00e-01  time=42.1s
11:39:44 | INFO | Epoch  97/200  loss=0.1252  train_err=4.43%  val_err=10.86%  lr=1.00e-01  time=42.1s
11:40:27 | INFO | Epoch  98/200  loss=0.1293  train_err=4.47%  val_err=14.86%  lr=1.00e-01  time=42.2s
11:41:09 | INFO | Epoch  99/200  loss=0.1283  train_err=4.46%  val_err=15.56%  lr=1.00e-01  time=42.1s
11:41:51 | INFO | Epoch 100/200  loss=0.1216  train_err=4.30%  val_err=16.08%  lr=1.00e-02  time=42.1s
11:42:34 | INFO | Epoch 101/200  loss=0.0487  train_err=1.45%  val_err=7.34%  lr=1.00e-02  time=42.1s
11:43:16 | INFO | Epoch 102/200  loss=0.0252  train_err=0.64%  val_err=6.92%  lr=1.00e-02  time=42.1s
11:43:58 | INFO | Epoch 103/200  loss=0.0192  train_err=0.42%  val_err=6.98%  lr=1.00e-02  time=42.2s
11:44:41 | INFO | Epoch 104/200  loss=0.0166  train_err=0.33%  val_err=6.78%  lr=1.00e-02  time=42.2s
11:45:23 | INFO | Epoch 105/200  loss=0.0146  train_err=0.28%  val_err=6.78%  lr=1.00e-02  time=42.2s
11:46:06 | INFO | Epoch 106/200  loss=0.0124  train_err=0.20%  val_err=6.66%  lr=1.00e-02  time=42.2s
11:46:48 | INFO | Epoch 107/200  loss=0.0121  train_err=0.25%  val_err=6.98%  lr=1.00e-02  time=42.2s
11:47:30 | INFO | Epoch 108/200  loss=0.0103  train_err=0.14%  val_err=6.96%  lr=1.00e-02  time=42.2s
11:48:13 | INFO | Epoch 109/200  loss=0.0093  train_err=0.13%  val_err=6.96%  lr=1.00e-02  time=42.2s
11:48:55 | INFO | Epoch 110/200  loss=0.0088  train_err=0.11%  val_err=6.80%  lr=1.00e-02  time=42.2s
11:49:37 | INFO | Epoch 111/200  loss=0.0083  train_err=0.11%  val_err=6.66%  lr=1.00e-02  time=42.2s
11:50:20 | INFO | Epoch 112/200  loss=0.0076  train_err=0.12%  val_err=6.72%  lr=1.00e-02  time=42.2s
11:51:02 | INFO | Epoch 113/200  loss=0.0070  train_err=0.07%  val_err=6.96%  lr=1.00e-02  time=42.1s
11:51:44 | INFO | Epoch 114/200  loss=0.0065  train_err=0.08%  val_err=6.84%  lr=1.00e-02  time=42.2s
11:52:26 | INFO | Epoch 115/200  loss=0.0067  train_err=0.08%  val_err=6.88%  lr=1.00e-02  time=42.2s
11:53:09 | INFO | Epoch 116/200  loss=0.0061  train_err=0.08%  val_err=7.00%  lr=1.00e-02  time=42.2s
11:53:51 | INFO | Epoch 117/200  loss=0.0058  train_err=0.06%  val_err=6.72%  lr=1.00e-02  time=42.2s
11:54:34 | INFO | Epoch 118/200  loss=0.0053  train_err=0.06%  val_err=6.92%  lr=1.00e-02  time=42.2s
11:55:16 | INFO | Epoch 119/200  loss=0.0054  train_err=0.06%  val_err=7.08%  lr=1.00e-02  time=42.2s
11:55:58 | INFO | Epoch 120/200  loss=0.0052  train_err=0.07%  val_err=6.96%  lr=1.00e-02  time=42.2s
11:56:41 | INFO | Epoch 121/200  loss=0.0050  train_err=0.06%  val_err=6.96%  lr=1.00e-02  time=42.2s
11:57:23 | INFO | Epoch 122/200  loss=0.0049  train_err=0.06%  val_err=6.94%  lr=1.00e-02  time=42.2s
11:58:05 | INFO | Epoch 123/200  loss=0.0046  train_err=0.04%  val_err=6.88%  lr=1.00e-02  time=42.2s
11:58:48 | INFO | Epoch 124/200  loss=0.0044  train_err=0.03%  val_err=6.94%  lr=1.00e-02  time=42.2s
11:59:30 | INFO | Epoch 125/200  loss=0.0043  train_err=0.04%  val_err=6.84%  lr=1.00e-02  time=42.2s
12:00:12 | INFO | Epoch 126/200  loss=0.0044  train_err=0.05%  val_err=6.98%  lr=1.00e-02  time=42.2s
12:00:55 | INFO | Epoch 127/200  loss=0.0043  train_err=0.04%  val_err=6.78%  lr=1.00e-02  time=42.2s
12:01:37 | INFO | Epoch 128/200  loss=0.0038  train_err=0.03%  val_err=6.84%  lr=1.00e-02  time=42.2s
12:02:20 | INFO | Epoch 129/200  loss=0.0037  train_err=0.03%  val_err=6.76%  lr=1.00e-02  time=42.2s
12:03:02 | INFO | Epoch 130/200  loss=0.0037  train_err=0.04%  val_err=6.68%  lr=1.00e-02  time=42.2s
12:03:44 | INFO | Epoch 131/200  loss=0.0036  train_err=0.03%  val_err=6.72%  lr=1.00e-02  time=42.2s
12:04:27 | INFO | Epoch 132/200  loss=0.0035  train_err=0.03%  val_err=6.90%  lr=1.00e-02  time=42.2s
12:05:09 | INFO | Epoch 133/200  loss=0.0035  train_err=0.02%  val_err=6.90%  lr=1.00e-02  time=42.2s
12:05:51 | INFO | Epoch 134/200  loss=0.0031  train_err=0.02%  val_err=6.92%  lr=1.00e-02  time=42.2s
12:06:34 | INFO | Epoch 135/200  loss=0.0035  train_err=0.03%  val_err=7.12%  lr=1.00e-02  time=42.2s
12:07:16 | INFO | Epoch 136/200  loss=0.0032  train_err=0.02%  val_err=6.86%  lr=1.00e-02  time=42.2s
12:07:58 | INFO | Epoch 137/200  loss=0.0032  train_err=0.02%  val_err=7.02%  lr=1.00e-02  time=42.2s
12:08:41 | INFO | Epoch 138/200  loss=0.0030  train_err=0.01%  val_err=6.76%  lr=1.00e-02  time=42.2s
12:09:23 | INFO | Epoch 139/200  loss=0.0029  train_err=0.02%  val_err=6.84%  lr=1.00e-02  time=42.2s
12:10:06 | INFO | Epoch 140/200  loss=0.0032  train_err=0.03%  val_err=6.84%  lr=1.00e-02  time=42.2s
12:10:48 | INFO | Epoch 141/200  loss=0.0031  train_err=0.03%  val_err=6.90%  lr=1.00e-02  time=42.2s
12:11:30 | INFO | Epoch 142/200  loss=0.0031  train_err=0.02%  val_err=6.96%  lr=1.00e-02  time=42.2s
12:12:13 | INFO | Epoch 143/200  loss=0.0029  train_err=0.02%  val_err=6.82%  lr=1.00e-02  time=42.2s
12:12:55 | INFO | Epoch 144/200  loss=0.0028  train_err=0.02%  val_err=6.86%  lr=1.00e-02  time=42.2s
12:13:37 | INFO | Epoch 145/200  loss=0.0026  train_err=0.01%  val_err=6.94%  lr=1.00e-02  time=42.2s
12:14:20 | INFO | Epoch 146/200  loss=0.0026  train_err=0.01%  val_err=6.96%  lr=1.00e-02  time=42.2s
12:15:02 | INFO | Epoch 147/200  loss=0.0025  train_err=0.00%  val_err=6.90%  lr=1.00e-02  time=42.2s
12:15:44 | INFO | Epoch 148/200  loss=0.0027  train_err=0.02%  val_err=6.72%  lr=1.00e-02  time=42.2s
12:16:27 | INFO | Epoch 149/200  loss=0.0027  train_err=0.02%  val_err=7.02%  lr=1.00e-02  time=42.2s
12:17:09 | INFO | Epoch 150/200  loss=0.0026  train_err=0.01%  val_err=7.04%  lr=1.00e-03  time=42.2s
12:17:52 | INFO | Epoch 151/200  loss=0.0024  train_err=0.01%  val_err=7.06%  lr=1.00e-03  time=42.2s
12:18:34 | INFO | Epoch 152/200  loss=0.0028  train_err=0.02%  val_err=6.86%  lr=1.00e-03  time=42.2s
12:19:16 | INFO | Epoch 153/200  loss=0.0024  train_err=0.01%  val_err=6.98%  lr=1.00e-03  time=42.2s
12:19:59 | INFO | Epoch 154/200  loss=0.0026  train_err=0.02%  val_err=6.96%  lr=1.00e-03  time=42.3s
12:20:41 | INFO | Epoch 155/200  loss=0.0024  train_err=0.01%  val_err=6.98%  lr=1.00e-03  time=42.2s
12:21:23 | INFO | Epoch 156/200  loss=0.0025  train_err=0.01%  val_err=7.04%  lr=1.00e-03  time=42.2s
12:22:06 | INFO | Epoch 157/200  loss=0.0024  train_err=0.00%  val_err=6.84%  lr=1.00e-03  time=42.2s
12:22:48 | INFO | Epoch 158/200  loss=0.0025  train_err=0.02%  val_err=7.00%  lr=1.00e-03  time=42.2s
12:23:30 | INFO | Epoch 159/200  loss=0.0024  train_err=0.01%  val_err=6.94%  lr=1.00e-03  time=42.2s
12:24:13 | INFO | Epoch 160/200  loss=0.0025  train_err=0.01%  val_err=7.14%  lr=1.00e-03  time=42.2s
12:24:55 | INFO | Epoch 161/200  loss=0.0023  train_err=0.01%  val_err=7.00%  lr=1.00e-03  time=42.2s
12:25:38 | INFO | Epoch 162/200  loss=0.0023  train_err=0.00%  val_err=6.98%  lr=1.00e-03  time=42.2s
12:26:20 | INFO | Epoch 163/200  loss=0.0024  train_err=0.02%  val_err=6.92%  lr=1.00e-03  time=42.2s
12:27:02 | INFO | Epoch 164/200  loss=0.0022  train_err=0.01%  val_err=6.82%  lr=1.00e-03  time=42.2s
12:27:45 | INFO | Epoch 165/200  loss=0.0024  train_err=0.02%  val_err=7.04%  lr=1.00e-03  time=42.2s
12:28:27 | INFO | Epoch 166/200  loss=0.0023  train_err=0.01%  val_err=6.98%  lr=1.00e-03  time=42.2s
12:29:09 | INFO | Epoch 167/200  loss=0.0023  train_err=0.00%  val_err=6.98%  lr=1.00e-03  time=42.2s
12:29:52 | INFO | Epoch 168/200  loss=0.0022  train_err=0.01%  val_err=6.82%  lr=1.00e-03  time=42.2s
12:30:34 | INFO | Epoch 169/200  loss=0.0023  train_err=0.01%  val_err=6.86%  lr=1.00e-03  time=42.2s
12:31:17 | INFO | Epoch 170/200  loss=0.0021  train_err=0.00%  val_err=6.94%  lr=1.00e-03  time=42.2s
12:31:59 | INFO | Epoch 171/200  loss=0.0023  train_err=0.02%  val_err=6.88%  lr=1.00e-03  time=42.2s
12:32:41 | INFO | Epoch 172/200  loss=0.0022  train_err=0.01%  val_err=6.82%  lr=1.00e-03  time=42.2s
12:33:24 | INFO | Epoch 173/200  loss=0.0023  train_err=0.01%  val_err=6.86%  lr=1.00e-03  time=42.2s
12:34:06 | INFO | Epoch 174/200  loss=0.0023  train_err=0.01%  val_err=6.86%  lr=1.00e-03  time=42.2s
12:34:49 | INFO | Epoch 175/200  loss=0.0023  train_err=0.01%  val_err=7.06%  lr=1.00e-03  time=42.2s
12:35:31 | INFO | Epoch 176/200  loss=0.0024  train_err=0.01%  val_err=6.84%  lr=1.00e-03  time=42.2s
12:36:13 | INFO | Epoch 177/200  loss=0.0022  train_err=0.01%  val_err=7.04%  lr=1.00e-03  time=42.2s
12:36:56 | INFO | Epoch 178/200  loss=0.0023  train_err=0.00%  val_err=6.80%  lr=1.00e-03  time=42.2s
12:37:38 | INFO | Epoch 179/200  loss=0.0023  train_err=0.01%  val_err=6.98%  lr=1.00e-03  time=42.2s
12:38:21 | INFO | Epoch 180/200  loss=0.0022  train_err=0.00%  val_err=6.92%  lr=1.00e-03  time=42.2s
12:39:03 | INFO | Epoch 181/200  loss=0.0022  train_err=0.01%  val_err=6.98%  lr=1.00e-03  time=42.2s
12:39:45 | INFO | Epoch 182/200  loss=0.0021  train_err=0.01%  val_err=6.88%  lr=1.00e-03  time=42.2s
12:40:28 | INFO | Epoch 183/200  loss=0.0021  train_err=0.01%  val_err=6.86%  lr=1.00e-03  time=42.2s
12:41:10 | INFO | Epoch 184/200  loss=0.0023  train_err=0.01%  val_err=6.88%  lr=1.00e-03  time=42.2s
12:41:52 | INFO | Epoch 185/200  loss=0.0022  train_err=0.01%  val_err=7.04%  lr=1.00e-03  time=42.2s
12:42:35 | INFO | Epoch 186/200  loss=0.0022  train_err=0.01%  val_err=7.02%  lr=1.00e-03  time=42.2s
12:43:17 | INFO | Epoch 187/200  loss=0.0021  train_err=0.00%  val_err=6.84%  lr=1.00e-03  time=42.2s
12:44:00 | INFO | Epoch 188/200  loss=0.0023  train_err=0.01%  val_err=6.92%  lr=1.00e-03  time=42.2s
12:44:42 | INFO | Epoch 189/200  loss=0.0022  train_err=0.01%  val_err=6.86%  lr=1.00e-03  time=42.2s
12:45:24 | INFO | Epoch 190/200  loss=0.0022  train_err=0.01%  val_err=6.88%  lr=1.00e-03  time=42.2s
12:46:07 | INFO | Epoch 191/200  loss=0.0023  train_err=0.02%  val_err=7.00%  lr=1.00e-03  time=42.2s
12:46:49 | INFO | Epoch 192/200  loss=0.0022  train_err=0.01%  val_err=7.00%  lr=1.00e-03  time=42.2s
12:47:31 | INFO | Epoch 193/200  loss=0.0024  train_err=0.02%  val_err=6.96%  lr=1.00e-03  time=42.2s
12:48:14 | INFO | Epoch 194/200  loss=0.0021  train_err=0.01%  val_err=6.90%  lr=1.00e-03  time=42.2s
12:48:56 | INFO | Epoch 195/200  loss=0.0020  train_err=0.00%  val_err=6.90%  lr=1.00e-03  time=42.2s
12:49:39 | INFO | Epoch 196/200  loss=0.0022  train_err=0.01%  val_err=7.04%  lr=1.00e-03  time=42.2s
12:50:21 | INFO | Epoch 197/200  loss=0.0022  train_err=0.01%  val_err=6.92%  lr=1.00e-03  time=42.2s
12:51:03 | INFO | Epoch 198/200  loss=0.0021  train_err=0.01%  val_err=7.00%  lr=1.00e-03  time=42.2s
12:51:46 | INFO | Epoch 199/200  loss=0.0021  train_err=0.01%  val_err=6.84%  lr=1.00e-03  time=42.2s
12:52:28 | INFO | Epoch 200/200  loss=0.0021  train_err=0.01%  val_err=6.90%  lr=1.00e-03  time=42.3s
12:52:28 | INFO | Training complete. Best val acc@1: 93.34%
12:52:28 | INFO | Artifacts saved to: runs/d32_gated
12:52:28 | INFO | To test the model, run: python scripts/test.py --checkpoint runs/d32_gated/best.pt --config runs/d32_gated/config.json
23:49:12 | INFO | Run: d32_gated
23:49:12 | INFO | Variant: gated
23:49:12 | INFO | Config: runs/d32_gated/config.json
23:49:13 | INFO | Device: cuda
23:49:25 | INFO | Data: train=45000  val=5000
23:49:25 | INFO | Model: gated depth=32  params=2,503,114
23:49:29 | INFO | NumExpr defaulting to 12 threads.
23:50:20 | INFO | Epoch   1/200  loss=2.2198  train_err=81.72%  val_err=78.84%  lr=2.01e-02  time=44.4s
23:51:02 | INFO | Epoch   2/200  loss=1.8591  train_err=66.94%  val_err=57.92%  lr=4.01e-02  time=42.1s
23:51:45 | INFO | Epoch   3/200  loss=1.3844  train_err=51.35%  val_err=48.56%  lr=6.00e-02  time=42.1s
23:52:27 | INFO | Epoch   4/200  loss=1.1454  train_err=41.38%  val_err=44.98%  lr=8.00e-02  time=42.1s
23:53:09 | INFO | Epoch   5/200  loss=0.9835  train_err=35.18%  val_err=37.24%  lr=1.00e-01  time=42.1s
23:53:52 | INFO | Epoch   6/200  loss=0.8638  train_err=30.48%  val_err=35.82%  lr=1.00e-01  time=42.1s
23:54:34 | INFO | Epoch   7/200  loss=0.7450  train_err=25.96%  val_err=25.22%  lr=1.00e-01  time=42.1s
23:55:16 | INFO | Epoch   8/200  loss=0.6622  train_err=23.00%  val_err=29.56%  lr=1.00e-01  time=42.2s
23:55:59 | INFO | Epoch   9/200  loss=0.6004  train_err=20.62%  val_err=27.90%  lr=1.00e-01  time=42.1s
23:56:41 | INFO | Epoch  10/200  loss=0.5534  train_err=19.14%  val_err=30.68%  lr=1.00e-01  time=42.1s
23:57:23 | INFO | Epoch  11/200  loss=0.5101  train_err=17.65%  val_err=22.18%  lr=1.00e-01  time=42.1s
23:58:06 | INFO | Epoch  12/200  loss=0.4718  train_err=16.07%  val_err=22.10%  lr=1.00e-01  time=42.1s
23:58:48 | INFO | Epoch  13/200  loss=0.4464  train_err=15.19%  val_err=18.92%  lr=1.00e-01  time=42.2s
23:59:30 | INFO | Epoch  14/200  loss=0.4244  train_err=14.51%  val_err=20.02%  lr=1.00e-01  time=42.2s
00:00:13 | INFO | Epoch  15/200  loss=0.3978  train_err=13.75%  val_err=16.82%  lr=1.00e-01  time=42.1s
00:00:55 | INFO | Epoch  16/200  loss=0.3794  train_err=13.13%  val_err=20.98%  lr=1.00e-01  time=42.1s
00:01:37 | INFO | Epoch  17/200  loss=0.3642  train_err=12.56%  val_err=18.84%  lr=1.00e-01  time=42.1s
00:02:20 | INFO | Epoch  18/200  loss=0.3498  train_err=12.19%  val_err=14.78%  lr=1.00e-01  time=42.1s
00:03:02 | INFO | Epoch  19/200  loss=0.3328  train_err=11.33%  val_err=19.84%  lr=1.00e-01  time=42.1s
00:03:44 | INFO | Epoch  20/200  loss=0.3205  train_err=11.22%  val_err=17.68%  lr=1.00e-01  time=42.1s
00:04:26 | INFO | Epoch  21/200  loss=0.3183  train_err=11.20%  val_err=19.44%  lr=1.00e-01  time=42.1s
00:05:09 | INFO | Epoch  22/200  loss=0.2950  train_err=10.20%  val_err=20.12%  lr=1.00e-01  time=42.1s
00:05:51 | INFO | Epoch  23/200  loss=0.2937  train_err=10.06%  val_err=14.52%  lr=1.00e-01  time=42.1s
00:06:33 | INFO | Epoch  24/200  loss=0.2911  train_err=9.98%  val_err=15.34%  lr=1.00e-01  time=42.1s
00:07:16 | INFO | Epoch  25/200  loss=0.2729  train_err=9.32%  val_err=18.84%  lr=1.00e-01  time=42.1s
00:07:58 | INFO | Epoch  26/200  loss=0.2681  train_err=9.21%  val_err=19.32%  lr=1.00e-01  time=42.1s
00:08:40 | INFO | Epoch  27/200  loss=0.2577  train_err=8.86%  val_err=14.62%  lr=1.00e-01  time=42.1s
00:09:22 | INFO | Epoch  28/200  loss=0.2493  train_err=8.71%  val_err=17.34%  lr=1.00e-01  time=42.1s
00:10:05 | INFO | Epoch  29/200  loss=0.2512  train_err=8.81%  val_err=16.18%  lr=1.00e-01  time=42.1s
00:10:47 | INFO | Epoch  30/200  loss=0.2374  train_err=8.20%  val_err=15.10%  lr=1.00e-01  time=42.1s
00:11:29 | INFO | Epoch  31/200  loss=0.2401  train_err=8.39%  val_err=13.76%  lr=1.00e-01  time=42.1s
00:12:11 | INFO | Epoch  32/200  loss=0.2309  train_err=7.92%  val_err=14.06%  lr=1.00e-01  time=42.1s
00:12:54 | INFO | Epoch  33/200  loss=0.2306  train_err=8.00%  val_err=16.24%  lr=1.00e-01  time=42.1s
00:13:36 | INFO | Epoch  34/200  loss=0.2211  train_err=7.82%  val_err=15.20%  lr=1.00e-01  time=42.1s
00:14:18 | INFO | Epoch  35/200  loss=0.2170  train_err=7.48%  val_err=17.74%  lr=1.00e-01  time=42.1s
00:15:00 | INFO | Epoch  36/200  loss=0.2111  train_err=7.29%  val_err=16.16%  lr=1.00e-01  time=42.1s
00:15:42 | INFO | Epoch  37/200  loss=0.2096  train_err=7.35%  val_err=18.06%  lr=1.00e-01  time=42.1s
00:16:25 | INFO | Epoch  38/200  loss=0.1991  train_err=6.79%  val_err=14.38%  lr=1.00e-01  time=42.1s
00:17:07 | INFO | Epoch  39/200  loss=0.2013  train_err=7.05%  val_err=15.46%  lr=1.00e-01  time=42.1s
00:17:49 | INFO | Epoch  40/200  loss=0.1972  train_err=6.97%  val_err=20.04%  lr=1.00e-01  time=42.1s
00:18:31 | INFO | Epoch  41/200  loss=0.2031  train_err=7.12%  val_err=13.48%  lr=1.00e-01  time=42.1s
00:19:14 | INFO | Epoch  42/200  loss=0.1967  train_err=6.99%  val_err=15.50%  lr=1.00e-01  time=42.1s
00:19:56 | INFO | Epoch  43/200  loss=0.1888  train_err=6.63%  val_err=19.80%  lr=1.00e-01  time=42.1s
00:20:39 | INFO | Epoch  44/200  loss=0.1871  train_err=6.50%  val_err=17.34%  lr=1.00e-01  time=42.2s
00:21:21 | INFO | Epoch  45/200  loss=0.1990  train_err=6.95%  val_err=17.68%  lr=1.00e-01  time=42.2s
00:22:03 | INFO | Epoch  46/200  loss=0.1777  train_err=6.21%  val_err=16.62%  lr=1.00e-01  time=42.2s
00:22:46 | INFO | Epoch  47/200  loss=0.1774  train_err=6.14%  val_err=16.66%  lr=1.00e-01  time=42.1s
00:23:28 | INFO | Epoch  48/200  loss=0.1847  train_err=6.63%  val_err=19.00%  lr=1.00e-01  time=42.1s
00:24:10 | INFO | Epoch  49/200  loss=0.1749  train_err=6.12%  val_err=14.44%  lr=1.00e-01  time=42.1s
00:24:52 | INFO | Epoch  50/200  loss=0.1747  train_err=6.25%  val_err=14.82%  lr=1.00e-01  time=42.1s
00:25:35 | INFO | Epoch  51/200  loss=0.1749  train_err=6.07%  val_err=15.72%  lr=1.00e-01  time=42.1s
00:26:17 | INFO | Epoch  52/200  loss=0.1662  train_err=5.84%  val_err=13.54%  lr=1.00e-01  time=42.1s
00:26:59 | INFO | Epoch  53/200  loss=0.1712  train_err=6.05%  val_err=16.70%  lr=1.00e-01  time=42.1s
00:27:41 | INFO | Epoch  54/200  loss=0.1658  train_err=5.69%  val_err=20.04%  lr=1.00e-01  time=42.1s
00:28:24 | INFO | Epoch  55/200  loss=0.1751  train_err=6.23%  val_err=16.50%  lr=1.00e-01  time=42.1s
00:29:06 | INFO | Epoch  56/200  loss=0.1596  train_err=5.57%  val_err=12.68%  lr=1.00e-01  time=42.1s
00:29:48 | INFO | Epoch  57/200  loss=0.1595  train_err=5.57%  val_err=23.44%  lr=1.00e-01  time=42.1s
00:30:30 | INFO | Epoch  58/200  loss=0.1650  train_err=5.82%  val_err=17.14%  lr=1.00e-01  time=42.1s
00:31:13 | INFO | Epoch  59/200  loss=0.1581  train_err=5.53%  val_err=17.88%  lr=1.00e-01  time=42.1s
00:31:55 | INFO | Epoch  60/200  loss=0.1599  train_err=5.44%  val_err=17.36%  lr=1.00e-01  time=42.1s
00:32:37 | INFO | Epoch  61/200  loss=0.1616  train_err=5.66%  val_err=16.34%  lr=1.00e-01  time=42.1s
00:33:19 | INFO | Epoch  62/200  loss=0.1495  train_err=5.25%  val_err=15.86%  lr=1.00e-01  time=42.1s
00:34:02 | INFO | Epoch  63/200  loss=0.1559  train_err=5.48%  val_err=14.76%  lr=1.00e-01  time=42.1s
00:34:44 | INFO | Epoch  64/200  loss=0.1548  train_err=5.49%  val_err=16.30%  lr=1.00e-01  time=42.1s
00:35:26 | INFO | Epoch  65/200  loss=0.1538  train_err=5.38%  val_err=14.94%  lr=1.00e-01  time=42.1s
00:36:08 | INFO | Epoch  66/200  loss=0.1522  train_err=5.30%  val_err=17.86%  lr=1.00e-01  time=42.1s
00:36:50 | INFO | Epoch  67/200  loss=0.1451  train_err=5.12%  val_err=13.00%  lr=1.00e-01  time=42.1s
00:37:33 | INFO | Epoch  68/200  loss=0.1508  train_err=5.24%  val_err=16.02%  lr=1.00e-01  time=42.1s
00:38:15 | INFO | Epoch  69/200  loss=0.1519  train_err=5.45%  val_err=13.48%  lr=1.00e-01  time=42.1s
00:38:57 | INFO | Epoch  70/200  loss=0.1435  train_err=5.02%  val_err=14.02%  lr=1.00e-01  time=42.1s
00:39:39 | INFO | Epoch  71/200  loss=0.1508  train_err=5.45%  val_err=14.72%  lr=1.00e-01  time=42.1s
00:40:22 | INFO | Epoch  72/200  loss=0.1518  train_err=5.33%  val_err=21.70%  lr=1.00e-01  time=42.1s
00:41:04 | INFO | Epoch  73/200  loss=0.1391  train_err=4.89%  val_err=24.48%  lr=1.00e-01  time=42.1s
00:41:46 | INFO | Epoch  74/200  loss=0.1435  train_err=5.07%  val_err=14.96%  lr=1.00e-01  time=42.1s
00:42:28 | INFO | Epoch  75/200  loss=0.1461  train_err=5.08%  val_err=12.70%  lr=1.00e-01  time=42.1s
00:43:11 | INFO | Epoch  76/200  loss=0.1391  train_err=4.81%  val_err=11.38%  lr=1.00e-01  time=42.1s
00:43:53 | INFO | Epoch  77/200  loss=0.1403  train_err=4.98%  val_err=16.38%  lr=1.00e-01  time=42.1s
00:44:35 | INFO | Epoch  78/200  loss=0.1433  train_err=5.23%  val_err=14.04%  lr=1.00e-01  time=42.1s
00:45:17 | INFO | Epoch  79/200  loss=0.1376  train_err=4.81%  val_err=14.96%  lr=1.00e-01  time=42.1s
00:46:00 | INFO | Epoch  80/200  loss=0.1425  train_err=4.98%  val_err=18.28%  lr=1.00e-01  time=42.1s
00:46:42 | INFO | Epoch  81/200  loss=0.1354  train_err=4.72%  val_err=13.96%  lr=1.00e-01  time=42.1s
00:47:24 | INFO | Epoch  82/200  loss=0.1373  train_err=4.77%  val_err=12.32%  lr=1.00e-01  time=42.1s
00:48:06 | INFO | Epoch  83/200  loss=0.1404  train_err=4.96%  val_err=14.06%  lr=1.00e-01  time=42.1s
00:48:48 | INFO | Epoch  84/200  loss=0.1378  train_err=4.84%  val_err=15.40%  lr=1.00e-01  time=42.1s
00:49:31 | INFO | Epoch  85/200  loss=0.1402  train_err=4.91%  val_err=12.40%  lr=1.00e-01  time=42.1s
00:50:13 | INFO | Epoch  86/200  loss=0.1258  train_err=4.35%  val_err=24.80%  lr=1.00e-01  time=42.1s
00:50:55 | INFO | Epoch  87/200  loss=0.1377  train_err=4.83%  val_err=16.02%  lr=1.00e-01  time=42.1s
00:51:37 | INFO | Epoch  88/200  loss=0.1332  train_err=4.70%  val_err=12.24%  lr=1.00e-01  time=42.1s
00:52:20 | INFO | Epoch  89/200  loss=0.1339  train_err=4.66%  val_err=14.42%  lr=1.00e-01  time=42.1s
00:53:02 | INFO | Epoch  90/200  loss=0.1305  train_err=4.52%  val_err=14.34%  lr=1.00e-01  time=42.1s
00:53:44 | INFO | Epoch  91/200  loss=0.1349  train_err=4.69%  val_err=15.54%  lr=1.00e-01  time=42.1s
00:54:26 | INFO | Epoch  92/200  loss=0.1372  train_err=4.78%  val_err=17.66%  lr=1.00e-01  time=42.1s
00:55:09 | INFO | Epoch  93/200  loss=0.1317  train_err=4.63%  val_err=10.96%  lr=1.00e-01  time=42.1s
00:55:51 | INFO | Epoch  94/200  loss=0.1276  train_err=4.45%  val_err=11.06%  lr=1.00e-01  time=42.1s
00:56:33 | INFO | Epoch  95/200  loss=0.1327  train_err=4.61%  val_err=18.24%  lr=1.00e-01  time=42.1s
00:57:15 | INFO | Epoch  96/200  loss=0.1349  train_err=4.74%  val_err=19.76%  lr=1.00e-01  time=42.1s
00:57:58 | INFO | Epoch  97/200  loss=0.1252  train_err=4.43%  val_err=10.86%  lr=1.00e-01  time=42.1s
00:58:40 | INFO | Epoch  98/200  loss=0.1293  train_err=4.47%  val_err=14.86%  lr=1.00e-01  time=42.1s
00:59:22 | INFO | Epoch  99/200  loss=0.1283  train_err=4.46%  val_err=15.56%  lr=1.00e-01  time=42.1s
01:00:04 | INFO | Epoch 100/200  loss=0.1216  train_err=4.30%  val_err=16.08%  lr=1.00e-02  time=42.1s
01:00:47 | INFO | Epoch 101/200  loss=0.0487  train_err=1.45%  val_err=7.34%  lr=1.00e-02  time=42.1s
01:01:29 | INFO | Epoch 102/200  loss=0.0252  train_err=0.64%  val_err=6.92%  lr=1.00e-02  time=42.1s
01:02:11 | INFO | Epoch 103/200  loss=0.0192  train_err=0.42%  val_err=6.98%  lr=1.00e-02  time=42.1s
01:02:54 | INFO | Epoch 104/200  loss=0.0166  train_err=0.33%  val_err=6.78%  lr=1.00e-02  time=42.1s
01:03:36 | INFO | Epoch 105/200  loss=0.0146  train_err=0.28%  val_err=6.78%  lr=1.00e-02  time=42.2s
01:04:18 | INFO | Epoch 106/200  loss=0.0124  train_err=0.20%  val_err=6.66%  lr=1.00e-02  time=42.2s
01:05:01 | INFO | Epoch 107/200  loss=0.0121  train_err=0.25%  val_err=6.98%  lr=1.00e-02  time=42.2s
01:05:43 | INFO | Epoch 108/200  loss=0.0103  train_err=0.14%  val_err=6.96%  lr=1.00e-02  time=42.1s
01:06:25 | INFO | Epoch 109/200  loss=0.0093  train_err=0.13%  val_err=6.96%  lr=1.00e-02  time=42.1s
01:07:07 | INFO | Epoch 110/200  loss=0.0088  train_err=0.11%  val_err=6.80%  lr=1.00e-02  time=42.1s
01:07:50 | INFO | Epoch 111/200  loss=0.0083  train_err=0.11%  val_err=6.66%  lr=1.00e-02  time=42.1s
01:08:32 | INFO | Epoch 112/200  loss=0.0076  train_err=0.12%  val_err=6.72%  lr=1.00e-02  time=42.1s
01:09:14 | INFO | Epoch 113/200  loss=0.0070  train_err=0.07%  val_err=6.96%  lr=1.00e-02  time=42.1s
01:09:56 | INFO | Epoch 114/200  loss=0.0065  train_err=0.08%  val_err=6.84%  lr=1.00e-02  time=42.1s
01:10:39 | INFO | Epoch 115/200  loss=0.0067  train_err=0.08%  val_err=6.88%  lr=1.00e-02  time=42.1s
01:11:21 | INFO | Epoch 116/200  loss=0.0061  train_err=0.08%  val_err=7.00%  lr=1.00e-02  time=42.1s
01:12:03 | INFO | Epoch 117/200  loss=0.0058  train_err=0.06%  val_err=6.72%  lr=1.00e-02  time=42.1s
01:12:45 | INFO | Epoch 118/200  loss=0.0053  train_err=0.06%  val_err=6.92%  lr=1.00e-02  time=42.1s
01:13:27 | INFO | Epoch 119/200  loss=0.0054  train_err=0.06%  val_err=7.08%  lr=1.00e-02  time=42.1s
01:14:10 | INFO | Epoch 120/200  loss=0.0052  train_err=0.07%  val_err=6.96%  lr=1.00e-02  time=42.1s
01:14:52 | INFO | Epoch 121/200  loss=0.0050  train_err=0.06%  val_err=6.96%  lr=1.00e-02  time=42.1s
01:15:34 | INFO | Epoch 122/200  loss=0.0049  train_err=0.06%  val_err=6.94%  lr=1.00e-02  time=42.1s
01:16:16 | INFO | Epoch 123/200  loss=0.0046  train_err=0.04%  val_err=6.88%  lr=1.00e-02  time=42.1s
01:16:59 | INFO | Epoch 124/200  loss=0.0044  train_err=0.03%  val_err=6.94%  lr=1.00e-02  time=42.1s
01:17:41 | INFO | Epoch 125/200  loss=0.0043  train_err=0.04%  val_err=6.84%  lr=1.00e-02  time=42.1s
01:18:23 | INFO | Epoch 126/200  loss=0.0044  train_err=0.05%  val_err=6.98%  lr=1.00e-02  time=42.1s
01:19:05 | INFO | Epoch 127/200  loss=0.0043  train_err=0.04%  val_err=6.78%  lr=1.00e-02  time=42.1s
01:19:48 | INFO | Epoch 128/200  loss=0.0038  train_err=0.03%  val_err=6.84%  lr=1.00e-02  time=42.1s
01:20:30 | INFO | Epoch 129/200  loss=0.0037  train_err=0.03%  val_err=6.76%  lr=1.00e-02  time=42.1s
01:21:12 | INFO | Epoch 130/200  loss=0.0037  train_err=0.04%  val_err=6.68%  lr=1.00e-02  time=42.1s
01:21:54 | INFO | Epoch 131/200  loss=0.0036  train_err=0.03%  val_err=6.72%  lr=1.00e-02  time=42.1s
01:22:36 | INFO | Epoch 132/200  loss=0.0035  train_err=0.03%  val_err=6.90%  lr=1.00e-02  time=42.1s
01:23:19 | INFO | Epoch 133/200  loss=0.0035  train_err=0.02%  val_err=6.90%  lr=1.00e-02  time=42.1s
01:24:01 | INFO | Epoch 134/200  loss=0.0031  train_err=0.02%  val_err=6.92%  lr=1.00e-02  time=42.1s
01:24:43 | INFO | Epoch 135/200  loss=0.0035  train_err=0.03%  val_err=7.12%  lr=1.00e-02  time=42.1s
01:25:25 | INFO | Epoch 136/200  loss=0.0032  train_err=0.02%  val_err=6.86%  lr=1.00e-02  time=42.2s
01:26:08 | INFO | Epoch 137/200  loss=0.0032  train_err=0.02%  val_err=7.02%  lr=1.00e-02  time=42.2s
01:26:50 | INFO | Epoch 138/200  loss=0.0030  train_err=0.01%  val_err=6.76%  lr=1.00e-02  time=42.2s
01:27:32 | INFO | Epoch 139/200  loss=0.0029  train_err=0.02%  val_err=6.84%  lr=1.00e-02  time=42.1s
01:28:15 | INFO | Epoch 140/200  loss=0.0032  train_err=0.03%  val_err=6.84%  lr=1.00e-02  time=42.1s
01:28:57 | INFO | Epoch 141/200  loss=0.0031  train_err=0.03%  val_err=6.90%  lr=1.00e-02  time=42.1s
01:29:39 | INFO | Epoch 142/200  loss=0.0031  train_err=0.02%  val_err=6.96%  lr=1.00e-02  time=42.1s
01:30:21 | INFO | Epoch 143/200  loss=0.0029  train_err=0.02%  val_err=6.82%  lr=1.00e-02  time=42.1s
01:31:04 | INFO | Epoch 144/200  loss=0.0028  train_err=0.02%  val_err=6.86%  lr=1.00e-02  time=42.1s
01:31:46 | INFO | Epoch 145/200  loss=0.0026  train_err=0.01%  val_err=6.94%  lr=1.00e-02  time=42.1s
01:32:28 | INFO | Epoch 146/200  loss=0.0026  train_err=0.01%  val_err=6.96%  lr=1.00e-02  time=42.1s
01:33:10 | INFO | Epoch 147/200  loss=0.0025  train_err=0.00%  val_err=6.90%  lr=1.00e-02  time=42.1s
01:33:52 | INFO | Epoch 148/200  loss=0.0027  train_err=0.02%  val_err=6.72%  lr=1.00e-02  time=42.1s
01:34:35 | INFO | Epoch 149/200  loss=0.0027  train_err=0.02%  val_err=7.02%  lr=1.00e-02  time=42.1s
01:35:17 | INFO | Epoch 150/200  loss=0.0026  train_err=0.01%  val_err=7.04%  lr=1.00e-03  time=42.1s
01:35:59 | INFO | Epoch 151/200  loss=0.0024  train_err=0.01%  val_err=7.06%  lr=1.00e-03  time=42.1s
01:36:41 | INFO | Epoch 152/200  loss=0.0028  train_err=0.02%  val_err=6.86%  lr=1.00e-03  time=42.1s
01:37:24 | INFO | Epoch 153/200  loss=0.0024  train_err=0.01%  val_err=6.98%  lr=1.00e-03  time=42.1s
01:38:06 | INFO | Epoch 154/200  loss=0.0026  train_err=0.02%  val_err=6.96%  lr=1.00e-03  time=42.1s
01:38:48 | INFO | Epoch 155/200  loss=0.0024  train_err=0.01%  val_err=6.98%  lr=1.00e-03  time=42.1s
01:39:30 | INFO | Epoch 156/200  loss=0.0025  train_err=0.01%  val_err=7.04%  lr=1.00e-03  time=42.1s
01:40:12 | INFO | Epoch 157/200  loss=0.0024  train_err=0.00%  val_err=6.84%  lr=1.00e-03  time=42.1s
01:40:55 | INFO | Epoch 158/200  loss=0.0025  train_err=0.02%  val_err=7.00%  lr=1.00e-03  time=42.1s
01:41:37 | INFO | Epoch 159/200  loss=0.0024  train_err=0.01%  val_err=6.94%  lr=1.00e-03  time=42.1s
01:42:19 | INFO | Epoch 160/200  loss=0.0025  train_err=0.01%  val_err=7.14%  lr=1.00e-03  time=42.1s
01:43:01 | INFO | Epoch 161/200  loss=0.0023  train_err=0.01%  val_err=7.00%  lr=1.00e-03  time=42.1s
01:43:43 | INFO | Epoch 162/200  loss=0.0023  train_err=0.00%  val_err=6.98%  lr=1.00e-03  time=42.1s
01:44:26 | INFO | Epoch 163/200  loss=0.0024  train_err=0.02%  val_err=6.92%  lr=1.00e-03  time=42.1s
01:45:08 | INFO | Epoch 164/200  loss=0.0022  train_err=0.01%  val_err=6.82%  lr=1.00e-03  time=42.1s
01:45:50 | INFO | Epoch 165/200  loss=0.0024  train_err=0.02%  val_err=7.04%  lr=1.00e-03  time=42.1s
01:46:32 | INFO | Epoch 166/200  loss=0.0023  train_err=0.01%  val_err=6.98%  lr=1.00e-03  time=42.1s
01:47:15 | INFO | Epoch 167/200  loss=0.0023  train_err=0.00%  val_err=6.98%  lr=1.00e-03  time=42.1s
01:47:57 | INFO | Epoch 168/200  loss=0.0022  train_err=0.01%  val_err=6.82%  lr=1.00e-03  time=42.1s
01:48:39 | INFO | Epoch 169/200  loss=0.0023  train_err=0.01%  val_err=6.86%  lr=1.00e-03  time=42.1s
01:49:21 | INFO | Epoch 170/200  loss=0.0021  train_err=0.00%  val_err=6.94%  lr=1.00e-03  time=42.1s
01:50:04 | INFO | Epoch 171/200  loss=0.0023  train_err=0.02%  val_err=6.88%  lr=1.00e-03  time=42.1s
01:50:46 | INFO | Epoch 172/200  loss=0.0022  train_err=0.01%  val_err=6.82%  lr=1.00e-03  time=42.1s
01:51:28 | INFO | Epoch 173/200  loss=0.0023  train_err=0.01%  val_err=6.86%  lr=1.00e-03  time=42.1s
01:52:10 | INFO | Epoch 174/200  loss=0.0023  train_err=0.01%  val_err=6.86%  lr=1.00e-03  time=42.1s
01:52:53 | INFO | Epoch 175/200  loss=0.0023  train_err=0.01%  val_err=7.06%  lr=1.00e-03  time=42.1s
01:53:35 | INFO | Epoch 176/200  loss=0.0024  train_err=0.01%  val_err=6.84%  lr=1.00e-03  time=42.1s
01:54:17 | INFO | Epoch 177/200  loss=0.0022  train_err=0.01%  val_err=7.04%  lr=1.00e-03  time=42.1s
01:54:59 | INFO | Epoch 178/200  loss=0.0023  train_err=0.00%  val_err=6.80%  lr=1.00e-03  time=42.1s
01:55:42 | INFO | Epoch 179/200  loss=0.0023  train_err=0.01%  val_err=6.98%  lr=1.00e-03  time=42.1s
01:56:24 | INFO | Epoch 180/200  loss=0.0022  train_err=0.00%  val_err=6.92%  lr=1.00e-03  time=42.1s
01:57:06 | INFO | Epoch 181/200  loss=0.0022  train_err=0.01%  val_err=6.98%  lr=1.00e-03  time=42.1s
01:57:48 | INFO | Epoch 182/200  loss=0.0021  train_err=0.01%  val_err=6.88%  lr=1.00e-03  time=42.1s
01:58:31 | INFO | Epoch 183/200  loss=0.0021  train_err=0.01%  val_err=6.86%  lr=1.00e-03  time=42.1s
01:59:13 | INFO | Epoch 184/200  loss=0.0023  train_err=0.01%  val_err=6.88%  lr=1.00e-03  time=42.1s
01:59:55 | INFO | Epoch 185/200  loss=0.0022  train_err=0.01%  val_err=7.04%  lr=1.00e-03  time=42.1s
02:00:37 | INFO | Epoch 186/200  loss=0.0022  train_err=0.01%  val_err=7.02%  lr=1.00e-03  time=42.1s
02:01:20 | INFO | Epoch 187/200  loss=0.0021  train_err=0.00%  val_err=6.84%  lr=1.00e-03  time=42.1s
02:02:02 | INFO | Epoch 188/200  loss=0.0023  train_err=0.01%  val_err=6.92%  lr=1.00e-03  time=42.1s
02:02:44 | INFO | Epoch 189/200  loss=0.0022  train_err=0.01%  val_err=6.86%  lr=1.00e-03  time=42.1s
02:03:27 | INFO | Epoch 190/200  loss=0.0022  train_err=0.01%  val_err=6.88%  lr=1.00e-03  time=42.1s
02:04:09 | INFO | Epoch 191/200  loss=0.0023  train_err=0.02%  val_err=7.00%  lr=1.00e-03  time=42.1s
02:04:51 | INFO | Epoch 192/200  loss=0.0022  train_err=0.01%  val_err=7.00%  lr=1.00e-03  time=42.1s
02:05:33 | INFO | Epoch 193/200  loss=0.0024  train_err=0.02%  val_err=6.96%  lr=1.00e-03  time=42.1s
02:06:15 | INFO | Epoch 194/200  loss=0.0021  train_err=0.01%  val_err=6.90%  lr=1.00e-03  time=42.1s
02:06:58 | INFO | Epoch 195/200  loss=0.0020  train_err=0.00%  val_err=6.90%  lr=1.00e-03  time=42.1s
02:07:40 | INFO | Epoch 196/200  loss=0.0022  train_err=0.01%  val_err=7.04%  lr=1.00e-03  time=42.1s
02:08:22 | INFO | Epoch 197/200  loss=0.0022  train_err=0.01%  val_err=6.92%  lr=1.00e-03  time=42.1s
02:09:04 | INFO | Epoch 198/200  loss=0.0021  train_err=0.01%  val_err=7.00%  lr=1.00e-03  time=42.1s
02:09:47 | INFO | Epoch 199/200  loss=0.0021  train_err=0.01%  val_err=6.84%  lr=1.00e-03  time=42.1s
02:10:29 | INFO | Epoch 200/200  loss=0.0021  train_err=0.01%  val_err=6.90%  lr=1.00e-03  time=42.1s
02:10:29 | INFO | Training complete. Best val acc@1: 93.34%
02:10:29 | INFO | Artifacts saved to: runs/d32_gated
02:10:29 | INFO | To test the model, run: python scripts/test.py --checkpoint runs/d32_gated/best.pt --config runs/d32_gated/config.json
