01:03:15 | INFO | Run: d4_no_residual
01:03:15 | INFO | Variant: no_residual
01:03:15 | INFO | Config: runs/d4_no_residual/config.json
01:03:15 | INFO | Device: cuda
01:03:16 | INFO | Data: train=45000  val=5000
01:03:16 | INFO | Model: no_residual depth=4  params=298,442
01:03:19 | INFO | NumExpr defaulting to 12 threads.
01:03:27 | INFO | Epoch   1/200  loss=2.3027  train_err=89.10%  val_err=86.52%  lr=2.01e-02  time=5.8s
01:03:32 | INFO | Epoch   2/200  loss=1.7399  train_err=66.60%  val_err=61.90%  lr=4.01e-02  time=5.3s
01:03:38 | INFO | Epoch   3/200  loss=1.3454  train_err=49.90%  val_err=47.38%  lr=6.00e-02  time=5.6s
01:03:43 | INFO | Epoch   4/200  loss=1.1105  train_err=40.26%  val_err=42.24%  lr=8.00e-02  time=5.4s
01:03:49 | INFO | Epoch   5/200  loss=0.9776  train_err=35.05%  val_err=39.12%  lr=1.00e-01  time=5.4s
01:03:54 | INFO | Epoch   6/200  loss=0.8776  train_err=31.23%  val_err=37.80%  lr=1.00e-01  time=5.5s
01:04:00 | INFO | Epoch   7/200  loss=0.7918  train_err=27.64%  val_err=34.08%  lr=1.00e-01  time=5.3s
01:04:05 | INFO | Epoch   8/200  loss=0.7221  train_err=25.32%  val_err=27.96%  lr=1.00e-01  time=5.5s
01:04:11 | INFO | Epoch   9/200  loss=0.6635  train_err=23.21%  val_err=28.84%  lr=1.00e-01  time=5.4s
01:04:16 | INFO | Epoch  10/200  loss=0.6250  train_err=21.45%  val_err=26.38%  lr=1.00e-01  time=5.5s
01:04:21 | INFO | Epoch  11/200  loss=0.5848  train_err=20.33%  val_err=27.96%  lr=1.00e-01  time=5.3s
01:04:27 | INFO | Epoch  12/200  loss=0.5552  train_err=19.26%  val_err=25.12%  lr=1.00e-01  time=5.4s
01:04:32 | INFO | Epoch  13/200  loss=0.5334  train_err=18.49%  val_err=25.38%  lr=1.00e-01  time=5.6s
01:04:38 | INFO | Epoch  14/200  loss=0.5015  train_err=17.31%  val_err=21.60%  lr=1.00e-01  time=5.4s
01:04:44 | INFO | Epoch  15/200  loss=0.4866  train_err=16.72%  val_err=20.70%  lr=1.00e-01  time=5.6s
01:04:49 | INFO | Epoch  16/200  loss=0.4722  train_err=16.43%  val_err=23.94%  lr=1.00e-01  time=5.4s
01:04:55 | INFO | Epoch  17/200  loss=0.4539  train_err=15.64%  val_err=21.70%  lr=1.00e-01  time=5.6s
01:05:00 | INFO | Epoch  18/200  loss=0.4423  train_err=15.27%  val_err=19.22%  lr=1.00e-01  time=5.4s
01:05:05 | INFO | Epoch  19/200  loss=0.4306  train_err=14.79%  val_err=23.82%  lr=1.00e-01  time=5.4s
01:05:11 | INFO | Epoch  20/200  loss=0.4237  train_err=14.67%  val_err=18.86%  lr=1.00e-01  time=5.6s
01:05:17 | INFO | Epoch  21/200  loss=0.4070  train_err=14.14%  val_err=21.14%  lr=1.00e-01  time=5.4s
01:05:22 | INFO | Epoch  22/200  loss=0.4032  train_err=13.92%  val_err=22.80%  lr=1.00e-01  time=5.6s
01:05:28 | INFO | Epoch  23/200  loss=0.3913  train_err=13.47%  val_err=26.58%  lr=1.00e-01  time=5.4s
01:05:33 | INFO | Epoch  24/200  loss=0.3848  train_err=13.19%  val_err=23.98%  lr=1.00e-01  time=5.5s
01:05:38 | INFO | Epoch  25/200  loss=0.3781  train_err=13.19%  val_err=16.62%  lr=1.00e-01  time=5.3s
01:05:44 | INFO | Epoch  26/200  loss=0.3716  train_err=13.01%  val_err=17.68%  lr=1.00e-01  time=5.3s
01:05:49 | INFO | Epoch  27/200  loss=0.3585  train_err=12.40%  val_err=21.72%  lr=1.00e-01  time=5.6s
01:05:55 | INFO | Epoch  28/200  loss=0.3611  train_err=12.61%  val_err=21.96%  lr=1.00e-01  time=5.3s
01:06:00 | INFO | Epoch  29/200  loss=0.3462  train_err=12.02%  val_err=21.32%  lr=1.00e-01  time=5.6s
01:06:06 | INFO | Epoch  30/200  loss=0.3498  train_err=12.23%  val_err=21.86%  lr=1.00e-01  time=5.4s
01:06:11 | INFO | Epoch  31/200  loss=0.3322  train_err=11.44%  val_err=21.16%  lr=1.00e-01  time=5.4s
01:06:17 | INFO | Epoch  32/200  loss=0.3420  train_err=11.87%  val_err=18.80%  lr=1.00e-01  time=5.4s
01:06:22 | INFO | Epoch  33/200  loss=0.3252  train_err=11.44%  val_err=19.86%  lr=1.00e-01  time=5.3s
01:06:27 | INFO | Epoch  34/200  loss=0.3239  train_err=11.25%  val_err=17.66%  lr=1.00e-01  time=5.5s
01:06:33 | INFO | Epoch  35/200  loss=0.3238  train_err=11.29%  val_err=20.60%  lr=1.00e-01  time=5.4s
01:06:38 | INFO | Epoch  36/200  loss=0.3136  train_err=10.89%  val_err=17.80%  lr=1.00e-01  time=5.5s
01:06:44 | INFO | Epoch  37/200  loss=0.3144  train_err=11.00%  val_err=19.80%  lr=1.00e-01  time=5.3s
01:06:49 | INFO | Epoch  38/200  loss=0.3034  train_err=10.78%  val_err=26.48%  lr=1.00e-01  time=5.4s
01:06:55 | INFO | Epoch  39/200  loss=0.3104  train_err=10.81%  val_err=26.18%  lr=1.00e-01  time=5.5s
01:07:00 | INFO | Epoch  40/200  loss=0.3039  train_err=10.66%  val_err=18.06%  lr=1.00e-01  time=5.5s
01:07:06 | INFO | Epoch  41/200  loss=0.2915  train_err=10.23%  val_err=19.12%  lr=1.00e-01  time=5.6s
01:07:11 | INFO | Epoch  42/200  loss=0.2950  train_err=10.35%  val_err=20.94%  lr=1.00e-01  time=5.3s
01:07:17 | INFO | Epoch  43/200  loss=0.2901  train_err=10.08%  val_err=20.80%  lr=1.00e-01  time=5.6s
01:07:22 | INFO | Epoch  44/200  loss=0.2894  train_err=10.02%  val_err=20.90%  lr=1.00e-01  time=5.3s
01:07:27 | INFO | Epoch  45/200  loss=0.2878  train_err=10.15%  val_err=17.30%  lr=1.00e-01  time=5.5s
01:07:33 | INFO | Epoch  46/200  loss=0.2780  train_err=9.67%  val_err=20.22%  lr=1.00e-01  time=5.5s
01:07:38 | INFO | Epoch  47/200  loss=0.2839  train_err=10.00%  val_err=19.42%  lr=1.00e-01  time=5.4s
01:07:44 | INFO | Epoch  48/200  loss=0.2843  train_err=9.93%  val_err=23.10%  lr=1.00e-01  time=5.6s
01:07:50 | INFO | Epoch  49/200  loss=0.2842  train_err=9.93%  val_err=18.92%  lr=1.00e-01  time=5.5s
01:07:55 | INFO | Epoch  50/200  loss=0.2759  train_err=9.65%  val_err=18.46%  lr=1.00e-01  time=5.6s
01:08:01 | INFO | Epoch  51/200  loss=0.2681  train_err=9.30%  val_err=16.36%  lr=1.00e-01  time=5.4s
01:08:06 | INFO | Epoch  52/200  loss=0.2679  train_err=9.43%  val_err=22.44%  lr=1.00e-01  time=5.5s
01:08:12 | INFO | Epoch  53/200  loss=0.2728  train_err=9.69%  val_err=20.06%  lr=1.00e-01  time=5.5s
01:08:17 | INFO | Epoch  54/200  loss=0.2639  train_err=9.20%  val_err=17.90%  lr=1.00e-01  time=5.2s
01:08:22 | INFO | Epoch  55/200  loss=0.2692  train_err=9.26%  val_err=19.42%  lr=1.00e-01  time=5.5s
01:08:28 | INFO | Epoch  56/200  loss=0.2630  train_err=9.14%  val_err=20.04%  lr=1.00e-01  time=5.5s
01:08:34 | INFO | Epoch  57/200  loss=0.2625  train_err=9.15%  val_err=19.82%  lr=1.00e-01  time=5.5s
01:08:39 | INFO | Epoch  58/200  loss=0.2551  train_err=8.95%  val_err=17.24%  lr=1.00e-01  time=5.4s
01:08:44 | INFO | Epoch  59/200  loss=0.2628  train_err=9.22%  val_err=16.26%  lr=1.00e-01  time=5.3s
01:08:50 | INFO | Epoch  60/200  loss=0.2619  train_err=9.01%  val_err=25.34%  lr=1.00e-01  time=5.5s
01:08:55 | INFO | Epoch  61/200  loss=0.2604  train_err=9.03%  val_err=15.20%  lr=1.00e-01  time=5.4s
01:09:01 | INFO | Epoch  62/200  loss=0.2539  train_err=8.85%  val_err=23.64%  lr=1.00e-01  time=5.6s
01:09:06 | INFO | Epoch  63/200  loss=0.2554  train_err=8.88%  val_err=16.38%  lr=1.00e-01  time=5.3s
01:09:12 | INFO | Epoch  64/200  loss=0.2530  train_err=8.74%  val_err=18.04%  lr=1.00e-01  time=5.5s
01:09:17 | INFO | Epoch  65/200  loss=0.2552  train_err=8.79%  val_err=18.86%  lr=1.00e-01  time=5.3s
01:09:22 | INFO | Epoch  66/200  loss=0.2478  train_err=8.55%  val_err=19.74%  lr=1.00e-01  time=5.3s
01:09:28 | INFO | Epoch  67/200  loss=0.2526  train_err=8.84%  val_err=18.18%  lr=1.00e-01  time=5.6s
01:09:33 | INFO | Epoch  68/200  loss=0.2429  train_err=8.43%  val_err=17.40%  lr=1.00e-01  time=5.3s
01:09:39 | INFO | Epoch  69/200  loss=0.2470  train_err=8.44%  val_err=17.80%  lr=1.00e-01  time=5.5s
01:09:44 | INFO | Epoch  70/200  loss=0.2409  train_err=8.42%  val_err=19.44%  lr=1.00e-01  time=5.4s
01:09:50 | INFO | Epoch  71/200  loss=0.2452  train_err=8.58%  val_err=22.30%  lr=1.00e-01  time=5.5s
01:09:55 | INFO | Epoch  72/200  loss=0.2438  train_err=8.47%  val_err=22.54%  lr=1.00e-01  time=5.4s
01:10:01 | INFO | Epoch  73/200  loss=0.2361  train_err=8.17%  val_err=17.10%  lr=1.00e-01  time=5.4s
01:10:06 | INFO | Epoch  74/200  loss=0.2479  train_err=8.71%  val_err=19.02%  lr=1.00e-01  time=5.5s
01:10:12 | INFO | Epoch  75/200  loss=0.2395  train_err=8.46%  val_err=18.98%  lr=1.00e-01  time=5.3s
01:10:17 | INFO | Epoch  76/200  loss=0.2333  train_err=7.92%  val_err=18.38%  lr=1.00e-01  time=5.6s
01:10:23 | INFO | Epoch  77/200  loss=0.2390  train_err=8.27%  val_err=17.00%  lr=1.00e-01  time=5.4s
01:10:28 | INFO | Epoch  78/200  loss=0.2336  train_err=8.37%  val_err=17.62%  lr=1.00e-01  time=5.5s
01:10:34 | INFO | Epoch  79/200  loss=0.2261  train_err=7.82%  val_err=20.10%  lr=1.00e-01  time=5.3s
01:10:39 | INFO | Epoch  80/200  loss=0.2452  train_err=8.61%  val_err=16.92%  lr=1.00e-01  time=5.4s
01:10:45 | INFO | Epoch  81/200  loss=0.2329  train_err=8.21%  val_err=16.84%  lr=1.00e-01  time=5.6s
01:10:50 | INFO | Epoch  82/200  loss=0.2371  train_err=8.34%  val_err=20.06%  lr=1.00e-01  time=5.3s
01:10:55 | INFO | Epoch  83/200  loss=0.2314  train_err=8.08%  val_err=20.70%  lr=1.00e-01  time=5.5s
01:11:01 | INFO | Epoch  84/200  loss=0.2269  train_err=7.98%  val_err=17.22%  lr=1.00e-01  time=5.4s
01:11:06 | INFO | Epoch  85/200  loss=0.2367  train_err=8.30%  val_err=19.28%  lr=1.00e-01  time=5.4s
01:11:12 | INFO | Epoch  86/200  loss=0.2288  train_err=8.07%  val_err=16.34%  lr=1.00e-01  time=5.4s
01:11:17 | INFO | Epoch  87/200  loss=0.2291  train_err=8.08%  val_err=17.68%  lr=1.00e-01  time=5.4s
01:11:23 | INFO | Epoch  88/200  loss=0.2336  train_err=8.18%  val_err=15.34%  lr=1.00e-01  time=5.6s
01:11:28 | INFO | Epoch  89/200  loss=0.2280  train_err=8.03%  val_err=16.32%  lr=1.00e-01  time=5.4s
01:11:34 | INFO | Epoch  90/200  loss=0.2268  train_err=7.94%  val_err=19.88%  lr=1.00e-01  time=5.5s
01:11:39 | INFO | Epoch  91/200  loss=0.2257  train_err=8.07%  val_err=18.44%  lr=1.00e-01  time=5.3s
01:11:44 | INFO | Epoch  92/200  loss=0.2245  train_err=7.78%  val_err=19.38%  lr=1.00e-01  time=5.4s
01:11:50 | INFO | Epoch  93/200  loss=0.2312  train_err=8.02%  val_err=23.36%  lr=1.00e-01  time=5.4s
01:11:55 | INFO | Epoch  94/200  loss=0.2244  train_err=7.87%  val_err=17.10%  lr=1.00e-01  time=5.4s
01:12:01 | INFO | Epoch  95/200  loss=0.2179  train_err=7.61%  val_err=23.00%  lr=1.00e-01  time=5.5s
01:12:06 | INFO | Epoch  96/200  loss=0.2234  train_err=7.87%  val_err=20.30%  lr=1.00e-01  time=5.5s
01:12:12 | INFO | Epoch  97/200  loss=0.2316  train_err=8.09%  val_err=24.44%  lr=1.00e-01  time=5.6s
01:12:17 | INFO | Epoch  98/200  loss=0.2192  train_err=7.75%  val_err=14.88%  lr=1.00e-01  time=5.3s
01:12:23 | INFO | Epoch  99/200  loss=0.2267  train_err=8.05%  val_err=23.58%  lr=1.00e-01  time=5.4s
01:12:28 | INFO | Epoch 100/200  loss=0.2213  train_err=7.75%  val_err=22.22%  lr=1.00e-02  time=5.5s
01:12:34 | INFO | Epoch 101/200  loss=0.1210  train_err=3.91%  val_err=10.20%  lr=1.00e-02  time=5.4s
01:12:39 | INFO | Epoch 102/200  loss=0.0860  train_err=2.57%  val_err=10.00%  lr=1.00e-02  time=5.5s
01:12:45 | INFO | Epoch 103/200  loss=0.0756  train_err=2.23%  val_err=10.22%  lr=1.00e-02  time=5.3s
01:12:50 | INFO | Epoch 104/200  loss=0.0693  train_err=2.03%  val_err=10.14%  lr=1.00e-02  time=5.6s
01:12:56 | INFO | Epoch 105/200  loss=0.0629  train_err=1.72%  val_err=9.76%  lr=1.00e-02  time=5.4s
01:13:01 | INFO | Epoch 106/200  loss=0.0578  train_err=1.56%  val_err=9.74%  lr=1.00e-02  time=5.5s
01:13:07 | INFO | Epoch 107/200  loss=0.0550  train_err=1.51%  val_err=10.02%  lr=1.00e-02  time=5.5s
01:13:13 | INFO | Epoch 108/200  loss=0.0496  train_err=1.27%  val_err=9.66%  lr=1.00e-02  time=5.7s
01:13:18 | INFO | Epoch 109/200  loss=0.0487  train_err=1.21%  val_err=9.96%  lr=1.00e-02  time=5.4s
01:13:23 | INFO | Epoch 110/200  loss=0.0465  train_err=1.19%  val_err=9.80%  lr=1.00e-02  time=5.3s
01:13:29 | INFO | Epoch 111/200  loss=0.0435  train_err=1.07%  val_err=9.82%  lr=1.00e-02  time=5.5s
01:13:34 | INFO | Epoch 112/200  loss=0.0424  train_err=1.08%  val_err=9.82%  lr=1.00e-02  time=5.4s
01:13:40 | INFO | Epoch 113/200  loss=0.0416  train_err=1.04%  val_err=9.86%  lr=1.00e-02  time=5.3s
01:13:45 | INFO | Epoch 114/200  loss=0.0398  train_err=1.04%  val_err=9.82%  lr=1.00e-02  time=5.5s
01:13:51 | INFO | Epoch 115/200  loss=0.0360  train_err=0.81%  val_err=9.94%  lr=1.00e-02  time=5.3s
01:13:56 | INFO | Epoch 116/200  loss=0.0365  train_err=0.89%  val_err=9.82%  lr=1.00e-02  time=5.7s
01:14:02 | INFO | Epoch 117/200  loss=0.0348  train_err=0.82%  val_err=10.02%  lr=1.00e-02  time=5.3s
01:14:07 | INFO | Epoch 118/200  loss=0.0329  train_err=0.75%  val_err=9.56%  lr=1.00e-02  time=5.5s
01:14:13 | INFO | Epoch 119/200  loss=0.0306  train_err=0.70%  val_err=9.90%  lr=1.00e-02  time=5.4s
01:14:18 | INFO | Epoch 120/200  loss=0.0302  train_err=0.69%  val_err=9.92%  lr=1.00e-02  time=5.4s
01:14:23 | INFO | Epoch 121/200  loss=0.0294  train_err=0.63%  val_err=10.28%  lr=1.00e-02  time=5.4s
01:14:29 | INFO | Epoch 122/200  loss=0.0281  train_err=0.56%  val_err=9.98%  lr=1.00e-02  time=5.3s
01:14:34 | INFO | Epoch 123/200  loss=0.0273  train_err=0.55%  val_err=9.94%  lr=1.00e-02  time=5.5s
01:14:40 | INFO | Epoch 124/200  loss=0.0276  train_err=0.61%  val_err=10.04%  lr=1.00e-02  time=5.3s
01:14:45 | INFO | Epoch 125/200  loss=0.0253  train_err=0.54%  val_err=9.94%  lr=1.00e-02  time=5.6s
01:14:51 | INFO | Epoch 126/200  loss=0.0258  train_err=0.55%  val_err=9.82%  lr=1.00e-02  time=5.4s
01:14:56 | INFO | Epoch 127/200  loss=0.0245  train_err=0.47%  val_err=9.84%  lr=1.00e-02  time=5.4s
01:15:02 | INFO | Epoch 128/200  loss=0.0230  train_err=0.46%  val_err=10.06%  lr=1.00e-02  time=5.5s
01:15:07 | INFO | Epoch 129/200  loss=0.0239  train_err=0.47%  val_err=10.10%  lr=1.00e-02  time=5.3s
01:15:13 | INFO | Epoch 130/200  loss=0.0224  train_err=0.41%  val_err=10.02%  lr=1.00e-02  time=5.6s
01:15:18 | INFO | Epoch 131/200  loss=0.0225  train_err=0.47%  val_err=9.96%  lr=1.00e-02  time=5.3s
01:15:23 | INFO | Epoch 132/200  loss=0.0219  train_err=0.39%  val_err=9.98%  lr=1.00e-02  time=5.5s
01:15:29 | INFO | Epoch 133/200  loss=0.0207  train_err=0.35%  val_err=9.92%  lr=1.00e-02  time=5.5s
01:15:34 | INFO | Epoch 134/200  loss=0.0206  train_err=0.36%  val_err=10.02%  lr=1.00e-02  time=5.4s
01:15:40 | INFO | Epoch 135/200  loss=0.0211  train_err=0.39%  val_err=10.06%  lr=1.00e-02  time=5.5s
01:15:45 | INFO | Epoch 136/200  loss=0.0199  train_err=0.33%  val_err=10.12%  lr=1.00e-02  time=5.4s
01:15:51 | INFO | Epoch 137/200  loss=0.0190  train_err=0.35%  val_err=10.08%  lr=1.00e-02  time=5.5s
01:15:56 | INFO | Epoch 138/200  loss=0.0191  train_err=0.34%  val_err=10.08%  lr=1.00e-02  time=5.4s
01:16:02 | INFO | Epoch 139/200  loss=0.0183  train_err=0.33%  val_err=10.24%  lr=1.00e-02  time=5.5s
01:16:07 | INFO | Epoch 140/200  loss=0.0176  train_err=0.28%  val_err=10.12%  lr=1.00e-02  time=5.4s
01:16:13 | INFO | Epoch 141/200  loss=0.0185  train_err=0.31%  val_err=10.08%  lr=1.00e-02  time=5.4s
01:16:18 | INFO | Epoch 142/200  loss=0.0186  train_err=0.33%  val_err=10.46%  lr=1.00e-02  time=5.4s
01:16:23 | INFO | Epoch 143/200  loss=0.0177  train_err=0.32%  val_err=10.46%  lr=1.00e-02  time=5.3s
01:16:29 | INFO | Epoch 144/200  loss=0.0175  train_err=0.31%  val_err=10.18%  lr=1.00e-02  time=5.6s
01:16:34 | INFO | Epoch 145/200  loss=0.0174  train_err=0.29%  val_err=10.24%  lr=1.00e-02  time=5.4s
01:16:40 | INFO | Epoch 146/200  loss=0.0170  train_err=0.29%  val_err=10.18%  lr=1.00e-02  time=5.5s
01:16:45 | INFO | Epoch 147/200  loss=0.0164  train_err=0.27%  val_err=10.08%  lr=1.00e-02  time=5.4s
01:16:51 | INFO | Epoch 148/200  loss=0.0155  train_err=0.26%  val_err=9.84%  lr=1.00e-02  time=5.3s
01:16:56 | INFO | Epoch 149/200  loss=0.0158  train_err=0.25%  val_err=10.14%  lr=1.00e-02  time=5.5s
01:17:01 | INFO | Epoch 150/200  loss=0.0152  train_err=0.24%  val_err=10.20%  lr=1.00e-03  time=5.3s
01:17:07 | INFO | Epoch 151/200  loss=0.0134  train_err=0.20%  val_err=10.28%  lr=1.00e-03  time=5.5s
01:17:13 | INFO | Epoch 152/200  loss=0.0134  train_err=0.19%  val_err=10.18%  lr=1.00e-03  time=5.5s
01:17:18 | INFO | Epoch 153/200  loss=0.0127  train_err=0.17%  val_err=9.98%  lr=1.00e-03  time=5.5s
01:17:24 | INFO | Epoch 154/200  loss=0.0122  train_err=0.14%  val_err=10.18%  lr=1.00e-03  time=5.5s
01:17:29 | INFO | Epoch 155/200  loss=0.0126  train_err=0.19%  val_err=9.86%  lr=1.00e-03  time=5.5s
01:17:35 | INFO | Epoch 156/200  loss=0.0123  train_err=0.14%  val_err=9.76%  lr=1.00e-03  time=5.5s
01:17:40 | INFO | Epoch 157/200  loss=0.0123  train_err=0.15%  val_err=9.82%  lr=1.00e-03  time=5.3s
01:17:46 | INFO | Epoch 158/200  loss=0.0123  train_err=0.13%  val_err=9.84%  lr=1.00e-03  time=5.5s
01:17:51 | INFO | Epoch 159/200  loss=0.0123  train_err=0.14%  val_err=9.92%  lr=1.00e-03  time=5.3s
01:17:56 | INFO | Epoch 160/200  loss=0.0120  train_err=0.13%  val_err=10.04%  lr=1.00e-03  time=5.5s
01:18:02 | INFO | Epoch 161/200  loss=0.0121  train_err=0.15%  val_err=9.78%  lr=1.00e-03  time=5.4s
01:18:08 | INFO | Epoch 162/200  loss=0.0117  train_err=0.13%  val_err=9.76%  lr=1.00e-03  time=5.6s
01:18:13 | INFO | Epoch 163/200  loss=0.0127  train_err=0.18%  val_err=9.88%  lr=1.00e-03  time=5.6s
01:18:19 | INFO | Epoch 164/200  loss=0.0120  train_err=0.15%  val_err=9.76%  lr=1.00e-03  time=5.4s
01:18:24 | INFO | Epoch 165/200  loss=0.0121  train_err=0.13%  val_err=9.86%  lr=1.00e-03  time=5.6s
01:18:30 | INFO | Epoch 166/200  loss=0.0117  train_err=0.13%  val_err=9.84%  lr=1.00e-03  time=5.4s
01:18:35 | INFO | Epoch 167/200  loss=0.0115  train_err=0.13%  val_err=9.76%  lr=1.00e-03  time=5.5s
01:18:41 | INFO | Epoch 168/200  loss=0.0119  train_err=0.15%  val_err=9.78%  lr=1.00e-03  time=5.5s
01:18:46 | INFO | Epoch 169/200  loss=0.0128  train_err=0.18%  val_err=10.02%  lr=1.00e-03  time=5.4s
01:18:52 | INFO | Epoch 170/200  loss=0.0119  train_err=0.14%  val_err=9.94%  lr=1.00e-03  time=5.5s
01:18:57 | INFO | Epoch 171/200  loss=0.0119  train_err=0.13%  val_err=9.94%  lr=1.00e-03  time=5.3s
01:19:02 | INFO | Epoch 172/200  loss=0.0113  train_err=0.12%  val_err=9.96%  lr=1.00e-03  time=5.5s
01:19:08 | INFO | Epoch 173/200  loss=0.0113  train_err=0.12%  val_err=10.06%  lr=1.00e-03  time=5.5s
01:19:13 | INFO | Epoch 174/200  loss=0.0113  train_err=0.12%  val_err=9.84%  lr=1.00e-03  time=5.5s
01:19:19 | INFO | Epoch 175/200  loss=0.0118  train_err=0.14%  val_err=9.74%  lr=1.00e-03  time=5.5s
01:19:24 | INFO | Epoch 176/200  loss=0.0110  train_err=0.12%  val_err=9.78%  lr=1.00e-03  time=5.4s
01:19:30 | INFO | Epoch 177/200  loss=0.0116  train_err=0.14%  val_err=9.92%  lr=1.00e-03  time=5.6s
01:19:35 | INFO | Epoch 178/200  loss=0.0116  train_err=0.13%  val_err=9.84%  lr=1.00e-03  time=5.4s
01:19:41 | INFO | Epoch 179/200  loss=0.0112  train_err=0.13%  val_err=9.94%  lr=1.00e-03  time=5.5s
01:19:46 | INFO | Epoch 180/200  loss=0.0112  train_err=0.11%  val_err=9.90%  lr=1.00e-03  time=5.5s
01:19:52 | INFO | Epoch 181/200  loss=0.0113  train_err=0.11%  val_err=9.98%  lr=1.00e-03  time=5.5s
01:19:57 | INFO | Epoch 182/200  loss=0.0116  train_err=0.16%  val_err=9.92%  lr=1.00e-03  time=5.4s
01:20:03 | INFO | Epoch 183/200  loss=0.0113  train_err=0.11%  val_err=10.20%  lr=1.00e-03  time=5.4s
01:20:08 | INFO | Epoch 184/200  loss=0.0113  train_err=0.08%  val_err=9.90%  lr=1.00e-03  time=5.5s
01:20:13 | INFO | Epoch 185/200  loss=0.0110  train_err=0.12%  val_err=9.84%  lr=1.00e-03  time=5.3s
01:20:19 | INFO | Epoch 186/200  loss=0.0110  train_err=0.11%  val_err=9.82%  lr=1.00e-03  time=5.6s
01:20:24 | INFO | Epoch 187/200  loss=0.0110  train_err=0.10%  val_err=10.06%  lr=1.00e-03  time=5.3s
01:20:30 | INFO | Epoch 188/200  loss=0.0110  train_err=0.11%  val_err=10.04%  lr=1.00e-03  time=5.4s
01:20:35 | INFO | Epoch 189/200  loss=0.0111  train_err=0.10%  val_err=9.84%  lr=1.00e-03  time=5.4s
01:20:41 | INFO | Epoch 190/200  loss=0.0110  train_err=0.12%  val_err=10.06%  lr=1.00e-03  time=5.3s
01:20:46 | INFO | Epoch 191/200  loss=0.0113  train_err=0.12%  val_err=9.90%  lr=1.00e-03  time=5.6s
01:20:52 | INFO | Epoch 192/200  loss=0.0109  train_err=0.14%  val_err=9.94%  lr=1.00e-03  time=5.4s
01:20:57 | INFO | Epoch 193/200  loss=0.0106  train_err=0.11%  val_err=10.00%  lr=1.00e-03  time=5.6s
01:21:03 | INFO | Epoch 194/200  loss=0.0109  train_err=0.10%  val_err=9.78%  lr=1.00e-03  time=5.3s
01:21:08 | INFO | Epoch 195/200  loss=0.0110  train_err=0.11%  val_err=9.90%  lr=1.00e-03  time=5.6s
01:21:14 | INFO | Epoch 196/200  loss=0.0107  train_err=0.13%  val_err=9.92%  lr=1.00e-03  time=5.4s
01:21:19 | INFO | Epoch 197/200  loss=0.0109  train_err=0.10%  val_err=9.82%  lr=1.00e-03  time=5.3s
01:21:24 | INFO | Epoch 198/200  loss=0.0106  train_err=0.10%  val_err=9.76%  lr=1.00e-03  time=5.4s
01:21:30 | INFO | Epoch 199/200  loss=0.0111  train_err=0.11%  val_err=10.28%  lr=1.00e-03  time=5.4s
01:21:35 | INFO | Epoch 200/200  loss=0.0109  train_err=0.13%  val_err=9.88%  lr=1.00e-03  time=5.6s
01:21:35 | INFO | Training complete. Best val acc@1: 90.44%
01:21:35 | INFO | Artifacts saved to: runs/d4_no_residual
01:21:35 | INFO | To test the model, run: python scripts/test.py --checkpoint runs/d4_no_residual/best.pt --config runs/d4_no_residual/config.json
