06:34:56 | INFO | Run: d4_scaled
06:34:56 | INFO | Variant: scaled
06:34:56 | INFO | Config: runs/d4_scaled/config.json
06:34:56 | INFO | Device: cuda
06:34:58 | INFO | Data: train=45000  val=5000
06:34:58 | INFO | Model: scaled depth=4  params=298,698
06:35:01 | INFO | NumExpr defaulting to 12 threads.
06:35:09 | INFO | Epoch   1/200  loss=2.2818  train_err=86.00%  val_err=81.00%  lr=2.01e-02  time=6.1s
06:35:14 | INFO | Epoch   2/200  loss=1.6666  train_err=63.02%  val_err=57.76%  lr=4.01e-02  time=5.7s
06:35:20 | INFO | Epoch   3/200  loss=1.3234  train_err=48.67%  val_err=53.40%  lr=6.00e-02  time=5.6s
06:35:26 | INFO | Epoch   4/200  loss=1.1221  train_err=40.45%  val_err=48.98%  lr=8.00e-02  time=5.8s
06:35:31 | INFO | Epoch   5/200  loss=0.9948  train_err=35.50%  val_err=40.48%  lr=1.00e-01  time=5.5s
06:35:37 | INFO | Epoch   6/200  loss=0.8989  train_err=31.86%  val_err=37.96%  lr=1.00e-01  time=5.7s
06:35:42 | INFO | Epoch   7/200  loss=0.8057  train_err=28.63%  val_err=35.26%  lr=1.00e-01  time=5.4s
06:35:48 | INFO | Epoch   8/200  loss=0.7487  train_err=26.08%  val_err=36.46%  lr=1.00e-01  time=5.6s
06:35:54 | INFO | Epoch   9/200  loss=0.6870  train_err=23.82%  val_err=29.44%  lr=1.00e-01  time=5.6s
06:35:59 | INFO | Epoch  10/200  loss=0.6556  train_err=22.69%  val_err=28.26%  lr=1.00e-01  time=5.5s
06:36:05 | INFO | Epoch  11/200  loss=0.6101  train_err=21.41%  val_err=32.88%  lr=1.00e-01  time=5.7s
06:36:10 | INFO | Epoch  12/200  loss=0.5863  train_err=20.28%  val_err=28.54%  lr=1.00e-01  time=5.5s
06:36:16 | INFO | Epoch  13/200  loss=0.5526  train_err=19.01%  val_err=28.46%  lr=1.00e-01  time=5.6s
06:36:22 | INFO | Epoch  14/200  loss=0.5290  train_err=18.22%  val_err=26.64%  lr=1.00e-01  time=5.5s
06:36:27 | INFO | Epoch  15/200  loss=0.5078  train_err=17.62%  val_err=21.24%  lr=1.00e-01  time=5.6s
06:36:33 | INFO | Epoch  16/200  loss=0.4962  train_err=17.08%  val_err=27.48%  lr=1.00e-01  time=5.5s
06:36:38 | INFO | Epoch  17/200  loss=0.4742  train_err=16.30%  val_err=22.22%  lr=1.00e-01  time=5.5s
06:36:44 | INFO | Epoch  18/200  loss=0.4633  train_err=16.01%  val_err=18.94%  lr=1.00e-01  time=5.8s
06:36:50 | INFO | Epoch  19/200  loss=0.4496  train_err=15.49%  val_err=20.12%  lr=1.00e-01  time=5.5s
06:36:55 | INFO | Epoch  20/200  loss=0.4391  train_err=15.02%  val_err=23.08%  lr=1.00e-01  time=5.8s
06:37:01 | INFO | Epoch  21/200  loss=0.4181  train_err=14.33%  val_err=22.38%  lr=1.00e-01  time=5.5s
06:37:07 | INFO | Epoch  22/200  loss=0.4225  train_err=14.60%  val_err=22.70%  lr=1.00e-01  time=5.6s
06:37:12 | INFO | Epoch  23/200  loss=0.4067  train_err=14.12%  val_err=18.82%  lr=1.00e-01  time=5.6s
06:37:18 | INFO | Epoch  24/200  loss=0.4007  train_err=13.82%  val_err=21.72%  lr=1.00e-01  time=5.5s
06:37:23 | INFO | Epoch  25/200  loss=0.3886  train_err=13.34%  val_err=19.54%  lr=1.00e-01  time=5.6s
06:37:29 | INFO | Epoch  26/200  loss=0.3864  train_err=13.44%  val_err=19.84%  lr=1.00e-01  time=5.5s
06:37:35 | INFO | Epoch  27/200  loss=0.3741  train_err=12.99%  val_err=20.90%  lr=1.00e-01  time=5.6s
06:37:40 | INFO | Epoch  28/200  loss=0.3757  train_err=13.17%  val_err=25.14%  lr=1.00e-01  time=5.6s
06:37:46 | INFO | Epoch  29/200  loss=0.3629  train_err=12.61%  val_err=20.78%  lr=1.00e-01  time=5.7s
06:37:51 | INFO | Epoch  30/200  loss=0.3628  train_err=12.70%  val_err=20.22%  lr=1.00e-01  time=5.5s
06:37:57 | INFO | Epoch  31/200  loss=0.3530  train_err=12.26%  val_err=24.58%  lr=1.00e-01  time=5.6s
06:38:03 | INFO | Epoch  32/200  loss=0.3552  train_err=12.22%  val_err=20.76%  lr=1.00e-01  time=5.6s
06:38:08 | INFO | Epoch  33/200  loss=0.3410  train_err=11.86%  val_err=18.00%  lr=1.00e-01  time=5.5s
06:38:14 | INFO | Epoch  34/200  loss=0.3353  train_err=11.59%  val_err=24.14%  lr=1.00e-01  time=5.7s
06:38:19 | INFO | Epoch  35/200  loss=0.3418  train_err=11.86%  val_err=22.96%  lr=1.00e-01  time=5.5s
06:38:25 | INFO | Epoch  36/200  loss=0.3255  train_err=11.16%  val_err=20.80%  lr=1.00e-01  time=5.8s
06:38:31 | INFO | Epoch  37/200  loss=0.3325  train_err=11.51%  val_err=15.14%  lr=1.00e-01  time=5.5s
06:38:36 | INFO | Epoch  38/200  loss=0.3234  train_err=11.19%  val_err=22.12%  lr=1.00e-01  time=5.6s
06:38:42 | INFO | Epoch  39/200  loss=0.3244  train_err=11.17%  val_err=22.64%  lr=1.00e-01  time=5.6s
06:38:47 | INFO | Epoch  40/200  loss=0.3170  train_err=11.01%  val_err=20.86%  lr=1.00e-01  time=5.5s
06:38:53 | INFO | Epoch  41/200  loss=0.3099  train_err=10.75%  val_err=16.08%  lr=1.00e-01  time=5.7s
06:38:59 | INFO | Epoch  42/200  loss=0.3085  train_err=10.63%  val_err=17.72%  lr=1.00e-01  time=5.5s
06:39:04 | INFO | Epoch  43/200  loss=0.3099  train_err=10.71%  val_err=17.54%  lr=1.00e-01  time=5.7s
06:39:10 | INFO | Epoch  44/200  loss=0.3013  train_err=10.57%  val_err=23.42%  lr=1.00e-01  time=5.6s
06:39:16 | INFO | Epoch  45/200  loss=0.2998  train_err=10.36%  val_err=17.58%  lr=1.00e-01  time=5.6s
06:39:21 | INFO | Epoch  46/200  loss=0.3014  train_err=10.53%  val_err=25.66%  lr=1.00e-01  time=5.5s
06:39:27 | INFO | Epoch  47/200  loss=0.3004  train_err=10.52%  val_err=16.68%  lr=1.00e-01  time=5.5s
06:39:32 | INFO | Epoch  48/200  loss=0.2975  train_err=10.45%  val_err=22.88%  lr=1.00e-01  time=5.6s
06:39:38 | INFO | Epoch  49/200  loss=0.2917  train_err=10.21%  val_err=18.18%  lr=1.00e-01  time=5.6s
06:39:44 | INFO | Epoch  50/200  loss=0.2908  train_err=9.97%  val_err=21.92%  lr=1.00e-01  time=5.7s
06:39:49 | INFO | Epoch  51/200  loss=0.2825  train_err=9.78%  val_err=17.82%  lr=1.00e-01  time=5.5s
06:39:55 | INFO | Epoch  52/200  loss=0.2873  train_err=9.99%  val_err=17.52%  lr=1.00e-01  time=5.6s
06:40:00 | INFO | Epoch  53/200  loss=0.2858  train_err=10.03%  val_err=17.82%  lr=1.00e-01  time=5.5s
06:40:06 | INFO | Epoch  54/200  loss=0.2839  train_err=9.87%  val_err=19.28%  lr=1.00e-01  time=5.5s
06:40:11 | INFO | Epoch  55/200  loss=0.2818  train_err=9.78%  val_err=22.54%  lr=1.00e-01  time=5.6s
06:40:17 | INFO | Epoch  56/200  loss=0.2791  train_err=9.74%  val_err=17.48%  lr=1.00e-01  time=5.5s
06:40:23 | INFO | Epoch  57/200  loss=0.2738  train_err=9.41%  val_err=17.84%  lr=1.00e-01  time=5.6s
06:40:28 | INFO | Epoch  58/200  loss=0.2720  train_err=9.28%  val_err=20.26%  lr=1.00e-01  time=5.5s
06:40:34 | INFO | Epoch  59/200  loss=0.2664  train_err=9.23%  val_err=19.12%  lr=1.00e-01  time=5.6s
06:40:39 | INFO | Epoch  60/200  loss=0.2705  train_err=9.35%  val_err=18.66%  lr=1.00e-01  time=5.5s
06:40:45 | INFO | Epoch  61/200  loss=0.2793  train_err=9.74%  val_err=16.96%  lr=1.00e-01  time=5.5s
06:40:51 | INFO | Epoch  62/200  loss=0.2653  train_err=9.15%  val_err=20.28%  lr=1.00e-01  time=5.5s
06:40:56 | INFO | Epoch  63/200  loss=0.2655  train_err=9.49%  val_err=20.22%  lr=1.00e-01  time=5.5s
06:41:02 | INFO | Epoch  64/200  loss=0.2622  train_err=9.15%  val_err=19.30%  lr=1.00e-01  time=5.6s
06:41:07 | INFO | Epoch  65/200  loss=0.2761  train_err=9.61%  val_err=25.28%  lr=1.00e-01  time=5.5s
06:41:13 | INFO | Epoch  66/200  loss=0.2648  train_err=9.17%  val_err=16.20%  lr=1.00e-01  time=5.6s
06:41:18 | INFO | Epoch  67/200  loss=0.2605  train_err=9.09%  val_err=20.00%  lr=1.00e-01  time=5.5s
06:41:24 | INFO | Epoch  68/200  loss=0.2590  train_err=9.06%  val_err=19.18%  lr=1.00e-01  time=5.6s
06:41:30 | INFO | Epoch  69/200  loss=0.2545  train_err=8.91%  val_err=22.94%  lr=1.00e-01  time=5.7s
06:41:35 | INFO | Epoch  70/200  loss=0.2619  train_err=9.15%  val_err=18.42%  lr=1.00e-01  time=5.5s
06:41:41 | INFO | Epoch  71/200  loss=0.2606  train_err=9.18%  val_err=21.10%  lr=1.00e-01  time=5.6s
06:41:46 | INFO | Epoch  72/200  loss=0.2619  train_err=9.13%  val_err=16.60%  lr=1.00e-01  time=5.5s
06:41:52 | INFO | Epoch  73/200  loss=0.2537  train_err=8.89%  val_err=19.08%  lr=1.00e-01  time=5.6s
06:41:58 | INFO | Epoch  74/200  loss=0.2532  train_err=8.78%  val_err=25.08%  lr=1.00e-01  time=5.5s
06:42:03 | INFO | Epoch  75/200  loss=0.2497  train_err=8.68%  val_err=21.68%  lr=1.00e-01  time=5.7s
06:42:09 | INFO | Epoch  76/200  loss=0.2502  train_err=8.66%  val_err=22.80%  lr=1.00e-01  time=5.6s
06:42:14 | INFO | Epoch  77/200  loss=0.2569  train_err=8.94%  val_err=16.00%  lr=1.00e-01  time=5.5s
06:42:20 | INFO | Epoch  78/200  loss=0.2480  train_err=8.76%  val_err=22.80%  lr=1.00e-01  time=5.7s
06:42:26 | INFO | Epoch  79/200  loss=0.2525  train_err=8.80%  val_err=23.16%  lr=1.00e-01  time=5.5s
06:42:31 | INFO | Epoch  80/200  loss=0.2517  train_err=8.85%  val_err=17.10%  lr=1.00e-01  time=5.7s
06:42:37 | INFO | Epoch  81/200  loss=0.2526  train_err=8.90%  val_err=21.06%  lr=1.00e-01  time=5.6s
06:42:43 | INFO | Epoch  82/200  loss=0.2448  train_err=8.54%  val_err=23.50%  lr=1.00e-01  time=5.7s
06:42:48 | INFO | Epoch  83/200  loss=0.2440  train_err=8.54%  val_err=17.68%  lr=1.00e-01  time=5.5s
06:42:54 | INFO | Epoch  84/200  loss=0.2432  train_err=8.64%  val_err=16.34%  lr=1.00e-01  time=5.5s
06:42:59 | INFO | Epoch  85/200  loss=0.2474  train_err=8.69%  val_err=22.86%  lr=1.00e-01  time=5.6s
06:43:05 | INFO | Epoch  86/200  loss=0.2459  train_err=8.60%  val_err=23.36%  lr=1.00e-01  time=5.5s
06:43:10 | INFO | Epoch  87/200  loss=0.2395  train_err=8.39%  val_err=15.04%  lr=1.00e-01  time=5.6s
06:43:16 | INFO | Epoch  88/200  loss=0.2392  train_err=8.24%  val_err=17.28%  lr=1.00e-01  time=5.5s
06:43:22 | INFO | Epoch  89/200  loss=0.2366  train_err=8.21%  val_err=14.32%  lr=1.00e-01  time=5.9s
06:43:28 | INFO | Epoch  90/200  loss=0.2466  train_err=8.61%  val_err=18.60%  lr=1.00e-01  time=5.5s
06:43:33 | INFO | Epoch  91/200  loss=0.2397  train_err=8.42%  val_err=20.62%  lr=1.00e-01  time=5.6s
06:43:39 | INFO | Epoch  92/200  loss=0.2308  train_err=8.22%  val_err=28.94%  lr=1.00e-01  time=5.6s
06:43:44 | INFO | Epoch  93/200  loss=0.2386  train_err=8.26%  val_err=17.38%  lr=1.00e-01  time=5.5s
06:43:50 | INFO | Epoch  94/200  loss=0.2380  train_err=8.31%  val_err=25.24%  lr=1.00e-01  time=5.7s
06:43:56 | INFO | Epoch  95/200  loss=0.2383  train_err=8.34%  val_err=18.88%  lr=1.00e-01  time=5.5s
06:44:01 | INFO | Epoch  96/200  loss=0.2345  train_err=8.29%  val_err=15.76%  lr=1.00e-01  time=5.7s
06:44:07 | INFO | Epoch  97/200  loss=0.2404  train_err=8.38%  val_err=18.54%  lr=1.00e-01  time=5.5s
06:44:13 | INFO | Epoch  98/200  loss=0.2370  train_err=8.34%  val_err=17.50%  lr=1.00e-01  time=5.6s
06:44:18 | INFO | Epoch  99/200  loss=0.2353  train_err=8.21%  val_err=17.18%  lr=1.00e-01  time=5.5s
06:44:24 | INFO | Epoch 100/200  loss=0.2369  train_err=8.33%  val_err=20.82%  lr=1.00e-02  time=5.5s
06:44:29 | INFO | Epoch 101/200  loss=0.1255  train_err=4.03%  val_err=9.98%  lr=1.00e-02  time=5.7s
06:44:35 | INFO | Epoch 102/200  loss=0.0894  train_err=2.86%  val_err=9.84%  lr=1.00e-02  time=5.5s
06:44:41 | INFO | Epoch 103/200  loss=0.0758  train_err=2.36%  val_err=10.02%  lr=1.00e-02  time=5.7s
06:44:46 | INFO | Epoch 104/200  loss=0.0677  train_err=2.09%  val_err=10.46%  lr=1.00e-02  time=5.5s
06:44:52 | INFO | Epoch 105/200  loss=0.0634  train_err=2.03%  val_err=10.02%  lr=1.00e-02  time=5.6s
06:44:57 | INFO | Epoch 106/200  loss=0.0559  train_err=1.67%  val_err=9.92%  lr=1.00e-02  time=5.5s
06:45:03 | INFO | Epoch 107/200  loss=0.0531  train_err=1.52%  val_err=9.86%  lr=1.00e-02  time=5.5s
06:45:09 | INFO | Epoch 108/200  loss=0.0479  train_err=1.40%  val_err=9.84%  lr=1.00e-02  time=5.6s
06:45:14 | INFO | Epoch 109/200  loss=0.0464  train_err=1.42%  val_err=10.02%  lr=1.00e-02  time=5.5s
06:45:20 | INFO | Epoch 110/200  loss=0.0441  train_err=1.36%  val_err=10.14%  lr=1.00e-02  time=5.6s
06:45:25 | INFO | Epoch 111/200  loss=0.0422  train_err=1.26%  val_err=9.80%  lr=1.00e-02  time=5.5s
06:45:31 | INFO | Epoch 112/200  loss=0.0377  train_err=1.07%  val_err=9.98%  lr=1.00e-02  time=5.8s
06:45:36 | INFO | Epoch 113/200  loss=0.0388  train_err=1.10%  val_err=9.88%  lr=1.00e-02  time=5.5s
06:45:42 | INFO | Epoch 114/200  loss=0.0358  train_err=0.97%  val_err=10.12%  lr=1.00e-02  time=5.6s
06:45:48 | INFO | Epoch 115/200  loss=0.0337  train_err=0.95%  val_err=9.84%  lr=1.00e-02  time=5.6s
06:45:53 | INFO | Epoch 116/200  loss=0.0315  train_err=0.89%  val_err=9.80%  lr=1.00e-02  time=5.5s
06:45:59 | INFO | Epoch 117/200  loss=0.0310  train_err=0.89%  val_err=9.94%  lr=1.00e-02  time=5.6s
06:46:04 | INFO | Epoch 118/200  loss=0.0287  train_err=0.79%  val_err=10.24%  lr=1.00e-02  time=5.6s
06:46:10 | INFO | Epoch 119/200  loss=0.0265  train_err=0.72%  val_err=10.22%  lr=1.00e-02  time=5.7s
06:46:16 | INFO | Epoch 120/200  loss=0.0270  train_err=0.76%  val_err=10.18%  lr=1.00e-02  time=5.5s
06:46:21 | INFO | Epoch 121/200  loss=0.0257  train_err=0.68%  val_err=10.26%  lr=1.00e-02  time=5.6s
06:46:27 | INFO | Epoch 122/200  loss=0.0238  train_err=0.60%  val_err=10.16%  lr=1.00e-02  time=5.5s
06:46:32 | INFO | Epoch 123/200  loss=0.0242  train_err=0.66%  val_err=10.34%  lr=1.00e-02  time=5.5s
06:46:38 | INFO | Epoch 124/200  loss=0.0229  train_err=0.55%  val_err=10.26%  lr=1.00e-02  time=5.6s
06:46:43 | INFO | Epoch 125/200  loss=0.0223  train_err=0.60%  val_err=10.24%  lr=1.00e-02  time=5.5s
06:46:49 | INFO | Epoch 126/200  loss=0.0207  train_err=0.52%  val_err=10.26%  lr=1.00e-02  time=5.7s
06:46:55 | INFO | Epoch 127/200  loss=0.0213  train_err=0.54%  val_err=10.30%  lr=1.00e-02  time=5.5s
06:47:00 | INFO | Epoch 128/200  loss=0.0202  train_err=0.52%  val_err=10.60%  lr=1.00e-02  time=5.6s
06:47:06 | INFO | Epoch 129/200  loss=0.0197  train_err=0.49%  val_err=10.22%  lr=1.00e-02  time=5.6s
06:47:12 | INFO | Epoch 130/200  loss=0.0192  train_err=0.49%  val_err=10.54%  lr=1.00e-02  time=5.6s
06:47:17 | INFO | Epoch 131/200  loss=0.0175  train_err=0.43%  val_err=10.48%  lr=1.00e-02  time=5.6s
06:47:23 | INFO | Epoch 132/200  loss=0.0192  train_err=0.50%  val_err=10.20%  lr=1.00e-02  time=5.5s
06:47:28 | INFO | Epoch 133/200  loss=0.0175  train_err=0.42%  val_err=10.24%  lr=1.00e-02  time=5.7s
06:47:34 | INFO | Epoch 134/200  loss=0.0175  train_err=0.42%  val_err=10.34%  lr=1.00e-02  time=5.5s
06:47:40 | INFO | Epoch 135/200  loss=0.0175  train_err=0.46%  val_err=10.54%  lr=1.00e-02  time=5.7s
06:47:45 | INFO | Epoch 136/200  loss=0.0166  train_err=0.44%  val_err=10.32%  lr=1.00e-02  time=5.6s
06:47:51 | INFO | Epoch 137/200  loss=0.0158  train_err=0.38%  val_err=9.98%  lr=1.00e-02  time=5.6s
06:47:56 | INFO | Epoch 138/200  loss=0.0153  train_err=0.40%  val_err=10.44%  lr=1.00e-02  time=5.5s
06:48:02 | INFO | Epoch 139/200  loss=0.0156  train_err=0.42%  val_err=10.50%  lr=1.00e-02  time=5.5s
06:48:07 | INFO | Epoch 140/200  loss=0.0151  train_err=0.36%  val_err=10.26%  lr=1.00e-02  time=5.6s
06:48:13 | INFO | Epoch 141/200  loss=0.0152  train_err=0.39%  val_err=10.34%  lr=1.00e-02  time=5.5s
06:48:19 | INFO | Epoch 142/200  loss=0.0155  train_err=0.39%  val_err=10.64%  lr=1.00e-02  time=5.6s
06:48:24 | INFO | Epoch 143/200  loss=0.0147  train_err=0.38%  val_err=9.98%  lr=1.00e-02  time=5.5s
06:48:30 | INFO | Epoch 144/200  loss=0.0137  train_err=0.32%  val_err=10.08%  lr=1.00e-02  time=5.6s
06:48:35 | INFO | Epoch 145/200  loss=0.0143  train_err=0.35%  val_err=10.46%  lr=1.00e-02  time=5.6s
06:48:41 | INFO | Epoch 146/200  loss=0.0140  train_err=0.34%  val_err=10.60%  lr=1.00e-02  time=5.5s
06:48:47 | INFO | Epoch 147/200  loss=0.0139  train_err=0.34%  val_err=10.50%  lr=1.00e-02  time=5.8s
06:48:52 | INFO | Epoch 148/200  loss=0.0133  train_err=0.34%  val_err=10.54%  lr=1.00e-02  time=5.5s
06:48:58 | INFO | Epoch 149/200  loss=0.0131  train_err=0.33%  val_err=10.46%  lr=1.00e-02  time=5.8s
06:49:04 | INFO | Epoch 150/200  loss=0.0124  train_err=0.29%  val_err=10.54%  lr=1.00e-03  time=5.5s
06:49:09 | INFO | Epoch 151/200  loss=0.0106  train_err=0.22%  val_err=10.08%  lr=1.00e-03  time=5.5s
06:49:15 | INFO | Epoch 152/200  loss=0.0104  train_err=0.24%  val_err=10.18%  lr=1.00e-03  time=5.5s
06:49:20 | INFO | Epoch 153/200  loss=0.0093  train_err=0.22%  val_err=9.96%  lr=1.00e-03  time=5.5s
06:49:26 | INFO | Epoch 154/200  loss=0.0088  train_err=0.15%  val_err=9.98%  lr=1.00e-03  time=5.7s
06:49:31 | INFO | Epoch 155/200  loss=0.0096  train_err=0.18%  val_err=10.06%  lr=1.00e-03  time=5.5s
06:49:37 | INFO | Epoch 156/200  loss=0.0086  train_err=0.13%  val_err=10.18%  lr=1.00e-03  time=5.7s
06:49:42 | INFO | Epoch 157/200  loss=0.0087  train_err=0.16%  val_err=10.12%  lr=1.00e-03  time=5.4s
06:49:48 | INFO | Epoch 158/200  loss=0.0088  train_err=0.18%  val_err=10.24%  lr=1.00e-03  time=5.6s
06:49:54 | INFO | Epoch 159/200  loss=0.0086  train_err=0.17%  val_err=9.94%  lr=1.00e-03  time=5.5s
06:49:59 | INFO | Epoch 160/200  loss=0.0083  train_err=0.15%  val_err=9.98%  lr=1.00e-03  time=5.6s
06:50:05 | INFO | Epoch 161/200  loss=0.0083  train_err=0.15%  val_err=10.02%  lr=1.00e-03  time=5.5s
06:50:10 | INFO | Epoch 162/200  loss=0.0081  train_err=0.14%  val_err=10.10%  lr=1.00e-03  time=5.5s
06:50:16 | INFO | Epoch 163/200  loss=0.0083  train_err=0.17%  val_err=10.18%  lr=1.00e-03  time=5.7s
06:50:21 | INFO | Epoch 164/200  loss=0.0084  train_err=0.17%  val_err=10.16%  lr=1.00e-03  time=5.5s
06:50:27 | INFO | Epoch 165/200  loss=0.0084  train_err=0.15%  val_err=10.14%  lr=1.00e-03  time=5.5s
06:50:32 | INFO | Epoch 166/200  loss=0.0081  train_err=0.14%  val_err=10.16%  lr=1.00e-03  time=5.5s
06:50:38 | INFO | Epoch 167/200  loss=0.0078  train_err=0.13%  val_err=9.98%  lr=1.00e-03  time=5.5s
06:50:44 | INFO | Epoch 168/200  loss=0.0078  train_err=0.14%  val_err=10.06%  lr=1.00e-03  time=5.5s
06:50:49 | INFO | Epoch 169/200  loss=0.0086  train_err=0.15%  val_err=10.12%  lr=1.00e-03  time=5.5s
06:50:55 | INFO | Epoch 170/200  loss=0.0078  train_err=0.13%  val_err=9.94%  lr=1.00e-03  time=5.6s
06:51:00 | INFO | Epoch 171/200  loss=0.0085  train_err=0.16%  val_err=10.08%  lr=1.00e-03  time=5.5s
06:51:06 | INFO | Epoch 172/200  loss=0.0080  train_err=0.14%  val_err=9.92%  lr=1.00e-03  time=5.6s
06:51:11 | INFO | Epoch 173/200  loss=0.0077  train_err=0.12%  val_err=10.06%  lr=1.00e-03  time=5.5s
06:51:17 | INFO | Epoch 174/200  loss=0.0075  train_err=0.13%  val_err=10.14%  lr=1.00e-03  time=5.6s
06:51:22 | INFO | Epoch 175/200  loss=0.0075  train_err=0.11%  val_err=10.02%  lr=1.00e-03  time=5.5s
06:51:28 | INFO | Epoch 176/200  loss=0.0075  train_err=0.13%  val_err=10.18%  lr=1.00e-03  time=5.5s
06:51:34 | INFO | Epoch 177/200  loss=0.0078  train_err=0.14%  val_err=10.14%  lr=1.00e-03  time=5.6s
06:51:39 | INFO | Epoch 178/200  loss=0.0077  train_err=0.13%  val_err=10.20%  lr=1.00e-03  time=5.5s
06:51:45 | INFO | Epoch 179/200  loss=0.0074  train_err=0.10%  val_err=10.18%  lr=1.00e-03  time=5.7s
06:51:50 | INFO | Epoch 180/200  loss=0.0073  train_err=0.11%  val_err=10.20%  lr=1.00e-03  time=5.5s
06:51:56 | INFO | Epoch 181/200  loss=0.0069  train_err=0.10%  val_err=10.20%  lr=1.00e-03  time=5.6s
06:52:01 | INFO | Epoch 182/200  loss=0.0074  train_err=0.12%  val_err=10.10%  lr=1.00e-03  time=5.5s
06:52:07 | INFO | Epoch 183/200  loss=0.0070  train_err=0.10%  val_err=10.12%  lr=1.00e-03  time=5.5s
06:52:13 | INFO | Epoch 184/200  loss=0.0070  train_err=0.10%  val_err=10.12%  lr=1.00e-03  time=5.6s
06:52:18 | INFO | Epoch 185/200  loss=0.0068  train_err=0.11%  val_err=10.36%  lr=1.00e-03  time=5.5s
06:52:24 | INFO | Epoch 186/200  loss=0.0072  train_err=0.11%  val_err=10.32%  lr=1.00e-03  time=5.6s
06:52:29 | INFO | Epoch 187/200  loss=0.0069  train_err=0.09%  val_err=10.36%  lr=1.00e-03  time=5.5s
06:52:35 | INFO | Epoch 188/200  loss=0.0072  train_err=0.12%  val_err=10.14%  lr=1.00e-03  time=5.6s
06:52:40 | INFO | Epoch 189/200  loss=0.0070  train_err=0.11%  val_err=10.28%  lr=1.00e-03  time=5.4s
06:52:46 | INFO | Epoch 190/200  loss=0.0071  train_err=0.13%  val_err=10.16%  lr=1.00e-03  time=5.5s
06:52:51 | INFO | Epoch 191/200  loss=0.0074  train_err=0.13%  val_err=10.14%  lr=1.00e-03  time=5.5s
06:52:57 | INFO | Epoch 192/200  loss=0.0072  train_err=0.12%  val_err=10.18%  lr=1.00e-03  time=5.5s
06:53:03 | INFO | Epoch 193/200  loss=0.0071  train_err=0.12%  val_err=10.08%  lr=1.00e-03  time=5.6s
06:53:08 | INFO | Epoch 194/200  loss=0.0063  train_err=0.09%  val_err=10.28%  lr=1.00e-03  time=5.4s
06:53:14 | INFO | Epoch 195/200  loss=0.0066  train_err=0.10%  val_err=10.24%  lr=1.00e-03  time=5.8s
06:53:19 | INFO | Epoch 196/200  loss=0.0067  train_err=0.09%  val_err=10.28%  lr=1.00e-03  time=5.5s
06:53:25 | INFO | Epoch 197/200  loss=0.0073  train_err=0.12%  val_err=10.24%  lr=1.00e-03  time=5.5s
06:53:31 | INFO | Epoch 198/200  loss=0.0070  train_err=0.10%  val_err=10.24%  lr=1.00e-03  time=5.6s
06:53:36 | INFO | Epoch 199/200  loss=0.0069  train_err=0.10%  val_err=10.34%  lr=1.00e-03  time=5.5s
06:53:42 | INFO | Epoch 200/200  loss=0.0067  train_err=0.12%  val_err=10.34%  lr=1.00e-03  time=5.7s
06:53:42 | INFO | Training complete. Best val acc@1: 90.20%
06:53:42 | INFO | Artifacts saved to: runs/d4_scaled
06:53:42 | INFO | To test the model, run: python scripts/test.py --checkpoint runs/d4_scaled/best.pt --config runs/d4_scaled/config.json
