11:32:39 | INFO | Run: d50_no_residual
11:32:39 | INFO | Variant: no_residual
11:32:39 | INFO | Config: runs/d50_no_residual/config.json
11:32:39 | INFO | Device: cuda
11:32:40 | INFO | Data: train=45000  val=5000
11:32:40 | INFO | Model: no_residual depth=50  params=3,701,706
11:32:44 | INFO | NumExpr defaulting to 12 threads.
11:33:34 | INFO | Epoch   1/200  loss=2.3019  train_err=90.16%  val_err=89.82%  lr=2.01e-02  time=48.5s
11:34:22 | INFO | Epoch   2/200  loss=2.2842  train_err=88.68%  val_err=89.58%  lr=4.01e-02  time=48.0s
11:35:11 | INFO | Epoch   3/200  loss=2.2263  train_err=84.46%  val_err=85.76%  lr=6.00e-02  time=47.9s
11:35:59 | INFO | Epoch   4/200  loss=2.2116  train_err=84.83%  val_err=87.94%  lr=8.00e-02  time=47.9s
11:36:47 | INFO | Epoch   5/200  loss=2.1895  train_err=83.44%  val_err=79.92%  lr=1.00e-01  time=47.9s
11:37:35 | INFO | Epoch   6/200  loss=2.1952  train_err=83.20%  val_err=86.24%  lr=1.00e-01  time=48.0s
11:38:23 | INFO | Epoch   7/200  loss=2.1556  train_err=80.22%  val_err=83.62%  lr=1.00e-01  time=47.9s
11:39:12 | INFO | Epoch   8/200  loss=2.0373  train_err=75.73%  val_err=87.64%  lr=1.00e-01  time=47.9s
11:40:00 | INFO | Epoch   9/200  loss=2.1068  train_err=80.27%  val_err=77.68%  lr=1.00e-01  time=47.9s
11:40:48 | INFO | Epoch  10/200  loss=2.0241  train_err=76.37%  val_err=75.78%  lr=1.00e-01  time=47.9s
11:41:36 | INFO | Epoch  11/200  loss=2.0355  train_err=76.10%  val_err=76.68%  lr=1.00e-01  time=47.9s
11:42:25 | INFO | Epoch  12/200  loss=2.0321  train_err=75.42%  val_err=73.78%  lr=1.00e-01  time=47.9s
11:43:13 | INFO | Epoch  13/200  loss=2.0661  train_err=77.09%  val_err=74.82%  lr=1.00e-01  time=47.9s
11:44:01 | INFO | Epoch  14/200  loss=2.0311  train_err=75.63%  val_err=76.34%  lr=1.00e-01  time=47.9s
11:44:49 | INFO | Epoch  15/200  loss=2.1385  train_err=79.59%  val_err=78.62%  lr=1.00e-01  time=48.0s
11:45:37 | INFO | Epoch  16/200  loss=2.0322  train_err=75.36%  val_err=74.68%  lr=1.00e-01  time=47.9s
11:46:25 | INFO | Epoch  17/200  loss=2.0074  train_err=74.31%  val_err=76.10%  lr=1.00e-01  time=47.9s
11:47:13 | INFO | Epoch  18/200  loss=2.0011  train_err=74.33%  val_err=75.62%  lr=1.00e-01  time=48.0s
11:48:02 | INFO | Epoch  19/200  loss=1.9889  train_err=73.52%  val_err=72.28%  lr=1.00e-01  time=47.9s
11:48:50 | INFO | Epoch  20/200  loss=1.9568  train_err=72.91%  val_err=73.96%  lr=1.00e-01  time=47.9s
11:49:38 | INFO | Epoch  21/200  loss=2.0705  train_err=77.90%  val_err=83.66%  lr=1.00e-01  time=47.9s
11:50:26 | INFO | Epoch  22/200  loss=2.0278  train_err=75.90%  val_err=88.82%  lr=1.00e-01  time=47.9s
11:51:14 | INFO | Epoch  23/200  loss=2.0795  train_err=76.27%  val_err=82.82%  lr=1.00e-01  time=47.9s
11:52:02 | INFO | Epoch  24/200  loss=2.1337  train_err=79.20%  val_err=88.72%  lr=1.00e-01  time=47.9s
11:52:50 | INFO | Epoch  25/200  loss=2.1389  train_err=78.99%  val_err=76.74%  lr=1.00e-01  time=47.9s
11:53:39 | INFO | Epoch  26/200  loss=2.0558  train_err=77.32%  val_err=80.86%  lr=1.00e-01  time=47.9s
11:54:27 | INFO | Epoch  27/200  loss=2.0619  train_err=77.67%  val_err=81.90%  lr=1.00e-01  time=47.9s
11:55:15 | INFO | Epoch  28/200  loss=2.0530  train_err=76.87%  val_err=85.70%  lr=1.00e-01  time=47.9s
11:56:03 | INFO | Epoch  29/200  loss=2.1874  train_err=83.52%  val_err=89.18%  lr=1.00e-01  time=47.9s
11:56:51 | INFO | Epoch  30/200  loss=2.2535  train_err=86.70%  val_err=81.74%  lr=1.00e-01  time=47.9s
11:57:39 | INFO | Epoch  31/200  loss=2.1051  train_err=79.92%  val_err=81.20%  lr=1.00e-01  time=47.9s
11:58:27 | INFO | Epoch  32/200  loss=2.1668  train_err=79.96%  val_err=82.52%  lr=1.00e-01  time=47.9s
11:59:15 | INFO | Epoch  33/200  loss=2.1436  train_err=78.26%  val_err=83.60%  lr=1.00e-01  time=47.9s
12:00:03 | INFO | Epoch  34/200  loss=2.1019  train_err=76.38%  val_err=79.96%  lr=1.00e-01  time=47.9s
12:00:52 | INFO | Epoch  35/200  loss=2.0824  train_err=75.85%  val_err=73.56%  lr=1.00e-01  time=47.9s
12:01:40 | INFO | Epoch  36/200  loss=2.0549  train_err=76.00%  val_err=86.94%  lr=1.00e-01  time=47.9s
12:02:28 | INFO | Epoch  37/200  loss=2.0345  train_err=75.49%  val_err=75.02%  lr=1.00e-01  time=47.9s
12:03:16 | INFO | Epoch  38/200  loss=2.0109  train_err=75.34%  val_err=74.58%  lr=1.00e-01  time=47.9s
12:04:04 | INFO | Epoch  39/200  loss=1.9936  train_err=74.66%  val_err=80.62%  lr=1.00e-01  time=48.0s
12:04:52 | INFO | Epoch  40/200  loss=2.0511  train_err=76.82%  val_err=79.60%  lr=1.00e-01  time=47.9s
12:05:40 | INFO | Epoch  41/200  loss=2.1390  train_err=78.95%  val_err=76.08%  lr=1.00e-01  time=48.0s
12:06:28 | INFO | Epoch  42/200  loss=2.0840  train_err=76.62%  val_err=78.66%  lr=1.00e-01  time=47.9s
12:07:17 | INFO | Epoch  43/200  loss=2.0329  train_err=75.37%  val_err=75.66%  lr=1.00e-01  time=47.9s
12:08:05 | INFO | Epoch  44/200  loss=1.9898  train_err=73.24%  val_err=73.02%  lr=1.00e-01  time=47.9s
12:08:53 | INFO | Epoch  45/200  loss=1.9561  train_err=72.61%  val_err=75.70%  lr=1.00e-01  time=47.9s
12:09:41 | INFO | Epoch  46/200  loss=2.1770  train_err=81.73%  val_err=78.90%  lr=1.00e-01  time=47.9s
12:10:29 | INFO | Epoch  47/200  loss=2.1309  train_err=79.18%  val_err=78.00%  lr=1.00e-01  time=47.9s
12:11:17 | INFO | Epoch  48/200  loss=2.1098  train_err=77.66%  val_err=75.04%  lr=1.00e-01  time=47.9s
12:12:05 | INFO | Epoch  49/200  loss=2.0771  train_err=75.79%  val_err=79.14%  lr=1.00e-01  time=48.0s
12:12:53 | INFO | Epoch  50/200  loss=2.1294  train_err=78.80%  val_err=77.86%  lr=1.00e-01  time=47.9s
12:13:41 | INFO | Epoch  51/200  loss=2.1030  train_err=78.53%  val_err=77.74%  lr=1.00e-01  time=47.9s
12:14:30 | INFO | Epoch  52/200  loss=2.1086  train_err=79.08%  val_err=85.66%  lr=1.00e-01  time=47.9s
12:15:18 | INFO | Epoch  53/200  loss=2.2345  train_err=84.82%  val_err=85.36%  lr=1.00e-01  time=47.9s
12:16:06 | INFO | Epoch  54/200  loss=2.2183  train_err=84.05%  val_err=84.50%  lr=1.00e-01  time=47.9s
12:16:54 | INFO | Epoch  55/200  loss=2.0721  train_err=77.45%  val_err=73.64%  lr=1.00e-01  time=47.9s
12:17:42 | INFO | Epoch  56/200  loss=1.9831  train_err=73.41%  val_err=74.00%  lr=1.00e-01  time=47.9s
12:18:30 | INFO | Epoch  57/200  loss=2.0531  train_err=75.70%  val_err=77.16%  lr=1.00e-01  time=47.9s
12:19:18 | INFO | Epoch  58/200  loss=2.0975  train_err=76.83%  val_err=75.08%  lr=1.00e-01  time=47.9s
12:20:06 | INFO | Epoch  59/200  loss=2.0135  train_err=73.87%  val_err=73.02%  lr=1.00e-01  time=47.9s
12:20:54 | INFO | Epoch  60/200  loss=1.9697  train_err=72.61%  val_err=72.52%  lr=1.00e-01  time=47.9s
12:21:42 | INFO | Epoch  61/200  loss=1.9482  train_err=71.98%  val_err=88.30%  lr=1.00e-01  time=47.9s
12:22:30 | INFO | Epoch  62/200  loss=2.0976  train_err=78.53%  val_err=74.54%  lr=1.00e-01  time=47.9s
12:23:18 | INFO | Epoch  63/200  loss=1.9641  train_err=73.38%  val_err=72.02%  lr=1.00e-01  time=47.9s
12:24:06 | INFO | Epoch  64/200  loss=1.9910  train_err=74.16%  val_err=83.60%  lr=1.00e-01  time=47.9s
12:24:54 | INFO | Epoch  65/200  loss=2.1653  train_err=81.57%  val_err=79.80%  lr=1.00e-01  time=47.9s
12:25:42 | INFO | Epoch  66/200  loss=2.1286  train_err=79.52%  val_err=80.82%  lr=1.00e-01  time=47.9s
12:26:31 | INFO | Epoch  67/200  loss=2.0599  train_err=77.38%  val_err=81.86%  lr=1.00e-01  time=47.9s
12:27:19 | INFO | Epoch  68/200  loss=2.0241  train_err=76.19%  val_err=77.46%  lr=1.00e-01  time=47.9s
12:28:07 | INFO | Epoch  69/200  loss=2.0308  train_err=76.36%  val_err=87.18%  lr=1.00e-01  time=47.9s
12:28:55 | INFO | Epoch  70/200  loss=2.0502  train_err=76.37%  val_err=86.66%  lr=1.00e-01  time=47.9s
12:29:43 | INFO | Epoch  71/200  loss=2.0557  train_err=76.65%  val_err=74.86%  lr=1.00e-01  time=47.9s
12:30:31 | INFO | Epoch  72/200  loss=2.0567  train_err=75.93%  val_err=78.82%  lr=1.00e-01  time=47.9s
12:31:19 | INFO | Epoch  73/200  loss=2.1421  train_err=81.01%  val_err=78.88%  lr=1.00e-01  time=47.9s
12:32:07 | INFO | Epoch  74/200  loss=2.0669  train_err=76.95%  val_err=76.14%  lr=1.00e-01  time=47.9s
12:32:55 | INFO | Epoch  75/200  loss=1.9663  train_err=72.89%  val_err=72.98%  lr=1.00e-01  time=47.9s
12:33:43 | INFO | Epoch  76/200  loss=1.9300  train_err=71.68%  val_err=73.06%  lr=1.00e-01  time=47.9s
12:34:31 | INFO | Epoch  77/200  loss=2.0893  train_err=78.35%  val_err=80.26%  lr=1.00e-01  time=47.9s
12:35:19 | INFO | Epoch  78/200  loss=2.0457  train_err=75.33%  val_err=75.62%  lr=1.00e-01  time=47.9s
12:36:08 | INFO | Epoch  79/200  loss=2.0016  train_err=72.56%  val_err=71.26%  lr=1.00e-01  time=47.9s
12:36:56 | INFO | Epoch  80/200  loss=2.0487  train_err=75.14%  val_err=78.02%  lr=1.00e-01  time=47.9s
12:37:44 | INFO | Epoch  81/200  loss=2.0660  train_err=75.70%  val_err=76.24%  lr=1.00e-01  time=47.9s
12:38:32 | INFO | Epoch  82/200  loss=2.0763  train_err=77.04%  val_err=79.88%  lr=1.00e-01  time=47.9s
12:39:20 | INFO | Epoch  83/200  loss=2.0029  train_err=73.47%  val_err=74.74%  lr=1.00e-01  time=47.9s
12:40:09 | INFO | Epoch  84/200  loss=1.9513  train_err=71.49%  val_err=71.14%  lr=1.00e-01  time=47.9s
12:40:57 | INFO | Epoch  85/200  loss=1.9283  train_err=71.39%  val_err=71.60%  lr=1.00e-01  time=47.9s
12:41:45 | INFO | Epoch  86/200  loss=1.8975  train_err=69.74%  val_err=70.50%  lr=1.00e-01  time=47.9s
12:42:33 | INFO | Epoch  87/200  loss=1.8864  train_err=69.66%  val_err=71.98%  lr=1.00e-01  time=47.9s
12:43:21 | INFO | Epoch  88/200  loss=1.9861  train_err=73.16%  val_err=77.08%  lr=1.00e-01  time=47.9s
12:44:09 | INFO | Epoch  89/200  loss=1.9978  train_err=73.08%  val_err=72.06%  lr=1.00e-01  time=47.9s
12:44:57 | INFO | Epoch  90/200  loss=1.9366  train_err=70.92%  val_err=73.42%  lr=1.00e-01  time=47.9s
12:45:45 | INFO | Epoch  91/200  loss=1.9700  train_err=72.68%  val_err=73.50%  lr=1.00e-01  time=47.9s
12:46:34 | INFO | Epoch  92/200  loss=1.9879  train_err=73.51%  val_err=72.52%  lr=1.00e-01  time=48.3s
12:47:22 | INFO | Epoch  93/200  loss=1.9510  train_err=71.51%  val_err=72.08%  lr=1.00e-01  time=47.9s
12:48:10 | INFO | Epoch  94/200  loss=1.9149  train_err=70.19%  val_err=71.44%  lr=1.00e-01  time=47.9s
12:48:58 | INFO | Epoch  95/200  loss=1.8925  train_err=69.53%  val_err=71.66%  lr=1.00e-01  time=47.9s
12:49:46 | INFO | Epoch  96/200  loss=1.8927  train_err=70.29%  val_err=74.34%  lr=1.00e-01  time=47.9s
12:50:34 | INFO | Epoch  97/200  loss=1.9854  train_err=73.86%  val_err=82.38%  lr=1.00e-01  time=47.9s
12:51:22 | INFO | Epoch  98/200  loss=2.1105  train_err=79.15%  val_err=74.20%  lr=1.00e-01  time=47.9s
12:52:10 | INFO | Epoch  99/200  loss=1.9688  train_err=73.61%  val_err=72.26%  lr=1.00e-01  time=47.9s
12:52:58 | INFO | Epoch 100/200  loss=1.8855  train_err=69.99%  val_err=70.24%  lr=1.00e-02  time=47.9s
12:53:47 | INFO | Epoch 101/200  loss=1.8511  train_err=67.95%  val_err=67.58%  lr=1.00e-02  time=47.9s
12:54:35 | INFO | Epoch 102/200  loss=1.8372  train_err=67.67%  val_err=67.14%  lr=1.00e-02  time=47.9s
12:55:23 | INFO | Epoch 103/200  loss=1.8497  train_err=67.82%  val_err=67.04%  lr=1.00e-02  time=47.9s
12:56:12 | INFO | Epoch 104/200  loss=1.8366  train_err=67.35%  val_err=66.74%  lr=1.00e-02  time=47.9s
12:57:00 | INFO | Epoch 105/200  loss=1.8507  train_err=67.86%  val_err=67.50%  lr=1.00e-02  time=47.9s
12:57:48 | INFO | Epoch 106/200  loss=1.8679  train_err=68.42%  val_err=66.62%  lr=1.00e-02  time=47.9s
12:58:36 | INFO | Epoch 107/200  loss=1.8348  train_err=67.68%  val_err=66.00%  lr=1.00e-02  time=47.9s
12:59:24 | INFO | Epoch 108/200  loss=1.8211  train_err=66.89%  val_err=65.76%  lr=1.00e-02  time=47.9s
13:00:12 | INFO | Epoch 109/200  loss=1.8182  train_err=66.59%  val_err=66.66%  lr=1.00e-02  time=47.9s
13:01:01 | INFO | Epoch 110/200  loss=1.8138  train_err=66.17%  val_err=66.90%  lr=1.00e-02  time=47.9s
13:01:49 | INFO | Epoch 111/200  loss=1.8016  train_err=66.12%  val_err=65.04%  lr=1.00e-02  time=47.9s
13:02:37 | INFO | Epoch 112/200  loss=1.7996  train_err=65.93%  val_err=65.34%  lr=1.00e-02  time=47.9s
13:03:25 | INFO | Epoch 113/200  loss=1.7828  train_err=65.04%  val_err=64.92%  lr=1.00e-02  time=47.9s
13:04:14 | INFO | Epoch 114/200  loss=1.7780  train_err=65.24%  val_err=64.56%  lr=1.00e-02  time=47.9s
13:05:02 | INFO | Epoch 115/200  loss=1.7686  train_err=65.12%  val_err=64.46%  lr=1.00e-02  time=47.9s
13:05:50 | INFO | Epoch 116/200  loss=1.7614  train_err=64.59%  val_err=64.22%  lr=1.00e-02  time=47.9s
13:06:38 | INFO | Epoch 117/200  loss=1.7531  train_err=64.19%  val_err=63.84%  lr=1.00e-02  time=47.9s
13:07:27 | INFO | Epoch 118/200  loss=1.7369  train_err=63.48%  val_err=63.60%  lr=1.00e-02  time=47.9s
13:08:15 | INFO | Epoch 119/200  loss=1.7315  train_err=63.40%  val_err=62.76%  lr=1.00e-02  time=48.0s
13:09:03 | INFO | Epoch 120/200  loss=1.7238  train_err=63.18%  val_err=63.10%  lr=1.00e-02  time=48.0s
13:09:51 | INFO | Epoch 121/200  loss=1.7149  train_err=62.87%  val_err=63.36%  lr=1.00e-02  time=48.0s
13:10:40 | INFO | Epoch 122/200  loss=1.7054  train_err=62.37%  val_err=62.02%  lr=1.00e-02  time=48.0s
13:11:28 | INFO | Epoch 123/200  loss=1.6935  train_err=61.97%  val_err=62.10%  lr=1.00e-02  time=48.0s
13:12:16 | INFO | Epoch 124/200  loss=1.6846  train_err=61.91%  val_err=61.50%  lr=1.00e-02  time=48.0s
13:13:05 | INFO | Epoch 125/200  loss=1.6788  train_err=61.26%  val_err=59.92%  lr=1.00e-02  time=48.0s
13:13:53 | INFO | Epoch 126/200  loss=1.6688  train_err=60.90%  val_err=61.52%  lr=1.00e-02  time=47.9s
13:14:41 | INFO | Epoch 127/200  loss=1.6497  train_err=59.98%  val_err=59.12%  lr=1.00e-02  time=47.9s
13:15:29 | INFO | Epoch 128/200  loss=1.6341  train_err=59.53%  val_err=60.88%  lr=1.00e-02  time=48.0s
13:16:18 | INFO | Epoch 129/200  loss=1.6190  train_err=58.98%  val_err=58.92%  lr=1.00e-02  time=48.0s
13:17:06 | INFO | Epoch 130/200  loss=1.5983  train_err=57.88%  val_err=58.80%  lr=1.00e-02  time=48.0s
13:17:54 | INFO | Epoch 131/200  loss=1.5710  train_err=57.04%  val_err=57.64%  lr=1.00e-02  time=48.0s
13:18:43 | INFO | Epoch 132/200  loss=1.5406  train_err=55.77%  val_err=55.34%  lr=1.00e-02  time=47.9s
13:19:31 | INFO | Epoch 133/200  loss=1.5113  train_err=54.77%  val_err=57.94%  lr=1.00e-02  time=48.0s
13:20:19 | INFO | Epoch 134/200  loss=1.4756  train_err=53.22%  val_err=52.94%  lr=1.00e-02  time=48.0s
13:21:07 | INFO | Epoch 135/200  loss=1.4640  train_err=52.74%  val_err=51.78%  lr=1.00e-02  time=48.0s
13:21:56 | INFO | Epoch 136/200  loss=1.4098  train_err=50.79%  val_err=54.92%  lr=1.00e-02  time=48.0s
13:22:44 | INFO | Epoch 137/200  loss=1.3662  train_err=48.88%  val_err=50.22%  lr=1.00e-02  time=48.0s
13:23:32 | INFO | Epoch 138/200  loss=1.3349  train_err=48.06%  val_err=49.84%  lr=1.00e-02  time=48.0s
13:24:20 | INFO | Epoch 139/200  loss=1.2948  train_err=46.45%  val_err=54.84%  lr=1.00e-02  time=48.0s
13:25:09 | INFO | Epoch 140/200  loss=1.2583  train_err=44.67%  val_err=50.16%  lr=1.00e-02  time=48.0s
13:25:57 | INFO | Epoch 141/200  loss=1.2246  train_err=43.58%  val_err=47.66%  lr=1.00e-02  time=47.9s
13:26:45 | INFO | Epoch 142/200  loss=1.1916  train_err=42.23%  val_err=43.64%  lr=1.00e-02  time=48.0s
13:27:33 | INFO | Epoch 143/200  loss=1.1569  train_err=41.05%  val_err=46.42%  lr=1.00e-02  time=48.0s
13:28:22 | INFO | Epoch 144/200  loss=1.1305  train_err=40.07%  val_err=42.74%  lr=1.00e-02  time=47.9s
13:29:10 | INFO | Epoch 145/200  loss=1.0955  train_err=38.60%  val_err=42.74%  lr=1.00e-02  time=48.0s
13:29:58 | INFO | Epoch 146/200  loss=1.0666  train_err=37.69%  val_err=41.32%  lr=1.00e-02  time=48.0s
13:30:46 | INFO | Epoch 147/200  loss=1.0389  train_err=36.51%  val_err=43.80%  lr=1.00e-02  time=48.0s
13:31:35 | INFO | Epoch 148/200  loss=1.0047  train_err=35.39%  val_err=39.04%  lr=1.00e-02  time=48.0s
13:32:23 | INFO | Epoch 149/200  loss=0.9765  train_err=34.39%  val_err=35.42%  lr=1.00e-02  time=48.0s
13:33:11 | INFO | Epoch 150/200  loss=0.9496  train_err=33.30%  val_err=37.38%  lr=1.00e-03  time=48.0s
13:34:00 | INFO | Epoch 151/200  loss=0.8526  train_err=29.63%  val_err=28.06%  lr=1.00e-03  time=48.0s
13:34:48 | INFO | Epoch 152/200  loss=0.8264  train_err=28.58%  val_err=28.24%  lr=1.00e-03  time=48.0s
13:35:36 | INFO | Epoch 153/200  loss=0.8147  train_err=28.46%  val_err=27.66%  lr=1.00e-03  time=48.0s
13:36:24 | INFO | Epoch 154/200  loss=0.8090  train_err=28.30%  val_err=27.38%  lr=1.00e-03  time=48.0s
13:37:13 | INFO | Epoch 155/200  loss=0.8001  train_err=27.80%  val_err=27.14%  lr=1.00e-03  time=48.0s
13:38:01 | INFO | Epoch 156/200  loss=0.7950  train_err=27.62%  val_err=27.42%  lr=1.00e-03  time=48.0s
13:38:49 | INFO | Epoch 157/200  loss=0.7886  train_err=27.50%  val_err=27.38%  lr=1.00e-03  time=48.0s
13:39:37 | INFO | Epoch 158/200  loss=0.7848  train_err=27.39%  val_err=26.86%  lr=1.00e-03  time=47.9s
13:40:25 | INFO | Epoch 159/200  loss=0.7760  train_err=26.91%  val_err=26.90%  lr=1.00e-03  time=48.0s
13:41:14 | INFO | Epoch 160/200  loss=0.7713  train_err=26.76%  val_err=26.72%  lr=1.00e-03  time=48.0s
13:42:02 | INFO | Epoch 161/200  loss=0.7668  train_err=26.68%  val_err=26.62%  lr=1.00e-03  time=47.9s
13:42:50 | INFO | Epoch 162/200  loss=0.7609  train_err=26.27%  val_err=25.86%  lr=1.00e-03  time=48.0s
13:43:39 | INFO | Epoch 163/200  loss=0.7584  train_err=26.44%  val_err=26.12%  lr=1.00e-03  time=48.0s
13:44:27 | INFO | Epoch 164/200  loss=0.7501  train_err=26.09%  val_err=26.46%  lr=1.00e-03  time=48.0s
13:45:15 | INFO | Epoch 165/200  loss=0.7455  train_err=26.02%  val_err=26.48%  lr=1.00e-03  time=48.0s
13:46:03 | INFO | Epoch 166/200  loss=0.7430  train_err=25.71%  val_err=25.80%  lr=1.00e-03  time=48.0s
13:46:52 | INFO | Epoch 167/200  loss=0.7333  train_err=25.34%  val_err=26.04%  lr=1.00e-03  time=48.0s
13:47:40 | INFO | Epoch 168/200  loss=0.7293  train_err=25.30%  val_err=26.18%  lr=1.00e-03  time=48.0s
13:48:28 | INFO | Epoch 169/200  loss=0.7253  train_err=25.28%  val_err=26.10%  lr=1.00e-03  time=48.0s
13:49:16 | INFO | Epoch 170/200  loss=0.7230  train_err=25.50%  val_err=26.02%  lr=1.00e-03  time=48.0s
13:50:05 | INFO | Epoch 171/200  loss=0.7157  train_err=24.86%  val_err=25.64%  lr=1.00e-03  time=47.9s
13:50:53 | INFO | Epoch 172/200  loss=0.7116  train_err=24.55%  val_err=26.36%  lr=1.00e-03  time=48.0s
13:51:41 | INFO | Epoch 173/200  loss=0.7079  train_err=24.48%  val_err=26.00%  lr=1.00e-03  time=47.9s
13:52:29 | INFO | Epoch 174/200  loss=0.7010  train_err=24.48%  val_err=25.64%  lr=1.00e-03  time=47.9s
13:53:17 | INFO | Epoch 175/200  loss=0.6993  train_err=24.32%  val_err=25.72%  lr=1.00e-03  time=47.9s
13:54:05 | INFO | Epoch 176/200  loss=0.6989  train_err=24.35%  val_err=25.48%  lr=1.00e-03  time=48.0s
13:54:54 | INFO | Epoch 177/200  loss=0.6889  train_err=23.97%  val_err=25.60%  lr=1.00e-03  time=48.0s
13:55:42 | INFO | Epoch 178/200  loss=0.6835  train_err=23.91%  val_err=24.94%  lr=1.00e-03  time=47.9s
13:56:30 | INFO | Epoch 179/200  loss=0.6854  train_err=23.62%  val_err=26.04%  lr=1.00e-03  time=48.0s
13:57:18 | INFO | Epoch 180/200  loss=0.6780  train_err=23.61%  val_err=25.10%  lr=1.00e-03  time=47.9s
13:58:06 | INFO | Epoch 181/200  loss=0.6712  train_err=23.36%  val_err=24.46%  lr=1.00e-03  time=48.0s
13:58:55 | INFO | Epoch 182/200  loss=0.6709  train_err=23.31%  val_err=25.16%  lr=1.00e-03  time=47.9s
13:59:43 | INFO | Epoch 183/200  loss=0.6633  train_err=22.95%  val_err=24.66%  lr=1.00e-03  time=47.9s
14:00:31 | INFO | Epoch 184/200  loss=0.6602  train_err=22.86%  val_err=24.82%  lr=1.00e-03  time=47.9s
14:01:19 | INFO | Epoch 185/200  loss=0.6576  train_err=22.64%  val_err=25.28%  lr=1.00e-03  time=47.9s
14:02:07 | INFO | Epoch 186/200  loss=0.6541  train_err=22.73%  val_err=25.04%  lr=1.00e-03  time=47.9s
14:02:55 | INFO | Epoch 187/200  loss=0.6487  train_err=22.41%  val_err=24.28%  lr=1.00e-03  time=47.9s
14:03:43 | INFO | Epoch 188/200  loss=0.6466  train_err=22.32%  val_err=24.68%  lr=1.00e-03  time=47.9s
14:04:32 | INFO | Epoch 189/200  loss=0.6387  train_err=22.14%  val_err=24.12%  lr=1.00e-03  time=47.9s
14:05:20 | INFO | Epoch 190/200  loss=0.6331  train_err=21.93%  val_err=24.58%  lr=1.00e-03  time=47.9s
14:06:08 | INFO | Epoch 191/200  loss=0.6320  train_err=21.73%  val_err=24.46%  lr=1.00e-03  time=47.9s
14:06:56 | INFO | Epoch 192/200  loss=0.6270  train_err=21.52%  val_err=24.44%  lr=1.00e-03  time=47.9s
14:07:44 | INFO | Epoch 193/200  loss=0.6262  train_err=21.59%  val_err=24.34%  lr=1.00e-03  time=47.9s
14:08:32 | INFO | Epoch 194/200  loss=0.6231  train_err=21.54%  val_err=23.70%  lr=1.00e-03  time=47.9s
14:09:20 | INFO | Epoch 195/200  loss=0.6203  train_err=21.46%  val_err=23.88%  lr=1.00e-03  time=47.9s
14:10:08 | INFO | Epoch 196/200  loss=0.6151  train_err=21.41%  val_err=23.56%  lr=1.00e-03  time=47.9s
14:10:57 | INFO | Epoch 197/200  loss=0.6117  train_err=21.15%  val_err=23.46%  lr=1.00e-03  time=47.9s
14:11:45 | INFO | Epoch 198/200  loss=0.6110  train_err=21.34%  val_err=23.96%  lr=1.00e-03  time=47.9s
14:12:33 | INFO | Epoch 199/200  loss=0.6020  train_err=20.64%  val_err=23.54%  lr=1.00e-03  time=47.9s
14:13:21 | INFO | Epoch 200/200  loss=0.5999  train_err=20.84%  val_err=25.20%  lr=1.00e-03  time=47.9s
14:13:21 | INFO | Training complete. Best val acc@1: 76.54%
14:13:21 | INFO | Artifacts saved to: runs/d50_no_residual
14:13:21 | INFO | To test the model, run: python scripts/test.py --checkpoint runs/d50_no_residual/best.pt --config runs/d50_no_residual/config.json
